Archive member included to satisfy reference by file (symbol)

C:/ST/STM32CubeIDE_1.19.0/STM32CubeIDE/plugins/com.st.stm32cube.ide.mcu.externaltools.gnu-tools-for-stm32.13.3.rel1.win32_1.0.100.202509120712/tools/bin/../lib/gcc/arm-none-eabi/13.3.1/../../../../arm-none-eabi/lib/thumb/v7-m/nofp\libc_nano.a(libc_a-exit.o)
                              C:/ST/STM32CubeIDE_1.19.0/STM32CubeIDE/plugins/com.st.stm32cube.ide.mcu.externaltools.gnu-tools-for-stm32.13.3.rel1.win32_1.0.100.202509120712/tools/bin/../lib/gcc/arm-none-eabi/13.3.1/../../../../arm-none-eabi/lib/thumb/v7-m/nofp/crt0.o (exit)
C:/ST/STM32CubeIDE_1.19.0/STM32CubeIDE/plugins/com.st.stm32cube.ide.mcu.externaltools.gnu-tools-for-stm32.13.3.rel1.win32_1.0.100.202509120712/tools/bin/../lib/gcc/arm-none-eabi/13.3.1/../../../../arm-none-eabi/lib/thumb/v7-m/nofp\libc_nano.a(libc_a-findfp.o)
                              C:/ST/STM32CubeIDE_1.19.0/STM32CubeIDE/plugins/com.st.stm32cube.ide.mcu.externaltools.gnu-tools-for-stm32.13.3.rel1.win32_1.0.100.202509120712/tools/bin/../lib/gcc/arm-none-eabi/13.3.1/../../../../arm-none-eabi/lib/thumb/v7-m/nofp\libc_nano.a(libc_a-exit.o) (__stdio_exit_handler)
C:/ST/STM32CubeIDE_1.19.0/STM32CubeIDE/plugins/com.st.stm32cube.ide.mcu.externaltools.gnu-tools-for-stm32.13.3.rel1.win32_1.0.100.202509120712/tools/bin/../lib/gcc/arm-none-eabi/13.3.1/../../../../arm-none-eabi/lib/thumb/v7-m/nofp\libc_nano.a(libc_a-fwalk.o)
                              C:/ST/STM32CubeIDE_1.19.0/STM32CubeIDE/plugins/com.st.stm32cube.ide.mcu.externaltools.gnu-tools-for-stm32.13.3.rel1.win32_1.0.100.202509120712/tools/bin/../lib/gcc/arm-none-eabi/13.3.1/../../../../arm-none-eabi/lib/thumb/v7-m/nofp\libc_nano.a(libc_a-findfp.o) (_fwalk_sglue)
C:/ST/STM32CubeIDE_1.19.0/STM32CubeIDE/plugins/com.st.stm32cube.ide.mcu.externaltools.gnu-tools-for-stm32.13.3.rel1.win32_1.0.100.202509120712/tools/bin/../lib/gcc/arm-none-eabi/13.3.1/../../../../arm-none-eabi/lib/thumb/v7-m/nofp\libc_nano.a(libc_a-stdio.o)
                              C:/ST/STM32CubeIDE_1.19.0/STM32CubeIDE/plugins/com.st.stm32cube.ide.mcu.externaltools.gnu-tools-for-stm32.13.3.rel1.win32_1.0.100.202509120712/tools/bin/../lib/gcc/arm-none-eabi/13.3.1/../../../../arm-none-eabi/lib/thumb/v7-m/nofp\libc_nano.a(libc_a-findfp.o) (__sread)
C:/ST/STM32CubeIDE_1.19.0/STM32CubeIDE/plugins/com.st.stm32cube.ide.mcu.externaltools.gnu-tools-for-stm32.13.3.rel1.win32_1.0.100.202509120712/tools/bin/../lib/gcc/arm-none-eabi/13.3.1/../../../../arm-none-eabi/lib/thumb/v7-m/nofp\libc_nano.a(libc_a-memset.o)
                              C:/ST/STM32CubeIDE_1.19.0/STM32CubeIDE/plugins/com.st.stm32cube.ide.mcu.externaltools.gnu-tools-for-stm32.13.3.rel1.win32_1.0.100.202509120712/tools/bin/../lib/gcc/arm-none-eabi/13.3.1/../../../../arm-none-eabi/lib/thumb/v7-m/nofp/crt0.o (memset)
C:/ST/STM32CubeIDE_1.19.0/STM32CubeIDE/plugins/com.st.stm32cube.ide.mcu.externaltools.gnu-tools-for-stm32.13.3.rel1.win32_1.0.100.202509120712/tools/bin/../lib/gcc/arm-none-eabi/13.3.1/../../../../arm-none-eabi/lib/thumb/v7-m/nofp\libc_nano.a(libc_a-closer.o)
                              C:/ST/STM32CubeIDE_1.19.0/STM32CubeIDE/plugins/com.st.stm32cube.ide.mcu.externaltools.gnu-tools-for-stm32.13.3.rel1.win32_1.0.100.202509120712/tools/bin/../lib/gcc/arm-none-eabi/13.3.1/../../../../arm-none-eabi/lib/thumb/v7-m/nofp\libc_nano.a(libc_a-stdio.o) (_close_r)
C:/ST/STM32CubeIDE_1.19.0/STM32CubeIDE/plugins/com.st.stm32cube.ide.mcu.externaltools.gnu-tools-for-stm32.13.3.rel1.win32_1.0.100.202509120712/tools/bin/../lib/gcc/arm-none-eabi/13.3.1/../../../../arm-none-eabi/lib/thumb/v7-m/nofp\libc_nano.a(libc_a-reent.o)
                              C:/ST/STM32CubeIDE_1.19.0/STM32CubeIDE/plugins/com.st.stm32cube.ide.mcu.externaltools.gnu-tools-for-stm32.13.3.rel1.win32_1.0.100.202509120712/tools/bin/../lib/gcc/arm-none-eabi/13.3.1/../../../../arm-none-eabi/lib/thumb/v7-m/nofp\libc_nano.a(libc_a-closer.o) (errno)
C:/ST/STM32CubeIDE_1.19.0/STM32CubeIDE/plugins/com.st.stm32cube.ide.mcu.externaltools.gnu-tools-for-stm32.13.3.rel1.win32_1.0.100.202509120712/tools/bin/../lib/gcc/arm-none-eabi/13.3.1/../../../../arm-none-eabi/lib/thumb/v7-m/nofp\libc_nano.a(libc_a-impure.o)
                              C:/ST/STM32CubeIDE_1.19.0/STM32CubeIDE/plugins/com.st.stm32cube.ide.mcu.externaltools.gnu-tools-for-stm32.13.3.rel1.win32_1.0.100.202509120712/tools/bin/../lib/gcc/arm-none-eabi/13.3.1/../../../../arm-none-eabi/lib/thumb/v7-m/nofp\libc_nano.a(libc_a-reent.o) (_impure_ptr)
C:/ST/STM32CubeIDE_1.19.0/STM32CubeIDE/plugins/com.st.stm32cube.ide.mcu.externaltools.gnu-tools-for-stm32.13.3.rel1.win32_1.0.100.202509120712/tools/bin/../lib/gcc/arm-none-eabi/13.3.1/../../../../arm-none-eabi/lib/thumb/v7-m/nofp\libc_nano.a(libc_a-lseekr.o)
[...]
Memory Configuration

Name             Origin             Length             Attributes
RAM              0x20000000         0x00005000         xrw
FLASH            0x08000000         0x00010000         xr
*default*        0x00000000         0xffffffff

Linker script and memory map

LOAD C:/ST/STM32CubeIDE_1.19.0/STM32CubeIDE/plugins/com.st.stm32cube.ide.mcu.externaltools.gnu-tools-for-stm32.13.3.rel1.win32_1.0.100.202509120712/tools/bin/../lib/gcc/arm-none-eabi/13.3.1/thumb/v7-m/nofp/crti.o
LOAD C:/ST/STM32CubeIDE_1.19.0/STM32CubeIDE/plugins/com.st.stm32cube.ide.mcu.externaltools.gnu-tools-for-stm32.13.3.rel1.win32_1.0.100.202509120712/tools/bin/../lib/gcc/arm-none-eabi/13.3.1/thumb/v7-m/nofp/crtbegin.o
LOAD C:/ST/STM32CubeIDE_1.19.0/STM32CubeIDE/plugins/com.st.stm32cube.ide.mcu.externaltools.gnu-tools-for-stm32.13.3.rel1.win32_1.0.100.202509120712/tools/bin/../lib/gcc/arm-none-eabi/13.3.1/../../../../arm-none-eabi/lib/thumb/v7-m/nofp/crt0.o
LOAD ./Core/Src/OLED.o
LOAD ./Core/Src/gpio.o
LOAD ./Core/Src/main.o
LOAD ./Core/Src/stm32f1xx_hal_msp.o
LOAD ./Core/Src/stm32f1xx_it.o
LOAD ./Core/Src/syscalls.o
LOAD ./Core/Src/sysmem.o
LOAD ./Core/Src/system_stm32f1xx.o
LOAD ./Core/Src/tim.o
LOAD ./Core/Startup/startup_stm32f103c8tx.o
LOAD ./Drivers/STM32F1xx_HAL_Driver/Src/stm32f1xx_hal.o
LOAD ./Drivers/STM32F1xx_HAL_Driver/Src/stm32f1xx_hal_cortex.o
LOAD ./Drivers/STM32F1xx_HAL_Driver/Src/stm32f1xx_hal_dma.o
LOAD ./Drivers/STM32F1xx_HAL_Driver/Src/stm32f1xx_hal_exti.o
LOAD ./Drivers/STM32F1xx_HAL_Driver/Src/stm32f1xx_hal_flash.o
LOAD ./Drivers/STM32F1xx_HAL_Driver/Src/stm32f1xx_hal_flash_ex.o
LOAD ./Drivers/STM32F1xx_HAL_Driver/Src/stm32f1xx_hal_gpio.o
LOAD ./Drivers/STM32F1xx_HAL_Driver/Src/stm32f1xx_hal_gpio_ex.o
LOAD ./Drivers/STM32F1xx_HAL_Driver/Src/stm32f1xx_hal_pwr.o
LOAD ./Drivers/STM32F1xx_HAL_Driver/Src/stm32f1xx_hal_rcc.o
LOAD ./Drivers/STM32F1xx_HAL_Driver/Src/stm32f1xx_hal_rcc_ex.o
LOAD ./Drivers/STM32F1xx_HAL_Driver/Src/stm32f1xx_hal_tim.o
LOAD ./Drivers/STM32F1xx_HAL_Driver/Src/stm32f1xx_hal_tim_ex.o
START GROUP
LOAD C:/ST/STM32CubeIDE_1.19.0/STM32CubeIDE/plugins/com.st.stm32cube.ide.mcu.externaltools.gnu-tools-for-stm32.13.3.rel1.win32_1.0.100.202509120712/tools/bin/../lib/gcc/arm-none-eabi/13.3.1/../../../../arm-none-eabi/lib/thumb/v7-m/nofp\libc_nano.a
LOAD C:/ST/STM32CubeIDE_1.19.0/STM32CubeIDE/plugins/com.st.stm32cube.ide.mcu.externaltools.gnu-tools-for-stm32.13.3.rel1.win32_1.0.100.202509120712/tools/bin/../lib/gcc/arm-none-eabi/13.3.1/../../../../arm-none-eabi/lib/thumb/v7-m/nofp\libm.a
END GROUP
START GROUP
LOAD C:/ST/STM32CubeIDE_1.19.0/STM32CubeIDE/plugins/com.st.stm32cube.ide.mcu.externaltools.gnu-tools-for-stm32.13.3.rel1.win32_1.0.100.202509120712/tools/bin/../lib/gcc/arm-none-eabi/13.3.1/thumb/v7-m/nofp\libgcc.a
LOAD C:/ST/STM32CubeIDE_1.19.0/STM32CubeIDE/plugins/com.st.stm32cube.ide.mcu.externaltools.gnu-tools-for-stm32.13.3.rel1.win32_1.0.100.202509120712/tools/bin/../lib/gcc/arm-none-eabi/13.3.1/../../../../arm-none-eabi/lib/thumb/v7-m/nofp\libc_nano.a
END GROUP
START GROUP
LOAD C:/ST/STM32CubeIDE_1.19.0/STM32CubeIDE/plugins/com.st.stm32cube.ide.mcu.externaltools.gnu-tools-for-stm32.13.3.rel1.win32_1.0.100.202509120712/tools/bin/../lib/gcc/arm-none-eabi/13.3.1/thumb/v7-m/nofp\libgcc.a
LOAD C:/ST/STM32CubeIDE_1.19.0/STM32CubeIDE/plugins/com.st.stm32cube.ide.mcu.externaltools.gnu-tools-for-stm32.13.3.rel1.win32_1.0.100.202509120712/tools/bin/../lib/gcc/arm-none-eabi/13.3.1/../../../../arm-none-eabi/lib/thumb/v7-m/nofp\libc_nano.a
LOAD C:/ST/STM32CubeIDE_1.19.0/STM32CubeIDE/plugins/com.st.stm32cube.ide.mcu.externaltools.gnu-tools-for-stm32.13.3.rel1.win32_1.0.100.202509120712/tools/bin/../lib/gcc/arm-none-eabi/13.3.1/../../../../arm-none-eabi/lib/thumb/v7-m/nofp\libnosys.a
END GROUP
START GROUP
LOAD C:/ST/STM32CubeIDE_1.19.0/STM32CubeIDE/plugins/com.st.stm32cube.ide.mcu.externaltools.gnu-tools-for-stm32.13.3.rel1.win32_1.0.100.202509120712/tools/bin/../lib/gcc/arm-none-eabi/13.3.1/thumb/v7-m/nofp\libgcc.a
LOAD C:/ST/STM32CubeIDE_1.19.0/STM32CubeIDE/plugins/com.st.stm32cube.ide.mcu.externaltools.gnu-tools-for-stm32.13.3.rel1.win32_1.0.100.202509120712/tools/bin/../lib/gcc/arm-none-eabi/13.3.1/../../../../arm-none-eabi/lib/thumb/v7-m/nofp\libc_nano.a
LOAD C:/ST/STM32CubeIDE_1.19.0/STM32CubeIDE/plugins/com.st.stm32cube.ide.mcu.externaltools.gnu-tools-for-stm32.13.3.rel1.win32_1.0.100.202509120712/tools/bin/../lib/gcc/arm-none-eabi/13.3.1/../../../../arm-none-eabi/lib/thumb/v7-m/nofp\libnosys.a
END GROUP
LOAD C:/ST/STM32CubeIDE_1.19.0/STM32CubeIDE/plugins/com.st.stm32cube.ide.mcu.externaltools.gnu-tools-for-stm32.13.3.rel1.win32_1.0.100.202509120712/tools/bin/../lib/gcc/arm-none-eabi/13.3.1/thumb/v7-m/nofp/crtend.o
LOAD C:/ST/STM32CubeIDE_1.19.0/STM32CubeIDE/plugins/com.st.stm32cube.ide.mcu.externaltools.gnu-tools-for-stm32.13.3.rel1.win32_1.0.100.202509120712/tools/bin/../lib/gcc/arm-none-eabi/13.3.1/thumb/v7-m/nofp/crtn.o
                0x20005000                        _estack = (ORIGIN (RAM) + LENGTH (RAM))
                0x00000200                        _Min_Heap_Size = 0x200
                0x00000400                        _Min_Stack_Size = 0x400

.isr_vector     0x08000000      0x10c
                0x08000000                        . = ALIGN (0x4)
 *(.isr_vector)
 .isr_vector    0x08000000      0x10c ./Core/Startup/startup_stm32f103c8tx.o
                0x08000000                g_pfnVectors
                0x0800010c                        . = ALIGN (0x4)

.text           0x0800010c     0x3198
                0x0800010c                        . = ALIGN (0x4)
 *(.text)
 .text          0x0800010c       0x40 C:/ST/STM32CubeIDE_1.19.0/STM32CubeIDE/plugins/com.st.stm32cube.ide.mcu.externaltools.gnu-tools-for-stm32.13.3.rel1.win32_1.0.100.202509120712/tools/bin/../lib/gcc/arm-none-eabi/13.3.1/thumb/v7-m/nofp/crtbegin.o
 .text          0x0800014c      0x21c C:/ST/STM32CubeIDE_1.19.0/STM32CubeIDE/plugins/com.st.stm32cube.ide.mcu.externaltools.gnu-tools-for-stm32.13.3.rel1.win32_1.0.100.202509120712/tools/bin/../lib/gcc/arm-none-eabi/13.3.1/thumb/v7-m/nofp\libgcc.a(_arm_addsubsf3.o)
                0x0800014c                __aeabi_frsub
                0x08000154                __subsf3
                0x08000154                __aeabi_fsub
                0x08000158                __aeabi_fadd
                0x08000158                __addsf3
                0x080002b8                __aeabi_ui2f
                0x080002b8                __floatunsisf
                0x080002c0                __aeabi_i2f
                0x080002c0                __floatsisf
                0x080002dc                __aeabi_ul2f
                0x080002dc                __floatundisf
                0x080002ec                __aeabi_l2f
                0x080002ec                __floatdisf
 .text          0x08000368      0x2a0 C:/ST/STM32CubeIDE_1.19.0/STM32CubeIDE/plugins/com.st.stm32cube.ide.mcu.externaltools.gnu-tools-for-stm32.13.3.rel1.win32_1.0.100.202509120712/tools/bin/../lib/gcc/arm-none-eabi/13.3.1/thumb/v7-m/nofp\libgcc.a(_arm_muldivsf3.o)
                0x08000368                __mulsf3
                0x08000368                __aeabi_fmul
                0x080004d0                __aeabi_fdiv
                0x080004d0                __divsf3
 .text          0x08000608       0x40 C:/ST/STM32CubeIDE_1.19.0/STM32CubeIDE/plugins/com.st.stm32cube.ide.mcu.externaltools.gnu-tools-for-stm32.13.3.rel1.win32_1.0.100.202509120712/tools/bin/../lib/gcc/arm-none-eabi/13.3.1/thumb/v7-m/nofp\libgcc.a(_arm_fixunssfsi.o)
                0x08000608                __fixunssfsi
                0x08000608                __aeabi_f2uiz
 *(.text*)
 .text.OLED_I2C_Init
                0x08000648       0x28 ./Core/Src/OLED.o
                0x08000648                OLED_I2C_Init
 .text.OLED_I2C_Start
                0x08000670       0x3c ./Core/Src/OLED.o
                0x08000670                OLED_I2C_Start
 .text.OLED_I2C_Stop
                0x080006ac       0x30 ./Core/Src/OLED.o
                0x080006ac                OLED_I2C_Stop
 .text.OLED_I2C_SendByte
                0x080006dc       0x7c ./Core/Src/OLED.o
                0x080006dc                OLED_I2C_SendByte
 .text.OLED_WriteCommand
                0x08000758       0x2e ./Core/Src/OLED.o
                0x08000758                OLED_WriteCommand
 .text.OLED_WriteData
                0x08000786       0x2e ./Core/Src/OLED.o
                0x08000786                OLED_WriteData
 .text.OLED_SetCursor
                0x080007b4       0x46 ./Core/Src/OLED.o
                0x080007b4                OLED_SetCursor
 .text.OLED_Clear
                0x080007fa       0x46 ./Core/Src/OLED.o
                0x080007fa                OLED_Clear
 .text.OLED_ShowChar
                0x08000840       0xb0 ./Core/Src/OLED.o
                0x08000840                OLED_ShowChar
 .text.OLED_ShowString
                0x080008f0       0x4a ./Core/Src/OLED.o
                0x080008f0                OLED_ShowString
 .text.OLED_Pow
                0x0800093a       0x30 ./Core/Src/OLED.o
                0x0800093a                OLED_Pow
 *fill*         0x0800096a        0x2 
 .text.OLED_ShowNum
                0x0800096c       0x7c ./Core/Src/OLED.o
                0x0800096c                OLED_ShowNum
 .text.OLED_Init
                0x080009e8       0xc8 ./Core/Src/OLED.o
                0x080009e8                OLED_Init
 .text.MX_GPIO_Init
                0x08000ab0       0x98 ./Core/Src/gpio.o
                0x08000ab0                MX_GPIO_Init
 .text.Get_Freq
                0x08000b48       0x40 ./Core/Src/main.o
                0x08000b48                Get_Freq
 .text.main     0x08000b88       0x60 ./Core/Src/main.o
                0x08000b88                main
 .text.SystemClock_Config
                0x08000be8       0x8a ./Core/Src/main.o
                0x08000be8                SystemClock_Config
 .text.Error_Handler
                0x08000c72        0xc ./Core/Src/main.o
                0x08000c72                Error_Handler
 *fill*         0x08000c7e        0x2 
 .text.HAL_MspInit
                0x08000c80       0x64 ./Core/Src/stm32f1xx_hal_msp.o
                0x08000c80                HAL_MspInit
 .text.NMI_Handler
                0x08000ce4        0x8 ./Core/Src/stm32f1xx_it.o
                0x08000ce4                NMI_Handler
 .text.HardFault_Handler
                0x08000cec        0x8 ./Core/Src/stm32f1xx_it.o
                0x08000cec                HardFault_Handler
 .text.MemManage_Handler
                0x08000cf4        0x8 ./Core/Src/stm32f1xx_it.o
                0x08000cf4                MemManage_Handler
 .text.BusFault_Handler
                0x08000cfc        0x8 ./Core/Src/stm32f1xx_it.o
                0x08000cfc                BusFault_Handler
 .text.UsageFault_Handler
                0x08000d04        0x8 ./Core/Src/stm32f1xx_it.o
                0x08000d04                UsageFault_Handler
 .text.SVC_Handler
                0x08000d0c        0xc ./Core/Src/stm32f1xx_it.o
                0x08000d0c                SVC_Handler
 .text.DebugMon_Handler
                0x08000d18        0xc ./Core/Src/stm32f1xx_it.o
                0x08000d18                DebugMon_Handler
 .text.PendSV_Handler
                0x08000d24        0xc ./Core/Src/stm32f1xx_it.o
                0x08000d24                PendSV_Handler
 .text.SysTick_Handler
                0x08000d30        0xc ./Core/Src/stm32f1xx_it.o
                0x08000d30                SysTick_Handler
 .text.SystemInit
                0x08000d3c       0x68 ./Core/Src/system_stm32f1xx.o
                0x08000d3c                SystemInit
 .text.MX_TIM2_Init
                0x08000da4       0xec ./Core/Src/tim.o
                0x08000da4                MX_TIM2_Init
 .text.MX_TIM3_Init
                0x08000e90      0x118 ./Core/Src/tim.o
                0x08000e90                MX_TIM3_Init
 .text.HAL_TIM_Base_MspInit
                0x08000fa8       0xa0 ./Core/Src/tim.o
                0x08000fa8                HAL_TIM_Base_MspInit
 .text.HAL_TIM_MspPostInit
                0x08001048       0x60 ./Core/Src/tim.o
                0x08001048                HAL_TIM_MspPostInit
 .text.Reset_Handler
                0x080010a8       0x48 ./Core/Startup/startup_stm32f103c8tx.o
                0x080010a8                Reset_Handler
 .text.Default_Handler
                0x080010f0        0x2 ./Core/Startup/startup_stm32f103c8tx.o
                0x080010f0                RTC_Alarm_IRQHandler
                0x080010f0                EXTI2_IRQHandler
                0x080010f0                TIM1_CC_IRQHandler
                0x080010f0                PVD_IRQHandler
                0x080010f0                EXTI3_IRQHandler
                0x080010f0                EXTI0_IRQHandler
                0x080010f0                I2C2_EV_IRQHandler
                0x080010f0                ADC1_2_IRQHandler
                0x080010f0                SPI1_IRQHandler
                0x080010f0                TAMPER_IRQHandler
                0x080010f0                DMA1_Channel4_IRQHandler
                0x080010f0                USART3_IRQHandler
                0x080010f0                RTC_IRQHandler
                0x080010f0                DMA1_Channel7_IRQHandler
                0x080010f0                CAN1_RX1_IRQHandler
                0x080010f0                TIM4_IRQHandler
                0x080010f0                I2C1_EV_IRQHandler
                0x080010f0                DMA1_Channel6_IRQHandler
                0x080010f0                TIM3_IRQHandler
                0x080010f0                RCC_IRQHandler
                0x080010f0                TIM1_TRG_COM_IRQHandler
                0x080010f0                DMA1_Channel1_IRQHandler
                0x080010f0                Default_Handler
                0x080010f0                EXTI15_10_IRQHandler
                0x080010f0                EXTI9_5_IRQHandler
                0x080010f0                SPI2_IRQHandler
                0x080010f0                DMA1_Channel5_IRQHandler
                0x080010f0                EXTI4_IRQHandler
                0x080010f0                USB_LP_CAN1_RX0_IRQHandler
                0x080010f0                USB_HP_CAN1_TX_IRQHandler
                0x080010f0                DMA1_Channel3_IRQHandler
                0x080010f0                TIM1_UP_IRQHandler
                0x080010f0                WWDG_IRQHandler
                0x080010f0                TIM2_IRQHandler
                0x080010f0                TIM1_BRK_IRQHandler
                0x080010f0                EXTI1_IRQHandler
                0x080010f0                USART2_IRQHandler
                0x080010f0                I2C2_ER_IRQHandler
                0x080010f0                DMA1_Channel2_IRQHandler
                0x080010f0                CAN1_SCE_IRQHandler
                0x080010f0                FLASH_IRQHandler
                0x080010f0                USART1_IRQHandler
                0x080010f0                I2C1_ER_IRQHandler
                0x080010f0                USBWakeUp_IRQHandler
 *fill*         0x080010f2        0x2 
 .text.HAL_Init
                0x080010f4       0x2c ./Drivers/STM32F1xx_HAL_Driver/Src/stm32f1xx_hal.o
                0x080010f4                HAL_Init
 .text.HAL_InitTick
                0x08001120       0x60 ./Drivers/STM32F1xx_HAL_Driver/Src/stm32f1xx_hal.o
                0x08001120                HAL_InitTick
 .text.HAL_IncTick
                0x08001180       0x24 ./Drivers/STM32F1xx_HAL_Driver/Src/stm32f1xx_hal.o
                0x08001180                HAL_IncTick
 .text.HAL_GetTick
                0x080011a4       0x14 ./Drivers/STM32F1xx_HAL_Driver/Src/stm32f1xx_hal.o
                0x080011a4                HAL_GetTick
 .text.HAL_Delay
                0x080011b8       0x48 ./Drivers/STM32F1xx_HAL_Driver/Src/stm32f1xx_hal.o
                0x080011b8                HAL_Delay
 .text.__NVIC_SetPriorityGrouping
                0x08001200       0x48 ./Drivers/STM32F1xx_HAL_Driver/Src/stm32f1xx_hal_cortex.o
 .text.__NVIC_GetPriorityGrouping
                0x08001248       0x1c ./Drivers/STM32F1xx_HAL_Driver/Src/stm32f1xx_hal_cortex.o
 .text.__NVIC_SetPriority
                0x08001264       0x54 ./Drivers/STM32F1xx_HAL_Driver/Src/stm32f1xx_hal_cortex.o
 .text.NVIC_EncodePriority
                0x080012b8       0x64 ./Drivers/STM32F1xx_HAL_Driver/Src/stm32f1xx_hal_cortex.o
 .text.SysTick_Config
                0x0800131c       0x44 ./Drivers/STM32F1xx_HAL_Driver/Src/stm32f1xx_hal_cortex.o
 .text.HAL_NVIC_SetPriorityGrouping
                0x08001360       0x16 ./Drivers/STM32F1xx_HAL_Driver/Src/stm32f1xx_hal_cortex.o
                0x08001360                HAL_NVIC_SetPriorityGrouping
 .text.HAL_NVIC_SetPriority
                0x08001376       0x38 ./Drivers/STM32F1xx_HAL_Driver/Src/stm32f1xx_hal_cortex.o
                0x08001376                HAL_NVIC_SetPriority
 .text.HAL_SYSTICK_Config
                0x080013ae       0x18 ./Drivers/STM32F1xx_HAL_Driver/Src/stm32f1xx_hal_cortex.o
                0x080013ae                HAL_SYSTICK_Config
 *fill*         0x080013c6        0x2 
 .text.HAL_GPIO_Init
                0x080013c8      0x308 ./Drivers/STM32F1xx_HAL_Driver/Src/stm32f1xx_hal_gpio.o
                0x080013c8                HAL_GPIO_Init
 .text.HAL_GPIO_WritePin
                0x080016d0       0x30 ./Drivers/STM32F1xx_HAL_Driver/Src/stm32f1xx_hal_gpio.o
                0x080016d0                HAL_GPIO_WritePin
 .text.HAL_RCC_OscConfig
                0x08001700      0x504 ./Drivers/STM32F1xx_HAL_Driver/Src/stm32f1xx_hal_rcc.o
                0x08001700                HAL_RCC_OscConfig
 .text.HAL_RCC_ClockConfig
                0x08001c04      0x1d4 ./Drivers/STM32F1xx_HAL_Driver/Src/stm32f1xx_hal_rcc.o
                0x08001c04                HAL_RCC_ClockConfig
 .text.HAL_RCC_GetSysClockFreq
                0x08001dd8       0xa8 ./Drivers/STM32F1xx_HAL_Driver/Src/stm32f1xx_hal_rcc.o
                0x08001dd8                HAL_RCC_GetSysClockFreq
 .text.RCC_Delay
                0x08001e80       0x3c ./Drivers/STM32F1xx_HAL_Driver/Src/stm32f1xx_hal_rcc.o
 .text.HAL_TIM_Base_Init
                0x08001ebc       0x9e ./Drivers/STM32F1xx_HAL_Driver/Src/stm32f1xx_hal_tim.o
                0x08001ebc                HAL_TIM_Base_Init
 .text.HAL_TIM_PWM_Init
                0x08001f5a       0x9e ./Drivers/STM32F1xx_HAL_Driver/Src/stm32f1xx_hal_tim.o
                0x08001f5a                HAL_TIM_PWM_Init
 .text.HAL_TIM_PWM_MspInit
                0x08001ff8       0x12 ./Drivers/STM32F1xx_HAL_Driver/Src/stm32f1xx_hal_tim.o
                0x08001ff8                HAL_TIM_PWM_MspInit
 *fill*         0x0800200a        0x2 
 .text.HAL_TIM_PWM_Start
                0x0800200c      0x144 ./Drivers/STM32F1xx_HAL_Driver/Src/stm32f1xx_hal_tim.o
                0x0800200c                HAL_TIM_PWM_Start
 .text.HAL_TIM_IC_Init
                0x08002150       0x9e ./Drivers/STM32F1xx_HAL_Driver/Src/stm32f1xx_hal_tim.o
                0x08002150                HAL_TIM_IC_Init
 .text.HAL_TIM_IC_MspInit
                0x080021ee       0x12 ./Drivers/STM32F1xx_HAL_Driver/Src/stm32f1xx_hal_tim.o
                0x080021ee                HAL_TIM_IC_MspInit
 .text.HAL_TIM_IC_Start
                0x08002200      0x180 ./Drivers/STM32F1xx_HAL_Driver/Src/stm32f1xx_hal_tim.o
                0x08002200                HAL_TIM_IC_Start
 .text.HAL_TIM_IC_ConfigChannel
                0x08002380      0x138 ./Drivers/STM32F1xx_HAL_Driver/Src/stm32f1xx_hal_tim.o
                0x08002380                HAL_TIM_IC_ConfigChannel
 .text.HAL_TIM_PWM_ConfigChannel
                0x080024b8      0x184 ./Drivers/STM32F1xx_HAL_Driver/Src/stm32f1xx_hal_tim.o
                0x080024b8                HAL_TIM_PWM_ConfigChannel
 .text.HAL_TIM_ConfigClockSource
                0x0800263c      0x18e ./Drivers/STM32F1xx_HAL_Driver/Src/stm32f1xx_hal_tim.o
                0x0800263c                HAL_TIM_ConfigClockSource
 .text.HAL_TIM_SlaveConfigSynchro
                0x080027ca       0x84 ./Drivers/STM32F1xx_HAL_Driver/Src/stm32f1xx_hal_tim.o
                0x080027ca                HAL_TIM_SlaveConfigSynchro
 *fill*         0x0800284e        0x2 
 .text.HAL_TIM_ReadCapturedValue
                0x08002850       0x88 ./Drivers/STM32F1xx_HAL_Driver/Src/stm32f1xx_hal_tim.o
                0x08002850                HAL_TIM_ReadCapturedValue
 .text.TIM_Base_SetConfig
                0x080028d8       0xdc ./Drivers/STM32F1xx_HAL_Driver/Src/stm32f1xx_hal_tim.o
                0x080028d8                TIM_Base_SetConfig
 .text.TIM_OC1_SetConfig
                0x080029b4       0xcc ./Drivers/STM32F1xx_HAL_Driver/Src/stm32f1xx_hal_tim.o
 .text.TIM_OC2_SetConfig
                0x08002a80       0xd4 ./Drivers/STM32F1xx_HAL_Driver/Src/stm32f1xx_hal_tim.o
                0x08002a80                TIM_OC2_SetConfig
 .text.TIM_OC3_SetConfig
                0x08002b54       0xd4 ./Drivers/STM32F1xx_HAL_Driver/Src/stm32f1xx_hal_tim.o
 .text.TIM_OC4_SetConfig
                0x08002c28       0x9c ./Drivers/STM32F1xx_HAL_Driver/Src/stm32f1xx_hal_tim.o
 .text.TIM_SlaveTimer_SetConfig
                0x08002cc4      0x122 ./Drivers/STM32F1xx_HAL_Driver/Src/stm32f1xx_hal_tim.o
 *fill*         0x08002de6        0x2 
 .text.TIM_TI1_SetConfig
                0x08002de8       0xb4 ./Drivers/STM32F1xx_HAL_Driver/Src/stm32f1xx_hal_tim.o
                0x08002de8                TIM_TI1_SetConfig
 .text.TIM_TI1_ConfigInputStage
                0x08002e9c       0x5c ./Drivers/STM32F1xx_HAL_Driver/Src/stm32f1xx_hal_tim.o
 .text.TIM_TI2_SetConfig
                0x08002ef8       0x78 ./Drivers/STM32F1xx_HAL_Driver/Src/stm32f1xx_hal_tim.o
 .text.TIM_TI2_ConfigInputStage
                0x08002f70       0x5e ./Drivers/STM32F1xx_HAL_Driver/Src/stm32f1xx_hal_tim.o
 .text.TIM_TI3_SetConfig
                0x08002fce       0x76 ./Drivers/STM32F1xx_HAL_Driver/Src/stm32f1xx_hal_tim.o
 .text.TIM_TI4_SetConfig
                0x08003044       0x78 ./Drivers/STM32F1xx_HAL_Driver/Src/stm32f1xx_hal_tim.o
 .text.TIM_ITRx_SetConfig
                0x080030bc       0x34 ./Drivers/STM32F1xx_HAL_Driver/Src/stm32f1xx_hal_tim.o
 .text.TIM_ETR_SetConfig
                0x080030f0       0x3e ./Drivers/STM32F1xx_HAL_Driver/Src/stm32f1xx_hal_tim.o
                0x080030f0                TIM_ETR_SetConfig
 .text.TIM_CCxChannelCmd
                0x0800312e       0x48 ./Drivers/STM32F1xx_HAL_Driver/Src/stm32f1xx_hal_tim.o
                0x0800312e                TIM_CCxChannelCmd
 *fill*         0x08003176        0x2 
 .text.HAL_TIMEx_MasterConfigSynchronization
                0x08003178       0xbc ./Drivers/STM32F1xx_HAL_Driver/Src/stm32f1xx_hal_tim_ex.o
                0x08003178                HAL_TIMEx_MasterConfigSynchronization
 .text.memset   0x08003234       0x10 C:/ST/STM32CubeIDE_1.19.0/STM32CubeIDE/plugins/com.st.stm32cube.ide.mcu.externaltools.gnu-tools-for-stm32.13.3.rel1.win32_1.0.100.202509120712/tools/bin/../lib/gcc/arm-none-eabi/13.3.1/../../../../arm-none-eabi/lib/thumb/v7-m/nofp\libc_nano.a(libc_a-memset.o)
                0x08003234                memset
 .text.__libc_init_array
                0x08003244       0x48 C:/ST/STM32CubeIDE_1.19.0/STM32CubeIDE/plugins/com.st.stm32cube.ide.mcu.externaltools.gnu-tools-for-stm32.13.3.rel1.win32_1.0.100.202509120712/tools/bin/../lib/gcc/arm-none-eabi/13.3.1/../../../../arm-none-eabi/lib/thumb/v7-m/nofp\libc_nano.a(libc_a-init.o)
                0x08003244                __libc_init_array
 *(.glue_7)
 .glue_7        0x0800328c        0x0 linker stubs
 *(.glue_7t)
 .glue_7t       0x0800328c        0x0 linker stubs
 *(.eh_frame)
 .eh_frame      0x0800328c        0x0 C:/ST/STM32CubeIDE_1.19.0/STM32CubeIDE/plugins/com.st.stm32cube.ide.mcu.externaltools.gnu-tools-for-stm32.13.3.rel1.win32_1.0.100.202509120712/tools/bin/../lib/gcc/arm-none-eabi/13.3.1/thumb/v7-m/nofp/crtbegin.o
 *(.init)
 .init          0x0800328c        0x4 C:/ST/STM32CubeIDE_1.19.0/STM32CubeIDE/plugins/com.st.stm32cube.ide.mcu.externaltools.gnu-tools-for-stm32.13.3.rel1.win32_1.0.100.202509120712/tools/bin/../lib/gcc/arm-none-eabi/13.3.1/thumb/v7-m/nofp/crti.o
                0x0800328c                _init
 .init          0x08003290        0x8 C:/ST/STM32CubeIDE_1.19.0/STM32CubeIDE/plugins/com.st.stm32cube.ide.mcu.externaltools.gnu-tools-for-stm32.13.3.rel1.win32_1.0.100.202509120712/tools/bin/../lib/gcc/arm-none-eabi/13.3.1/thumb/v7-m/nofp/crtn.o
 *(.fini)
 .fini          0x08003298        0x4 C:/ST/STM32CubeIDE_1.19.0/STM32CubeIDE/plugins/com.st.stm32cube.ide.mcu.externaltools.gnu-tools-for-stm32.13.3.rel1.win32_1.0.100.202509120712/tools/bin/../lib/gcc/arm-none-eabi/13.3.1/thumb/v7-m/nofp/crti.o
                0x08003298                _fini
 .fini          0x0800329c        0x8 C:/ST/STM32CubeIDE_1.19.0/STM32CubeIDE/plugins/com.st.stm32cube.ide.mcu.externaltools.gnu-tools-for-stm32.13.3.rel1.win32_1.0.100.202509120712/tools/bin/../lib/gcc/arm-none-eabi/13.3.1/thumb/v7-m/nofp/crtn.o
                0x080032a4                        . = ALIGN (0x4)
                0x080032a4                        _etext = .

.vfp11_veneer   0x080032a4        0x0
 .vfp11_veneer  0x080032a4        0x0 linker stubs

.v4_bx          0x080032a4        0x0
 .v4_bx         0x080032a4        0x0 linker stubs

.iplt           0x080032a4        0x0
 .iplt          0x080032a4        0x0 C:/ST/STM32CubeIDE_1.19.0/STM32CubeIDE/plugins/com.st.stm32cube.ide.mcu.externaltools.gnu-tools-for-stm32.13.3.rel1.win32_1.0.100.202509120712/tools/bin/../lib/gcc/arm-none-eabi/13.3.1/thumb/v7-m/nofp/crtbegin.o

.rodata         0x080032a4      0x61c
                0x080032a4                        . = ALIGN (0x4)
 *(.rodata)
 .rodata        0x080032a4        0x6 ./Core/Src/main.o
 *(.rodata*)
 *fill*         0x080032aa        0x2 
 .rodata.OLED_F8x16
                0x080032ac      0x5f0 ./Core/Src/OLED.o
                0x080032ac                OLED_F8x16
 .rodata.AHBPrescTable
                0x0800389c       0x10 ./Core/Src/system_stm32f1xx.o
                0x0800389c                AHBPrescTable
 .rodata.aPLLMULFactorTable.1
                0x080038ac       0x10 ./Drivers/STM32F1xx_HAL_Driver/Src/stm32f1xx_hal_rcc.o
 .rodata.aPredivFactorTable.0
                0x080038bc        0x2 ./Drivers/STM32F1xx_HAL_Driver/Src/stm32f1xx_hal_rcc.o
                0x080038c0                        . = ALIGN (0x4)
 *fill*         0x080038be        0x2 

.ARM.extab      0x080038c0        0x0
                0x080038c0                        . = ALIGN (0x4)
 *(.ARM.extab* .gnu.linkonce.armextab.*)
                0x080038c0                        . = ALIGN (0x4)

.ARM            0x080038c0        0x0
                0x080038c0                        . = ALIGN (0x4)
                0x080038c0                        __exidx_start = .
 *(.ARM.exidx*)
                0x080038c0                        __exidx_end = .
                0x080038c0                        . = ALIGN (0x4)

.preinit_array  0x080038c0        0x0
                0x080038c0                        . = ALIGN (0x4)
                0x080038c0                        PROVIDE (__preinit_array_start = .)
 *(.preinit_array*)
                0x080038c0                        PROVIDE (__preinit_array_end = .)
                0x080038c0                        . = ALIGN (0x4)

.init_array     0x080038c0        0x4
                0x080038c0                        . = ALIGN (0x4)
                0x080038c0                        PROVIDE (__init_array_start = .)
 *(SORT_BY_NAME(.init_array.*))
 *(.init_array*)
 .init_array    0x080038c0        0x4 C:/ST/STM32CubeIDE_1.19.0/STM32CubeIDE/plugins/com.st.stm32cube.ide.mcu.externaltools.gnu-tools-for-stm32.13.3.rel1.win32_1.0.100.202509120712/tools/bin/../lib/gcc/arm-none-eabi/13.3.1/thumb/v7-m/nofp/crtbegin.o
                0x080038c4                        PROVIDE (__init_array_end = .)
                0x080038c4                        . = ALIGN (0x4)

.fini_array     0x080038c4        0x4
                0x080038c4                        . = ALIGN (0x4)
                [!provide]                        PROVIDE (__fini_array_start = .)
 *(SORT_BY_NAME(.fini_array.*))
 *(.fini_array*)
 .fini_array    0x080038c4        0x4 C:/ST/STM32CubeIDE_1.19.0/STM32CubeIDE/plugins/com.st.stm32cube.ide.mcu.externaltools.gnu-tools-for-stm32.13.3.rel1.win32_1.0.100.202509120712/tools/bin/../lib/gcc/arm-none-eabi/13.3.1/thumb/v7-m/nofp/crtbegin.o
                [!provide]                        PROVIDE (__fini_array_end = .)
                0x080038c8                        . = ALIGN (0x4)
                0x080038c8                        _sidata = LOADADDR (.data)

.rel.dyn        0x080038c8        0x0
 .rel.iplt      0x080038c8        0x0 C:/ST/STM32CubeIDE_1.19.0/STM32CubeIDE/plugins/com.st.stm32cube.ide.mcu.externaltools.gnu-tools-for-stm32.13.3.rel1.win32_1.0.100.202509120712/tools/bin/../lib/gcc/arm-none-eabi/13.3.1/thumb/v7-m/nofp/crtbegin.o

.data           0x20000000        0xc load address 0x080038c8
                0x20000000                        . = ALIGN (0x4)
                0x20000000                        _sdata = .
 *(.data)
 *(.data*)
 .data.SystemCoreClock
                0x20000000        0x4 ./Core/Src/system_stm32f1xx.o
                0x20000000                SystemCoreClock
 .data.uwTickPrio
                0x20000004        0x4 ./Drivers/STM32F1xx_HAL_Driver/Src/stm32f1xx_hal.o
                0x20000004                uwTickPrio
 .data.uwTickFreq
                0x20000008        0x1 ./Drivers/STM32F1xx_HAL_Driver/Src/stm32f1xx_hal.o
                0x20000008                uwTickFreq
 *(.RamFunc)
 *(.RamFunc*)
                0x2000000c                        . = ALIGN (0x4)
 *fill*         0x20000009        0x3 
                0x2000000c                        _edata = .

.igot.plt       0x2000000c        0x0 load address 0x080038d4
 .igot.plt      0x2000000c        0x0 C:/ST/STM32CubeIDE_1.19.0/STM32CubeIDE/plugins/com.st.stm32cube.ide.mcu.externaltools.gnu-tools-for-stm32.13.3.rel1.win32_1.0.100.202509120712/tools/bin/../lib/gcc/arm-none-eabi/13.3.1/thumb/v7-m/nofp/crtbegin.o
                0x2000000c                        . = ALIGN (0x4)

.bss            0x2000000c       0xb0 load address 0x080038d4
                0x2000000c                        _sbss = .
                0x2000000c                        __bss_start__ = _sbss
 *(.bss)
 .bss           0x2000000c       0x1c C:/ST/STM32CubeIDE_1.19.0/STM32CubeIDE/plugins/com.st.stm32cube.ide.mcu.externaltools.gnu-tools-for-stm32.13.3.rel1.win32_1.0.100.202509120712/tools/bin/../lib/gcc/arm-none-eabi/13.3.1/thumb/v7-m/nofp/crtbegin.o
 *(.bss*)
 .bss.htim2     0x20000028       0x48 ./Core/Src/tim.o
                0x20000028                htim2
 .bss.htim3     0x20000070       0x48 ./Core/Src/tim.o
                0x20000070                htim3
 .bss.uwTick    0x200000b8        0x4 ./Drivers/STM32F1xx_HAL_Driver/Src/stm32f1xx_hal.o
                0x200000b8                uwTick
 *(COMMON)
                0x200000bc                        . = ALIGN (0x4)
                0x200000bc                        _ebss = .
                0x200000bc                        __bss_end__ = _ebss

._user_heap_stack
                0x200000bc      0x604 load address 0x080038d4
                0x200000c0                        . = ALIGN (0x8)
 *fill*         0x200000bc        0x4 
                [!provide]                        PROVIDE (end = .)
                0x200000c0                        PROVIDE (_end = .)
                0x200002c0                        . = (. + _Min_Heap_Size)
 *fill*         0x200000c0      0x200 
                0x200006c0                        . = (. + _Min_Stack_Size)
 *fill*         0x200002c0      0x400 
                0x200006c0                        . = ALIGN (0x8)

/DISCARD/
 libc.a(*)
 libm.a(*)
 libgcc.a(*)

.ARM.attributes
                0x00000000       0x29
 *(.ARM.attributes)
 .ARM.attributes
                0x00000000       0x1d C:/ST/STM32CubeIDE_1.19.0/STM32CubeIDE/plugins/com.st.stm32cube.ide.mcu.externaltools.gnu-tools-for-stm32.13.3.rel1.win32_1.0.100.202509120712/tools/bin/../lib/gcc/arm-none-eabi/13.3.1/thumb/v7-m/nofp/crti.o
 .ARM.attributes
                0x0000001d       0x2d C:/ST/STM32CubeIDE_1.19.0/STM32CubeIDE/plugins/com.st.stm32cube.ide.mcu.externaltools.gnu-tools-for-stm32.13.3.rel1.win32_1.0.100.202509120712/tools/bin/../lib/gcc/arm-none-eabi/13.3.1/thumb/v7-m/nofp/crtbegin.o
 .ARM.attributes
                0x0000004a       0x2d ./Core/Src/OLED.o
 .ARM.attributes
                0x00000077       0x2d ./Core/Src/gpio.o
 .ARM.attributes
                0x000000a4       0x2d ./Core/Src/main.o
 .ARM.attributes
                0x000000d1       0x2d ./Core/Src/stm32f1xx_hal_msp.o
 .ARM.attributes
                0x000000fe       0x2d ./Core/Src/stm32f1xx_it.o
 .ARM.attributes
                0x0000012b       0x2d ./Core/Src/system_stm32f1xx.o
 .ARM.attributes
                0x00000158       0x2d ./Core/Src/tim.o
 .ARM.attributes
                0x00000185       0x21 ./Core/Startup/startup_stm32f103c8tx.o
 .ARM.attributes
                0x000001a6       0x2d ./Drivers/STM32F1xx_HAL_Driver/Src/stm32f1xx_hal.o
 .ARM.attributes
                0x000001d3       0x2d ./Drivers/STM32F1xx_HAL_Driver/Src/stm32f1xx_hal_cortex.o
 .ARM.attributes
                0x00000200       0x2d ./Drivers/STM32F1xx_HAL_Driver/Src/stm32f1xx_hal_gpio.o
 .ARM.attributes
                0x0000022d       0x2d ./Drivers/STM32F1xx_HAL_Driver/Src/stm32f1xx_hal_rcc.o
 .ARM.attributes
                0x0000025a       0x2d ./Drivers/STM32F1xx_HAL_Driver/Src/stm32f1xx_hal_tim.o
 .ARM.attributes
                0x00000287       0x2d ./Drivers/STM32F1xx_HAL_Driver/Src/stm32f1xx_hal_tim_ex.o
 .ARM.attributes
                0x000002b4       0x2d C:/ST/STM32CubeIDE_1.19.0/STM32CubeIDE/plugins/com.st.stm32cube.ide.mcu.externaltools.gnu-tools-for-stm32.13.3.rel1.win32_1.0.100.202509120712/tools/bin/../lib/gcc/arm-none-eabi/13.3.1/../../../../arm-none-eabi/lib/thumb/v7-m/nofp\libc_nano.a(libc_a-memset.o)
 .ARM.attributes
                0x000002e1       0x2d C:/ST/STM32CubeIDE_1.19.0/STM32CubeIDE/plugins/com.st.stm32cube.ide.mcu.externaltools.gnu-tools-for-stm32.13.3.rel1.win32_1.0.100.202509120712/tools/bin/../lib/gcc/arm-none-eabi/13.3.1/../../../../arm-none-eabi/lib/thumb/v7-m/nofp\libc_nano.a(libc_a-init.o)
 .ARM.attributes
                0x0000030e       0x1d C:/ST/STM32CubeIDE_1.19.0/STM32CubeIDE/plugins/com.st.stm32cube.ide.mcu.externaltools.gnu-tools-for-stm32.13.3.rel1.win32_1.0.100.202509120712/tools/bin/../lib/gcc/arm-none-eabi/13.3.1/thumb/v7-m/nofp\libgcc.a(_arm_addsubsf3.o)
 .ARM.attributes
                0x0000032b       0x1d C:/ST/STM32CubeIDE_1.19.0/STM32CubeIDE/plugins/com.st.stm32cube.ide.mcu.externaltools.gnu-tools-for-stm32.13.3.rel1.win32_1.0.100.202509120712/tools/bin/../lib/gcc/arm-none-eabi/13.3.1/thumb/v7-m/nofp\libgcc.a(_arm_muldivsf3.o)
 .ARM.attributes
                0x00000348       0x1d C:/ST/STM32CubeIDE_1.19.0/STM32CubeIDE/plugins/com.st.stm32cube.ide.mcu.externaltools.gnu-tools-for-stm32.13.3.rel1.win32_1.0.100.202509120712/tools/bin/../lib/gcc/arm-none-eabi/13.3.1/thumb/v7-m/nofp\libgcc.a(_arm_fixunssfsi.o)
 .ARM.attributes
                0x00000365       0x1d C:/ST/STM32CubeIDE_1.19.0/STM32CubeIDE/plugins/com.st.stm32cube.ide.mcu.externaltools.gnu-tools-for-stm32.13.3.rel1.win32_1.0.100.202509120712/tools/bin/../lib/gcc/arm-none-eabi/13.3.1/thumb/v7-m/nofp/crtn.o
OUTPUT(TIM_IC_HZ.elf elf32-littlearm)
LOAD linker stubs
LOAD C:/ST/STM32CubeIDE_1.19.0/STM32CubeIDE/plugins/com.st.stm32cube.ide.mcu.externaltools.gnu-tools-for-stm32.13.3.rel1.win32_1.0.100.202509120712/tools/bin/../lib/gcc/arm-none-eabi/13.3.1/../../../../arm-none-eabi/lib/thumb/v7-m/nofp\libc.a
LOAD C:/ST/STM32CubeIDE_1.19.0/STM32CubeIDE/plugins/com.st.stm32cube.ide.mcu.externaltools.gnu-tools-for-stm32.13.3.rel1.win32_1.0.100.202509120712/tools/bin/../lib/gcc/arm-none-eabi/13.3.1/../../../../arm-none-eabi/lib/thumb/v7-m/nofp\libm.a
LOAD C:/ST/STM32CubeIDE_1.19.0/STM32CubeIDE/plugins/com.st.stm32cube.ide.mcu.externaltools.gnu-tools-for-stm32.13.3.rel1.win32_1.0.100.202509120712/tools/bin/../lib/gcc/arm-none-eabi/13.3.1/thumb/v7-m/nofp\libgcc.a

.debug_info     0x00000000     0x80fb
 .debug_info    0x00000000      0x55b ./Core/Src/OLED.o
 .debug_info    0x0000055b      0x2b7 ./Core/Src/gpio.o
 .debug_info    0x00000812      0x8ed ./Core/Src/main.o
 .debug_info    0x000010ff      0x1f1 ./Core/Src/stm32f1xx_hal_msp.o
 .debug_info    0x000012f0      0x113 ./Core/Src/stm32f1xx_it.o
 .debug_info    0x00001403      0x3ed ./Core/Src/system_stm32f1xx.o
 .debug_info    0x000017f0      0xbdc ./Core/Src/tim.o
 .debug_info    0x000023cc       0x30 ./Core/Startup/startup_stm32f103c8tx.o
 .debug_info    0x000023fc      0x704 ./Drivers/STM32F1xx_HAL_Driver/Src/stm32f1xx_hal.o
 .debug_info    0x00002b00      0xa87 ./Drivers/STM32F1xx_HAL_Driver/Src/stm32f1xx_hal_cortex.o
 .debug_info    0x00003587      0x5ab ./Drivers/STM32F1xx_HAL_Driver/Src/stm32f1xx_hal_gpio.o
 .debug_info    0x00003b32      0x7d5 ./Drivers/STM32F1xx_HAL_Driver/Src/stm32f1xx_hal_rcc.o
 .debug_info    0x00004307     0x2959 ./Drivers/STM32F1xx_HAL_Driver/Src/stm32f1xx_hal_tim.o
 .debug_info    0x00006c60     0x149b ./Drivers/STM32F1xx_HAL_Driver/Src/stm32f1xx_hal_tim_ex.o

.debug_abbrev   0x00000000     0x1896
 .debug_abbrev  0x00000000      0x1d3 ./Core/Src/OLED.o
 .debug_abbrev  0x000001d3      0x13f ./Core/Src/gpio.o
 .debug_abbrev  0x00000312      0x240 ./Core/Src/main.o
 .debug_abbrev  0x00000552       0xdb ./Core/Src/stm32f1xx_hal_msp.o
 .debug_abbrev  0x0000062d       0x73 ./Core/Src/stm32f1xx_it.o
 .debug_abbrev  0x000006a0      0x13d ./Core/Src/system_stm32f1xx.o
 .debug_abbrev  0x000007dd      0x226 ./Core/Src/tim.o
 .debug_abbrev  0x00000a03       0x24 ./Core/Startup/startup_stm32f103c8tx.o
 .debug_abbrev  0x00000a27      0x201 ./Drivers/STM32F1xx_HAL_Driver/Src/stm32f1xx_hal.o
 .debug_abbrev  0x00000c28      0x2f8 ./Drivers/STM32F1xx_HAL_Driver/Src/stm32f1xx_hal_cortex.o
 .debug_abbrev  0x00000f20      0x1ca ./Drivers/STM32F1xx_HAL_Driver/Src/stm32f1xx_hal_gpio.o
 .debug_abbrev  0x000010ea      0x2b3 ./Drivers/STM32F1xx_HAL_Driver/Src/stm32f1xx_hal_rcc.o
 .debug_abbrev  0x0000139d      0x277 ./Drivers/STM32F1xx_HAL_Driver/Src/stm32f1xx_hal_tim.o
 .debug_abbrev  0x00001614      0x282 ./Drivers/STM32F1xx_HAL_Driver/Src/stm32f1xx_hal_tim_ex.o

.debug_aranges  0x00000000      0xa00
 .debug_aranges
                0x00000000       0x98 ./Core/Src/OLED.o
 .debug_aranges
                0x00000098       0x20 ./Core/Src/gpio.o
 .debug_aranges
                0x000000b8       0x38 ./Core/Src/main.o
 .debug_aranges
                0x000000f0       0x20 ./Core/Src/stm32f1xx_hal_msp.o
 .debug_aranges
                0x00000110       0x60 ./Core/Src/stm32f1xx_it.o
 .debug_aranges
                0x00000170       0x28 ./Core/Src/system_stm32f1xx.o
 .debug_aranges
                0x00000198       0x40 ./Core/Src/tim.o
 .debug_aranges
                0x000001d8       0x28 ./Core/Startup/startup_stm32f103c8tx.o
 .debug_aranges
                0x00000200       0xe0 ./Drivers/STM32F1xx_HAL_Driver/Src/stm32f1xx_hal.o
 .debug_aranges
                0x000002e0      0x100 ./Drivers/STM32F1xx_HAL_Driver/Src/stm32f1xx_hal_cortex.o
 .debug_aranges
                0x000003e0       0x58 ./Drivers/STM32F1xx_HAL_Driver/Src/stm32f1xx_hal_gpio.o
 .debug_aranges
                0x00000438       0x90 ./Drivers/STM32F1xx_HAL_Driver/Src/stm32f1xx_hal_rcc.o
 .debug_aranges
                0x000004c8      0x3d0 ./Drivers/STM32F1xx_HAL_Driver/Src/stm32f1xx_hal_tim.o
 .debug_aranges
                0x00000898      0x168 ./Drivers/STM32F1xx_HAL_Driver/Src/stm32f1xx_hal_tim_ex.o

.debug_rnglists
                0x00000000      0x7aa
 .debug_rnglists
                0x00000000       0x71 ./Core/Src/OLED.o
 .debug_rnglists
                0x00000071       0x14 ./Core/Src/gpio.o
 .debug_rnglists
                0x00000085       0x26 ./Core/Src/main.o
 .debug_rnglists
                0x000000ab       0x13 ./Core/Src/stm32f1xx_hal_msp.o
 .debug_rnglists
                0x000000be       0x43 ./Core/Src/stm32f1xx_it.o
 .debug_rnglists
                0x00000101       0x1a ./Core/Src/system_stm32f1xx.o
 .debug_rnglists
                0x0000011b       0x2e ./Core/Src/tim.o
 .debug_rnglists
                0x00000149       0x19 ./Core/Startup/startup_stm32f103c8tx.o
 .debug_rnglists
                0x00000162       0xa3 ./Drivers/STM32F1xx_HAL_Driver/Src/stm32f1xx_hal.o
 .debug_rnglists
                0x00000205       0xbb ./Drivers/STM32F1xx_HAL_Driver/Src/stm32f1xx_hal_cortex.o
 .debug_rnglists
                0x000002c0       0x3f ./Drivers/STM32F1xx_HAL_Driver/Src/stm32f1xx_hal_gpio.o
 .debug_rnglists
                0x000002ff       0x6c ./Drivers/STM32F1xx_HAL_Driver/Src/stm32f1xx_hal_rcc.o
 .debug_rnglists
                0x0000036b      0x31a ./Drivers/STM32F1xx_HAL_Driver/Src/stm32f1xx_hal_tim.o
 .debug_rnglists
                0x00000685      0x125 ./Drivers/STM32F1xx_HAL_Driver/Src/stm32f1xx_hal_tim_ex.o

.debug_macro    0x00000000    0x16b45
 .debug_macro   0x00000000      0x1c7 ./Core/Src/OLED.o
 .debug_macro   0x000001c7      0xacc ./Core/Src/OLED.o
 .debug_macro   0x00000c93      0x215 ./Core/Src/OLED.o
 .debug_macro   0x00000ea8       0x2e ./Core/Src/OLED.o
 .debug_macro   0x00000ed6       0x22 ./Core/Src/OLED.o
 .debug_macro   0x00000ef8       0x22 ./Core/Src/OLED.o
 .debug_macro   0x00000f1a       0x8e ./Core/Src/OLED.o
 .debug_macro   0x00000fa8       0x51 ./Core/Src/OLED.o
 .debug_macro   0x00000ff9      0x103 ./Core/Src/OLED.o
 .debug_macro   0x000010fc       0x6a ./Core/Src/OLED.o
 .debug_macro   0x00001166      0x1df ./Core/Src/OLED.o
 .debug_macro   0x00001345       0x1c ./Core/Src/OLED.o
 .debug_macro   0x00001361       0x22 ./Core/Src/OLED.o
 .debug_macro   0x00001383       0xbd ./Core/Src/OLED.o
 .debug_macro   0x00001440      0xd23 ./Core/Src/OLED.o
 .debug_macro   0x00002163     0xe09e ./Core/Src/OLED.o
 .debug_macro   0x00010201       0x43 ./Core/Src/OLED.o
 .debug_macro   0x00010244     0x34a2 ./Core/Src/OLED.o
 .debug_macro   0x000136e6      0x190 ./Core/Src/OLED.o
 .debug_macro   0x00013876       0x5c ./Core/Src/OLED.o
 .debug_macro   0x000138d2      0x5bc ./Core/Src/OLED.o
 .debug_macro   0x00013e8e      0x289 ./Core/Src/OLED.o
 .debug_macro   0x00014117      0x1cb ./Core/Src/OLED.o
 .debug_macro   0x000142e2      0x114 ./Core/Src/OLED.o
 .debug_macro   0x000143f6      0x1b2 ./Core/Src/OLED.o
 .debug_macro   0x000145a8       0x27 ./Core/Src/OLED.o
 .debug_macro   0x000145cf      0x136 ./Core/Src/OLED.o
 .debug_macro   0x00014705      0x1bc ./Core/Src/OLED.o
 .debug_macro   0x000148c1       0x34 ./Core/Src/OLED.o
 .debug_macro   0x000148f5       0x3c ./Core/Src/OLED.o
 .debug_macro   0x00014931       0x57 ./Core/Src/OLED.o
 .debug_macro   0x00014988       0x87 ./Core/Src/OLED.o
 .debug_macro   0x00014a0f      0x240 ./Core/Src/OLED.o
 .debug_macro   0x00014c4f      0x140 ./Core/Src/OLED.o
 .debug_macro   0x00014d8f      0x8ed ./Core/Src/OLED.o
 .debug_macro   0x0001567c       0x83 ./Core/Src/OLED.o
 .debug_macro   0x000156ff      0x1ad ./Core/Src/gpio.o
 .debug_macro   0x000158ac      0x1c5 ./Core/Src/main.o
 .debug_macro   0x00015a71      0x1a3 ./Core/Src/stm32f1xx_hal_msp.o
 .debug_macro   0x00015c14      0x1ad ./Core/Src/stm32f1xx_it.o
 .debug_macro   0x00015dc1      0x19f ./Core/Src/system_stm32f1xx.o
 .debug_macro   0x00015f60      0x1ad ./Core/Src/tim.o
 .debug_macro   0x0001610d      0x1bd ./Drivers/STM32F1xx_HAL_Driver/Src/stm32f1xx_hal.o
 .debug_macro   0x000162ca      0x199 ./Drivers/STM32F1xx_HAL_Driver/Src/stm32f1xx_hal_cortex.o
 .debug_macro   0x00016463      0x204 ./Drivers/STM32F1xx_HAL_Driver/Src/stm32f1xx_hal_gpio.o
 .debug_macro   0x00016667      0x1ab ./Drivers/STM32F1xx_HAL_Driver/Src/stm32f1xx_hal_rcc.o
 .debug_macro   0x00016812      0x19a ./Drivers/STM32F1xx_HAL_Driver/Src/stm32f1xx_hal_tim.o
 .debug_macro   0x000169ac      0x199 ./Drivers/STM32F1xx_HAL_Driver/Src/stm32f1xx_hal_tim_ex.o

.debug_line     0x00000000     0xb255
 .debug_line    0x00000000      0xa4f ./Core/Src/OLED.o
 .debug_line    0x00000a4f      0x6fb ./Core/Src/gpio.o
 .debug_line    0x0000114a      0x7b7 ./Core/Src/main.o
 .debug_line    0x00001901      0x6ed ./Core/Src/stm32f1xx_hal_msp.o
 .debug_line    0x00001fee      0x79b ./Core/Src/stm32f1xx_it.o
 .debug_line    0x00002789      0x799 ./Core/Src/system_stm32f1xx.o
 .debug_line    0x00002f22      0x883 ./Core/Src/tim.o
 .debug_line    0x000037a5       0x76 ./Core/Startup/startup_stm32f103c8tx.o
 .debug_line    0x0000381b      0x99c ./Drivers/STM32F1xx_HAL_Driver/Src/stm32f1xx_hal.o
 .debug_line    0x000041b7      0xb66 ./Drivers/STM32F1xx_HAL_Driver/Src/stm32f1xx_hal_cortex.o
 .debug_line    0x00004d1d      0x9f9 ./Drivers/STM32F1xx_HAL_Driver/Src/stm32f1xx_hal_gpio.o
 .debug_line    0x00005716      0xe55 ./Drivers/STM32F1xx_HAL_Driver/Src/stm32f1xx_hal_rcc.o
 .debug_line    0x0000656b     0x348a ./Drivers/STM32F1xx_HAL_Driver/Src/stm32f1xx_hal_tim.o
 .debug_line    0x000099f5     0x1860 ./Drivers/STM32F1xx_HAL_Driver/Src/stm32f1xx_hal_tim_ex.o

.debug_str      0x00000000    0x84030
 .debug_str     0x00000000    0x84030 ./Core/Src/OLED.o
                              0x818e4 (size before relaxing)
 .debug_str     0x00084030        0x0 ./Core/Src/gpio.o
                              0x81782 (size before relaxing)
 .debug_str     0x00084030        0x0 ./Core/Src/main.o
                              0x81db9 (size before relaxing)
 .debug_str     0x00084030        0x0 ./Core/Src/stm32f1xx_hal_msp.o
                              0x8170a (size before relaxing)
 .debug_str     0x00084030        0x0 ./Core/Src/stm32f1xx_it.o
                              0x8171f (size before relaxing)
 .debug_str     0x00084030        0x0 ./Core/Src/system_stm32f1xx.o
                              0x817af (size before relaxing)
 .debug_str     0x00084030        0x0 ./Core/Src/tim.o
                              0x81f3d (size before relaxing)
 .debug_str     0x00084030        0x0 ./Core/Startup/startup_stm32f103c8tx.o
                                 0x5f (size before relaxing)
 .debug_str     0x00084030        0x0 ./Drivers/STM32F1xx_HAL_Driver/Src/stm32f1xx_hal.o
                              0x81e68 (size before relaxing)
 .debug_str     0x00084030        0x0 ./Drivers/STM32F1xx_HAL_Driver/Src/stm32f1xx_hal_cortex.o
                              0x81db4 (size before relaxing)
 .debug_str     0x00084030        0x0 ./Drivers/STM32F1xx_HAL_Driver/Src/stm32f1xx_hal_gpio.o
                              0x81abb (size before relaxing)
 .debug_str     0x00084030        0x0 ./Drivers/STM32F1xx_HAL_Driver/Src/stm32f1xx_hal_rcc.o
                              0x81b64 (size before relaxing)
 .debug_str     0x00084030        0x0 ./Drivers/STM32F1xx_HAL_Driver/Src/stm32f1xx_hal_tim.o
                              0x82b66 (size before relaxing)
 .debug_str     0x00084030        0x0 ./Drivers/STM32F1xx_HAL_Driver/Src/stm32f1xx_hal_tim_ex.o
                              0x82372 (size before relaxing)

.comment        0x00000000       0x43
 .comment       0x00000000       0x43 ./Core/Src/OLED.o
                                 0x44 (size before relaxing)
 .comment       0x00000043        0x0 ./Core/Src/gpio.o
                                 0x44 (size before relaxing)
 .comment       0x00000043        0x0 ./Core/Src/main.o
                                 0x44 (size before relaxing)
 .comment       0x00000043        0x0 ./Core/Src/stm32f1xx_hal_msp.o
                                 0x44 (size before relaxing)
 .comment       0x00000043        0x0 ./Core/Src/stm32f1xx_it.o
                                 0x44 (size before relaxing)
 .comment       0x00000043        0x0 ./Core/Src/system_stm32f1xx.o
                                 0x44 (size before relaxing)
 .comment       0x00000043        0x0 ./Core/Src/tim.o
                                 0x44 (size before relaxing)
 .comment       0x00000043        0x0 ./Drivers/STM32F1xx_HAL_Driver/Src/stm32f1xx_hal.o
                                 0x44 (size before relaxing)
 .comment       0x00000043        0x0 ./Drivers/STM32F1xx_HAL_Driver/Src/stm32f1xx_hal_cortex.o
                                 0x44 (size before relaxing)
 .comment       0x00000043        0x0 ./Drivers/STM32F1xx_HAL_Driver/Src/stm32f1xx_hal_gpio.o
                                 0x44 (size before relaxing)
 .comment       0x00000043        0x0 ./Drivers/STM32F1xx_HAL_Driver/Src/stm32f1xx_hal_rcc.o
                                 0x44 (size before relaxing)
 .comment       0x00000043        0x0 ./Drivers/STM32F1xx_HAL_Driver/Src/stm32f1xx_hal_tim.o
                                 0x44 (size before relaxing)
 .comment       0x00000043        0x0 ./Drivers/STM32F1xx_HAL_Driver/Src/stm32f1xx_hal_tim_ex.o
                                 0x44 (size before relaxing)

.debug_frame    0x00000000     0x28fc
 .debug_frame   0x00000000      0x248 ./Core/Src/OLED.o
 .debug_frame   0x00000248       0x34 ./Core/Src/gpio.o
 .debug_frame   0x0000027c       0x84 ./Core/Src/main.o
 .debug_frame   0x00000300       0x38 ./Core/Src/stm32f1xx_hal_msp.o
 .debug_frame   0x00000338      0x104 ./Core/Src/stm32f1xx_it.o
 .debug_frame   0x0000043c       0x58 ./Core/Src/system_stm32f1xx.o
 .debug_frame   0x00000494       0xc4 ./Core/Src/tim.o
 .debug_frame   0x00000558      0x334 ./Drivers/STM32F1xx_HAL_Driver/Src/stm32f1xx_hal.o
 .debug_frame   0x0000088c      0x428 ./Drivers/STM32F1xx_HAL_Driver/Src/stm32f1xx_hal_cortex.o
 .debug_frame   0x00000cb4      0x14c ./Drivers/STM32F1xx_HAL_Driver/Src/stm32f1xx_hal_gpio.o
 .debug_frame   0x00000e00      0x218 ./Drivers/STM32F1xx_HAL_Driver/Src/stm32f1xx_hal_rcc.o
 .debug_frame   0x00001018     0x11b8 ./Drivers/STM32F1xx_HAL_Driver/Src/stm32f1xx_hal_tim.o
 .debug_frame   0x000021d0      0x638 ./Drivers/STM32F1xx_HAL_Driver/Src/stm32f1xx_hal_tim_ex.o
 .debug_frame   0x00002808       0x20 C:/ST/STM32CubeIDE_1.19.0/STM32CubeIDE/plugins/com.st.stm32cube.ide.mcu.externaltools.gnu-tools-for-stm32.13.3.rel1.win32_1.0.100.202509120712/tools/bin/../lib/gcc/arm-none-eabi/13.3.1/../../../../arm-none-eabi/lib/thumb/v7-m/nofp\libc_nano.a(libc_a-memset.o)
 .debug_frame   0x00002828       0x2c C:/ST/STM32CubeIDE_1.19.0/STM32CubeIDE/plugins/com.st.stm32cube.ide.mcu.externaltools.gnu-tools-for-stm32.13.3.rel1.win32_1.0.100.202509120712/tools/bin/../lib/gcc/arm-none-eabi/13.3.1/../../../../arm-none-eabi/lib/thumb/v7-m/nofp\libc_nano.a(libc_a-init.o)
 .debug_frame   0x00002854       0x4c C:/ST/STM32CubeIDE_1.19.0/STM32CubeIDE/plugins/com.st.stm32cube.ide.mcu.externaltools.gnu-tools-for-stm32.13.3.rel1.win32_1.0.100.202509120712/tools/bin/../lib/gcc/arm-none-eabi/13.3.1/thumb/v7-m/nofp\libgcc.a(_arm_addsubsf3.o)
 .debug_frame   0x000028a0       0x38 C:/ST/STM32CubeIDE_1.19.0/STM32CubeIDE/plugins/com.st.stm32cube.ide.mcu.externaltools.gnu-tools-for-stm32.13.3.rel1.win32_1.0.100.202509120712/tools/bin/../lib/gcc/arm-none-eabi/13.3.1/thumb/v7-m/nofp\libgcc.a(_arm_muldivsf3.o)
 .debug_frame   0x000028d8       0x24 C:/ST/STM32CubeIDE_1.19.0/STM32CubeIDE/plugins/com.st.stm32cube.ide.mcu.externaltools.gnu-tools-for-stm32.13.3.rel1.win32_1.0.100.202509120712/tools/bin/../lib/gcc/arm-none-eabi/13.3.1/thumb/v7-m/nofp\libgcc.a(_arm_fixunssfsi.o)

.debug_line_str
                0x00000000       0x43
 .debug_line_str
                0x00000000       0x43 ./Core/Startup/startup_stm32f103c8tx.o
