Archive member included to satisfy reference by file (symbol)

C:/ST/STM32CubeIDE_1.19.0/STM32CubeIDE/plugins/com.st.stm32cube.ide.mcu.externaltools.gnu-tools-for-stm32.14.3.rel1.win32_1.0.100.202602081740/tools/bin/../lib/gcc/arm-none-eabi/14.3.1/../../../../arm-none-eabi/lib/thumb/v7-m/nofp\libc_nano.a(libc_a-exit.o)
                              C:/ST/STM32CubeIDE_1.19.0/STM32CubeIDE/plugins/com.st.stm32cube.ide.mcu.externaltools.gnu-tools-for-stm32.14.3.rel1.win32_1.0.100.202602081740/tools/bin/../lib/gcc/arm-none-eabi/14.3.1/../../../../arm-none-eabi/lib/thumb/v7-m/nofp/crt0.o (exit)
C:/ST/STM32CubeIDE_1.19.0/STM32CubeIDE/plugins/com.st.stm32cube.ide.mcu.externaltools.gnu-tools-for-stm32.14.3.rel1.win32_1.0.100.202602081740/tools/bin/../lib/gcc/arm-none-eabi/14.3.1/../../../../arm-none-eabi/lib/thumb/v7-m/nofp\libc_nano.a(libc_a-findfp.o)
                              C:/ST/STM32CubeIDE_1.19.0/STM32CubeIDE/plugins/com.st.stm32cube.ide.mcu.externaltools.gnu-tools-for-stm32.14.3.rel1.win32_1.0.100.202602081740/tools/bin/../lib/gcc/arm-none-eabi/14.3.1/../../../../arm-none-eabi/lib/thumb/v7-m/nofp\libc_nano.a(libc_a-exit.o) (__stdio_exit_handler)
C:/ST/STM32CubeIDE_1.19.0/STM32CubeIDE/plugins/com.st.stm32cube.ide.mcu.externaltools.gnu-tools-for-stm32.14.3.rel1.win32_1.0.100.202602081740/tools/bin/../lib/gcc/arm-none-eabi/14.3.1/../../../../arm-none-eabi/lib/thumb/v7-m/nofp\libc_nano.a(libc_a-fwalk.o)
                              C:/ST/STM32CubeIDE_1.19.0/STM32CubeIDE/plugins/com.st.stm32cube.ide.mcu.externaltools.gnu-tools-for-stm32.14.3.rel1.win32_1.0.100.202602081740/tools/bin/../lib/gcc/arm-none-eabi/14.3.1/../../../../arm-none-eabi/lib/thumb/v7-m/nofp\libc_nano.a(libc_a-findfp.o) (_fwalk_sglue)
C:/ST/STM32CubeIDE_1.19.0/STM32CubeIDE/plugins/com.st.stm32cube.ide.mcu.externaltools.gnu-tools-for-stm32.14.3.rel1.win32_1.0.100.202602081740/tools/bin/../lib/gcc/arm-none-eabi/14.3.1/../../../../arm-none-eabi/lib/thumb/v7-m/nofp\libc_nano.a(libc_a-stdio.o)
                              C:/ST/STM32CubeIDE_1.19.0/STM32CubeIDE/plugins/com.st.stm32cube.ide.mcu.externaltools.gnu-tools-for-stm32.14.3.rel1.win32_1.0.100.202602081740/tools/bin/../lib/gcc/arm-none-eabi/14.3.1/../../../../arm-none-eabi/lib/thumb/v7-m/nofp\libc_nano.a(libc_a-findfp.o) (__sread)
C:/ST/STM32CubeIDE_1.19.0/STM32CubeIDE/plugins/com.st.stm32cube.ide.mcu.externaltools.gnu-tools-for-stm32.14.3.rel1.win32_1.0.100.202602081740/tools/bin/../lib/gcc/arm-none-eabi/14.3.1/../../../../arm-none-eabi/lib/thumb/v7-m/nofp\libc_nano.a(libc_a-memset.o)
                              C:/ST/STM32CubeIDE_1.19.0/STM32CubeIDE/plugins/com.st.stm32cube.ide.mcu.externaltools.gnu-tools-for-stm32.14.3.rel1.win32_1.0.100.202602081740/tools/bin/../lib/gcc/arm-none-eabi/14.3.1/../../../../arm-none-eabi/lib/thumb/v7-m/nofp/crt0.o (memset)
C:/ST/STM32CubeIDE_1.19.0/STM32CubeIDE/plugins/com.st.stm32cube.ide.mcu.externaltools.gnu-tools-for-stm32.14.3.rel1.win32_1.0.100.202602081740/tools/bin/../lib/gcc/arm-none-eabi/14.3.1/../../../../arm-none-eabi/lib/thumb/v7-m/nofp\libc_nano.a(libc_a-closer.o)
                              C:/ST/STM32CubeIDE_1.19.0/STM32CubeIDE/plugins/com.st.stm32cube.ide.mcu.externaltools.gnu-tools-for-stm32.14.3.rel1.win32_1.0.100.202602081740/tools/bin/../lib/gcc/arm-none-eabi/14.3.1/../../../../arm-none-eabi/lib/thumb/v7-m/nofp\libc_nano.a(libc_a-stdio.o) (_close_r)
C:/ST/STM32CubeIDE_1.19.0/STM32CubeIDE/plugins/com.st.stm32cube.ide.mcu.externaltools.gnu-tools-for-stm32.14.3.rel1.win32_1.0.100.202602081740/tools/bin/../lib/gcc/arm-none-eabi/14.3.1/../../../../arm-none-eabi/lib/thumb/v7-m/nofp\libc_nano.a(libc_a-reent.o)
                              C:/ST/STM32CubeIDE_1.19.0/STM32CubeIDE/plugins/com.st.stm32cube.ide.mcu.externaltools.gnu-tools-for-stm32.14.3.rel1.win32_1.0.100.202602081740/tools/bin/../lib/gcc/arm-none-eabi/14.3.1/../../../../arm-none-eabi/lib/thumb/v7-m/nofp\libc_nano.a(libc_a-closer.o) (errno)
C:/ST/STM32CubeIDE_1.19.0/STM32CubeIDE/plugins/com.st.stm32cube.ide.mcu.externaltools.gnu-tools-for-stm32.14.3.rel1.win32_1.0.100.202602081740/tools/bin/../lib/gcc/arm-none-eabi/14.3.1/../../../../arm-none-eabi/lib/thumb/v7-m/nofp\libc_nano.a(libc_a-impure.o)
                              C:/ST/STM32CubeIDE_1.19.0/STM32CubeIDE/plugins/com.st.stm32cube.ide.mcu.externaltools.gnu-tools-for-stm32.14.3.rel1.win32_1.0.100.202602081740/tools/bin/../lib/gcc/arm-none-eabi/14.3.1/../../../../arm-none-eabi/lib/thumb/v7-m/nofp\libc_nano.a(libc_a-reent.o) (_impure_ptr)
C:/ST/STM32CubeIDE_1.19.0/STM32CubeIDE/plugins/com.st.stm32cube.ide.mcu.externaltools.gnu-tools-for-stm32.14.3.rel1.win32_1.0.100.202602081740/tools/bin/../lib/gcc/arm-none-eabi/14.3.1/../../../../arm-none-eabi/lib/thumb/v7-m/nofp\libc_nano.a(libc_a-lseekr.o)
[...]
Memory Configuration

Name             Origin             Length             Attributes
RAM              0x20000000         0x00005000         xrw
FLASH            0x08000000         0x00010000         xr
*default*        0x00000000         0xffffffff

Linker script and memory map

LOAD C:/ST/STM32CubeIDE_1.19.0/STM32CubeIDE/plugins/com.st.stm32cube.ide.mcu.externaltools.gnu-tools-for-stm32.14.3.rel1.win32_1.0.100.202602081740/tools/bin/../lib/gcc/arm-none-eabi/14.3.1/thumb/v7-m/nofp/crti.o
LOAD C:/ST/STM32CubeIDE_1.19.0/STM32CubeIDE/plugins/com.st.stm32cube.ide.mcu.externaltools.gnu-tools-for-stm32.14.3.rel1.win32_1.0.100.202602081740/tools/bin/../lib/gcc/arm-none-eabi/14.3.1/thumb/v7-m/nofp/crtbegin.o
LOAD C:/ST/STM32CubeIDE_1.19.0/STM32CubeIDE/plugins/com.st.stm32cube.ide.mcu.externaltools.gnu-tools-for-stm32.14.3.rel1.win32_1.0.100.202602081740/tools/bin/../lib/gcc/arm-none-eabi/14.3.1/../../../../arm-none-eabi/lib/thumb/v7-m/nofp/crt0.o
LOAD ./Core/Src/OLED.o
LOAD ./Core/Src/gpio.o
LOAD ./Core/Src/main.o
LOAD ./Core/Src/rtc.o
LOAD ./Core/Src/stm32f1xx_hal_msp.o
LOAD ./Core/Src/stm32f1xx_it.o
LOAD ./Core/Src/syscalls.o
LOAD ./Core/Src/sysmem.o
LOAD ./Core/Src/system_stm32f1xx.o
LOAD ./Core/Startup/startup_stm32f103c8tx.o
LOAD ./Drivers/STM32F1xx_HAL_Driver/Src/stm32f1xx_hal.o
LOAD ./Drivers/STM32F1xx_HAL_Driver/Src/stm32f1xx_hal_cortex.o
LOAD ./Drivers/STM32F1xx_HAL_Driver/Src/stm32f1xx_hal_dma.o
LOAD ./Drivers/STM32F1xx_HAL_Driver/Src/stm32f1xx_hal_exti.o
LOAD ./Drivers/STM32F1xx_HAL_Driver/Src/stm32f1xx_hal_flash.o
LOAD ./Drivers/STM32F1xx_HAL_Driver/Src/stm32f1xx_hal_flash_ex.o
LOAD ./Drivers/STM32F1xx_HAL_Driver/Src/stm32f1xx_hal_gpio.o
LOAD ./Drivers/STM32F1xx_HAL_Driver/Src/stm32f1xx_hal_gpio_ex.o
LOAD ./Drivers/STM32F1xx_HAL_Driver/Src/stm32f1xx_hal_pwr.o
LOAD ./Drivers/STM32F1xx_HAL_Driver/Src/stm32f1xx_hal_rcc.o
LOAD ./Drivers/STM32F1xx_HAL_Driver/Src/stm32f1xx_hal_rcc_ex.o
LOAD ./Drivers/STM32F1xx_HAL_Driver/Src/stm32f1xx_hal_rtc.o
LOAD ./Drivers/STM32F1xx_HAL_Driver/Src/stm32f1xx_hal_rtc_ex.o
START GROUP
LOAD C:/ST/STM32CubeIDE_1.19.0/STM32CubeIDE/plugins/com.st.stm32cube.ide.mcu.externaltools.gnu-tools-for-stm32.14.3.rel1.win32_1.0.100.202602081740/tools/bin/../lib/gcc/arm-none-eabi/14.3.1/../../../../arm-none-eabi/lib/thumb/v7-m/nofp\libc_nano.a
LOAD C:/ST/STM32CubeIDE_1.19.0/STM32CubeIDE/plugins/com.st.stm32cube.ide.mcu.externaltools.gnu-tools-for-stm32.14.3.rel1.win32_1.0.100.202602081740/tools/bin/../lib/gcc/arm-none-eabi/14.3.1/../../../../arm-none-eabi/lib/thumb/v7-m/nofp\libm.a
END GROUP
START GROUP
LOAD C:/ST/STM32CubeIDE_1.19.0/STM32CubeIDE/plugins/com.st.stm32cube.ide.mcu.externaltools.gnu-tools-for-stm32.14.3.rel1.win32_1.0.100.202602081740/tools/bin/../lib/gcc/arm-none-eabi/14.3.1/thumb/v7-m/nofp\libgcc.a
LOAD C:/ST/STM32CubeIDE_1.19.0/STM32CubeIDE/plugins/com.st.stm32cube.ide.mcu.externaltools.gnu-tools-for-stm32.14.3.rel1.win32_1.0.100.202602081740/tools/bin/../lib/gcc/arm-none-eabi/14.3.1/../../../../arm-none-eabi/lib/thumb/v7-m/nofp\libc_nano.a
END GROUP
START GROUP
LOAD C:/ST/STM32CubeIDE_1.19.0/STM32CubeIDE/plugins/com.st.stm32cube.ide.mcu.externaltools.gnu-tools-for-stm32.14.3.rel1.win32_1.0.100.202602081740/tools/bin/../lib/gcc/arm-none-eabi/14.3.1/thumb/v7-m/nofp\libgcc.a
LOAD C:/ST/STM32CubeIDE_1.19.0/STM32CubeIDE/plugins/com.st.stm32cube.ide.mcu.externaltools.gnu-tools-for-stm32.14.3.rel1.win32_1.0.100.202602081740/tools/bin/../lib/gcc/arm-none-eabi/14.3.1/../../../../arm-none-eabi/lib/thumb/v7-m/nofp\libc_nano.a
LOAD C:/ST/STM32CubeIDE_1.19.0/STM32CubeIDE/plugins/com.st.stm32cube.ide.mcu.externaltools.gnu-tools-for-stm32.14.3.rel1.win32_1.0.100.202602081740/tools/bin/../lib/gcc/arm-none-eabi/14.3.1/../../../../arm-none-eabi/lib/thumb/v7-m/nofp\libnosys.a
END GROUP
START GROUP
LOAD C:/ST/STM32CubeIDE_1.19.0/STM32CubeIDE/plugins/com.st.stm32cube.ide.mcu.externaltools.gnu-tools-for-stm32.14.3.rel1.win32_1.0.100.202602081740/tools/bin/../lib/gcc/arm-none-eabi/14.3.1/thumb/v7-m/nofp\libgcc.a
LOAD C:/ST/STM32CubeIDE_1.19.0/STM32CubeIDE/plugins/com.st.stm32cube.ide.mcu.externaltools.gnu-tools-for-stm32.14.3.rel1.win32_1.0.100.202602081740/tools/bin/../lib/gcc/arm-none-eabi/14.3.1/../../../../arm-none-eabi/lib/thumb/v7-m/nofp\libc_nano.a
LOAD C:/ST/STM32CubeIDE_1.19.0/STM32CubeIDE/plugins/com.st.stm32cube.ide.mcu.externaltools.gnu-tools-for-stm32.14.3.rel1.win32_1.0.100.202602081740/tools/bin/../lib/gcc/arm-none-eabi/14.3.1/../../../../arm-none-eabi/lib/thumb/v7-m/nofp\libnosys.a
END GROUP
LOAD C:/ST/STM32CubeIDE_1.19.0/STM32CubeIDE/plugins/com.st.stm32cube.ide.mcu.externaltools.gnu-tools-for-stm32.14.3.rel1.win32_1.0.100.202602081740/tools/bin/../lib/gcc/arm-none-eabi/14.3.1/thumb/v7-m/nofp/crtend.o
LOAD C:/ST/STM32CubeIDE_1.19.0/STM32CubeIDE/plugins/com.st.stm32cube.ide.mcu.externaltools.gnu-tools-for-stm32.14.3.rel1.win32_1.0.100.202602081740/tools/bin/../lib/gcc/arm-none-eabi/14.3.1/thumb/v7-m/nofp/crtn.o
                0x20005000                        _estack = (ORIGIN (RAM) + LENGTH (RAM))
                0x00000200                        _Min_Heap_Size = 0x200
                0x00000400                        _Min_Stack_Size = 0x400

.isr_vector     0x08000000      0x10c
                0x08000000                        . = ALIGN (0x4)
 *(.isr_vector)
 .isr_vector    0x08000000      0x10c ./Core/Startup/startup_stm32f103c8tx.o
                0x08000000                g_pfnVectors
                0x0800010c                        . = ALIGN (0x4)

.text           0x0800010c     0x1d5c
                0x0800010c                        . = ALIGN (0x4)
 *(.text)
 .text          0x0800010c       0x40 C:/ST/STM32CubeIDE_1.19.0/STM32CubeIDE/plugins/com.st.stm32cube.ide.mcu.externaltools.gnu-tools-for-stm32.14.3.rel1.win32_1.0.100.202602081740/tools/bin/../lib/gcc/arm-none-eabi/14.3.1/thumb/v7-m/nofp/crtbegin.o
 *(.text*)
 .text.OLED_I2C_Init
                0x0800014c       0x28 ./Core/Src/OLED.o
                0x0800014c                OLED_I2C_Init
 .text.OLED_I2C_Start
                0x08000174       0x3c ./Core/Src/OLED.o
                0x08000174                OLED_I2C_Start
 .text.OLED_I2C_Stop
                0x080001b0       0x30 ./Core/Src/OLED.o
                0x080001b0                OLED_I2C_Stop
 .text.OLED_I2C_SendByte
                0x080001e0       0x7c ./Core/Src/OLED.o
                0x080001e0                OLED_I2C_SendByte
 .text.OLED_WriteCommand
                0x0800025c       0x2e ./Core/Src/OLED.o
                0x0800025c                OLED_WriteCommand
 .text.OLED_WriteData
                0x0800028a       0x2e ./Core/Src/OLED.o
                0x0800028a                OLED_WriteData
 .text.OLED_SetCursor
                0x080002b8       0x46 ./Core/Src/OLED.o
                0x080002b8                OLED_SetCursor
 .text.OLED_Clear
                0x080002fe       0x46 ./Core/Src/OLED.o
                0x080002fe                OLED_Clear
 .text.OLED_ShowChar
                0x08000344       0xb0 ./Core/Src/OLED.o
                0x08000344                OLED_ShowChar
 .text.OLED_ShowString
                0x080003f4       0x4a ./Core/Src/OLED.o
                0x080003f4                OLED_ShowString
 .text.OLED_Pow
                0x0800043e       0x30 ./Core/Src/OLED.o
                0x0800043e                OLED_Pow
 *fill*         0x0800046e        0x2 
 .text.OLED_ShowNum
                0x08000470       0x7c ./Core/Src/OLED.o
                0x08000470                OLED_ShowNum
 .text.OLED_Init
                0x080004ec       0xc8 ./Core/Src/OLED.o
                0x080004ec                OLED_Init
 .text.MX_GPIO_Init
                0x080005b4       0xc8 ./Core/Src/gpio.o
                0x080005b4                MX_GPIO_Init
 .text.main     0x0800067c       0x88 ./Core/Src/main.o
                0x0800067c                main
 .text.SystemClock_Config
                0x08000704       0xba ./Core/Src/main.o
                0x08000704                SystemClock_Config
 .text.Error_Handler
                0x080007be        0xc ./Core/Src/main.o
                0x080007be                Error_Handler
 *fill*         0x080007ca        0x2 
 .text.MX_RTC_Init
                0x080007cc       0x38 ./Core/Src/rtc.o
                0x080007cc                MX_RTC_Init
 .text.HAL_RTC_MspInit
                0x08000804       0x48 ./Core/Src/rtc.o
                0x08000804                HAL_RTC_MspInit
 .text.HAL_MspInit
                0x0800084c       0x64 ./Core/Src/stm32f1xx_hal_msp.o
                0x0800084c                HAL_MspInit
 .text.NMI_Handler
                0x080008b0        0x8 ./Core/Src/stm32f1xx_it.o
                0x080008b0                NMI_Handler
 .text.HardFault_Handler
                0x080008b8        0x8 ./Core/Src/stm32f1xx_it.o
                0x080008b8                HardFault_Handler
 .text.MemManage_Handler
                0x080008c0        0x8 ./Core/Src/stm32f1xx_it.o
                0x080008c0                MemManage_Handler
 .text.BusFault_Handler
                0x080008c8        0x8 ./Core/Src/stm32f1xx_it.o
                0x080008c8                BusFault_Handler
 .text.UsageFault_Handler
                0x080008d0        0x8 ./Core/Src/stm32f1xx_it.o
                0x080008d0                UsageFault_Handler
 .text.SVC_Handler
                0x080008d8        0xc ./Core/Src/stm32f1xx_it.o
                0x080008d8                SVC_Handler
 .text.DebugMon_Handler
                0x080008e4        0xc ./Core/Src/stm32f1xx_it.o
                0x080008e4                DebugMon_Handler
 .text.PendSV_Handler
                0x080008f0        0xc ./Core/Src/stm32f1xx_it.o
                0x080008f0                PendSV_Handler
 .text.SysTick_Handler
                0x080008fc        0xc ./Core/Src/stm32f1xx_it.o
                0x080008fc                SysTick_Handler
 .text.EXTI15_10_IRQHandler
                0x08000908       0x10 ./Core/Src/stm32f1xx_it.o
                0x08000908                EXTI15_10_IRQHandler
 .text.HAL_GPIO_EXTI_Callback
                0x08000918       0x2c ./Core/Src/stm32f1xx_it.o
                0x08000918                HAL_GPIO_EXTI_Callback
 .text.SystemInit
                0x08000944       0x68 ./Core/Src/system_stm32f1xx.o
                0x08000944                SystemInit
 .text.Reset_Handler
                0x080009ac       0x48 ./Core/Startup/startup_stm32f103c8tx.o
                0x080009ac                Reset_Handler
 .text.Default_Handler
                0x080009f4        0x2 ./Core/Startup/startup_stm32f103c8tx.o
                0x080009f4                RTC_Alarm_IRQHandler
                0x080009f4                EXTI2_IRQHandler
                0x080009f4                TIM1_CC_IRQHandler
                0x080009f4                PVD_IRQHandler
                0x080009f4                EXTI3_IRQHandler
                0x080009f4                EXTI0_IRQHandler
                0x080009f4                I2C2_EV_IRQHandler
                0x080009f4                ADC1_2_IRQHandler
                0x080009f4                SPI1_IRQHandler
                0x080009f4                TAMPER_IRQHandler
                0x080009f4                DMA1_Channel4_IRQHandler
                0x080009f4                USART3_IRQHandler
                0x080009f4                RTC_IRQHandler
                0x080009f4                DMA1_Channel7_IRQHandler
                0x080009f4                CAN1_RX1_IRQHandler
                0x080009f4                TIM4_IRQHandler
                0x080009f4                I2C1_EV_IRQHandler
                0x080009f4                DMA1_Channel6_IRQHandler
                0x080009f4                TIM3_IRQHandler
                0x080009f4                RCC_IRQHandler
                0x080009f4                TIM1_TRG_COM_IRQHandler
                0x080009f4                DMA1_Channel1_IRQHandler
                0x080009f4                Default_Handler
                0x080009f4                EXTI9_5_IRQHandler
                0x080009f4                SPI2_IRQHandler
                0x080009f4                DMA1_Channel5_IRQHandler
                0x080009f4                EXTI4_IRQHandler
                0x080009f4                USB_LP_CAN1_RX0_IRQHandler
                0x080009f4                USB_HP_CAN1_TX_IRQHandler
                0x080009f4                DMA1_Channel3_IRQHandler
                0x080009f4                TIM1_UP_IRQHandler
                0x080009f4                WWDG_IRQHandler
                0x080009f4                TIM2_IRQHandler
                0x080009f4                TIM1_BRK_IRQHandler
                0x080009f4                EXTI1_IRQHandler
                0x080009f4                USART2_IRQHandler
                0x080009f4                I2C2_ER_IRQHandler
                0x080009f4                DMA1_Channel2_IRQHandler
                0x080009f4                CAN1_SCE_IRQHandler
                0x080009f4                FLASH_IRQHandler
                0x080009f4                USART1_IRQHandler
                0x080009f4                I2C1_ER_IRQHandler
                0x080009f4                USBWakeUp_IRQHandler
 *fill*         0x080009f6        0x2 
 .text.HAL_Init
                0x080009f8       0x2c ./Drivers/STM32F1xx_HAL_Driver/Src/stm32f1xx_hal.o
                0x080009f8                HAL_Init
 .text.HAL_InitTick
                0x08000a24       0x60 ./Drivers/STM32F1xx_HAL_Driver/Src/stm32f1xx_hal.o
                0x08000a24                HAL_InitTick
 .text.HAL_IncTick
                0x08000a84       0x24 ./Drivers/STM32F1xx_HAL_Driver/Src/stm32f1xx_hal.o
                0x08000a84                HAL_IncTick
 .text.HAL_GetTick
                0x08000aa8       0x14 ./Drivers/STM32F1xx_HAL_Driver/Src/stm32f1xx_hal.o
                0x08000aa8                HAL_GetTick
 .text.HAL_Delay
                0x08000abc       0x48 ./Drivers/STM32F1xx_HAL_Driver/Src/stm32f1xx_hal.o
                0x08000abc                HAL_Delay
 .text.__NVIC_SetPriorityGrouping
                0x08000b04       0x48 ./Drivers/STM32F1xx_HAL_Driver/Src/stm32f1xx_hal_cortex.o
 .text.__NVIC_GetPriorityGrouping
                0x08000b4c       0x1c ./Drivers/STM32F1xx_HAL_Driver/Src/stm32f1xx_hal_cortex.o
 .text.__NVIC_EnableIRQ
                0x08000b68       0x38 ./Drivers/STM32F1xx_HAL_Driver/Src/stm32f1xx_hal_cortex.o
 .text.__NVIC_SetPriority
                0x08000ba0       0x54 ./Drivers/STM32F1xx_HAL_Driver/Src/stm32f1xx_hal_cortex.o
 .text.NVIC_EncodePriority
                0x08000bf4       0x64 ./Drivers/STM32F1xx_HAL_Driver/Src/stm32f1xx_hal_cortex.o
 .text.SysTick_Config
                0x08000c58       0x44 ./Drivers/STM32F1xx_HAL_Driver/Src/stm32f1xx_hal_cortex.o
 .text.HAL_NVIC_SetPriorityGrouping
                0x08000c9c       0x16 ./Drivers/STM32F1xx_HAL_Driver/Src/stm32f1xx_hal_cortex.o
                0x08000c9c                HAL_NVIC_SetPriorityGrouping
 .text.HAL_NVIC_SetPriority
                0x08000cb2       0x38 ./Drivers/STM32F1xx_HAL_Driver/Src/stm32f1xx_hal_cortex.o
                0x08000cb2                HAL_NVIC_SetPriority
 .text.HAL_NVIC_EnableIRQ
                0x08000cea       0x1c ./Drivers/STM32F1xx_HAL_Driver/Src/stm32f1xx_hal_cortex.o
                0x08000cea                HAL_NVIC_EnableIRQ
 .text.HAL_SYSTICK_Config
                0x08000d06       0x18 ./Drivers/STM32F1xx_HAL_Driver/Src/stm32f1xx_hal_cortex.o
                0x08000d06                HAL_SYSTICK_Config
 *fill*         0x08000d1e        0x2 
 .text.HAL_GPIO_Init
                0x08000d20      0x308 ./Drivers/STM32F1xx_HAL_Driver/Src/stm32f1xx_hal_gpio.o
                0x08000d20                HAL_GPIO_Init
 .text.HAL_GPIO_WritePin
                0x08001028       0x30 ./Drivers/STM32F1xx_HAL_Driver/Src/stm32f1xx_hal_gpio.o
                0x08001028                HAL_GPIO_WritePin
 .text.HAL_GPIO_EXTI_IRQHandler
                0x08001058       0x30 ./Drivers/STM32F1xx_HAL_Driver/Src/stm32f1xx_hal_gpio.o
                0x08001058                HAL_GPIO_EXTI_IRQHandler
 .text.PWR_OverloadWfe
                0x08001088       0x10 ./Drivers/STM32F1xx_HAL_Driver/Src/stm32f1xx_hal_pwr.o
 .text.HAL_PWR_EnableBkUpAccess
                0x08001098       0x18 ./Drivers/STM32F1xx_HAL_Driver/Src/stm32f1xx_hal_pwr.o
                0x08001098                HAL_PWR_EnableBkUpAccess
 .text.HAL_PWR_EnterSTOPMode
                0x080010b0       0x64 ./Drivers/STM32F1xx_HAL_Driver/Src/stm32f1xx_hal_pwr.o
                0x080010b0                HAL_PWR_EnterSTOPMode
 .text.HAL_RCC_OscConfig
                0x08001114      0x504 ./Drivers/STM32F1xx_HAL_Driver/Src/stm32f1xx_hal_rcc.o
                0x08001114                HAL_RCC_OscConfig
 .text.HAL_RCC_ClockConfig
                0x08001618      0x1d4 ./Drivers/STM32F1xx_HAL_Driver/Src/stm32f1xx_hal_rcc.o
                0x08001618                HAL_RCC_ClockConfig
 .text.HAL_RCC_GetSysClockFreq
                0x080017ec       0xa8 ./Drivers/STM32F1xx_HAL_Driver/Src/stm32f1xx_hal_rcc.o
                0x080017ec                HAL_RCC_GetSysClockFreq
 .text.HAL_RCC_GetHCLKFreq
                0x08001894       0x14 ./Drivers/STM32F1xx_HAL_Driver/Src/stm32f1xx_hal_rcc.o
                0x08001894                HAL_RCC_GetHCLKFreq
 .text.HAL_RCC_GetPCLK2Freq
                0x080018a8       0x28 ./Drivers/STM32F1xx_HAL_Driver/Src/stm32f1xx_hal_rcc.o
                0x080018a8                HAL_RCC_GetPCLK2Freq
 .text.RCC_Delay
                0x080018d0       0x3c ./Drivers/STM32F1xx_HAL_Driver/Src/stm32f1xx_hal_rcc.o
 .text.HAL_RCCEx_PeriphCLKConfig
                0x0800190c      0x16c ./Drivers/STM32F1xx_HAL_Driver/Src/stm32f1xx_hal_rcc_ex.o
                0x0800190c                HAL_RCCEx_PeriphCLKConfig
 .text.HAL_RCCEx_GetPeriphCLKFreq
                0x08001a78      0x16c ./Drivers/STM32F1xx_HAL_Driver/Src/stm32f1xx_hal_rcc_ex.o
                0x08001a78                HAL_RCCEx_GetPeriphCLKFreq
 .text.HAL_RTC_Init
                0x08001be4      0x118 ./Drivers/STM32F1xx_HAL_Driver/Src/stm32f1xx_hal_rtc.o
                0x08001be4                HAL_RTC_Init
 .text.HAL_RTC_WaitForSynchro
                0x08001cfc       0x5a ./Drivers/STM32F1xx_HAL_Driver/Src/stm32f1xx_hal_rtc.o
                0x08001cfc                HAL_RTC_WaitForSynchro
 .text.RTC_EnterInitMode
                0x08001d56       0x50 ./Drivers/STM32F1xx_HAL_Driver/Src/stm32f1xx_hal_rtc.o
 .text.RTC_ExitInitMode
                0x08001da6       0x50 ./Drivers/STM32F1xx_HAL_Driver/Src/stm32f1xx_hal_rtc.o
 .text.memset   0x08001df6       0x10 C:/ST/STM32CubeIDE_1.19.0/STM32CubeIDE/plugins/com.st.stm32cube.ide.mcu.externaltools.gnu-tools-for-stm32.14.3.rel1.win32_1.0.100.202602081740/tools/bin/../lib/gcc/arm-none-eabi/14.3.1/../../../../arm-none-eabi/lib/thumb/v7-m/nofp\libc_nano.a(libc_a-memset.o)
                0x08001df6                memset
 *fill*         0x08001e06        0x2 
 .text.__libc_init_array
                0x08001e08       0x48 C:/ST/STM32CubeIDE_1.19.0/STM32CubeIDE/plugins/com.st.stm32cube.ide.mcu.externaltools.gnu-tools-for-stm32.14.3.rel1.win32_1.0.100.202602081740/tools/bin/../lib/gcc/arm-none-eabi/14.3.1/../../../../arm-none-eabi/lib/thumb/v7-m/nofp\libc_nano.a(libc_a-init.o)
                0x08001e08                __libc_init_array
 *(.glue_7)
 .glue_7        0x08001e50        0x0 linker stubs
 *(.glue_7t)
 .glue_7t       0x08001e50        0x0 linker stubs
 *(.eh_frame)
 .eh_frame      0x08001e50        0x0 C:/ST/STM32CubeIDE_1.19.0/STM32CubeIDE/plugins/com.st.stm32cube.ide.mcu.externaltools.gnu-tools-for-stm32.14.3.rel1.win32_1.0.100.202602081740/tools/bin/../lib/gcc/arm-none-eabi/14.3.1/thumb/v7-m/nofp/crtbegin.o
 *(.init)
 .init          0x08001e50        0x4 C:/ST/STM32CubeIDE_1.19.0/STM32CubeIDE/plugins/com.st.stm32cube.ide.mcu.externaltools.gnu-tools-for-stm32.14.3.rel1.win32_1.0.100.202602081740/tools/bin/../lib/gcc/arm-none-eabi/14.3.1/thumb/v7-m/nofp/crti.o
                0x08001e50                _init
 .init          0x08001e54        0x8 C:/ST/STM32CubeIDE_1.19.0/STM32CubeIDE/plugins/com.st.stm32cube.ide.mcu.externaltools.gnu-tools-for-stm32.14.3.rel1.win32_1.0.100.202602081740/tools/bin/../lib/gcc/arm-none-eabi/14.3.1/thumb/v7-m/nofp/crtn.o
 *(.fini)
 .fini          0x08001e5c        0x4 C:/ST/STM32CubeIDE_1.19.0/STM32CubeIDE/plugins/com.st.stm32cube.ide.mcu.externaltools.gnu-tools-for-stm32.14.3.rel1.win32_1.0.100.202602081740/tools/bin/../lib/gcc/arm-none-eabi/14.3.1/thumb/v7-m/nofp/crti.o
                0x08001e5c                _fini
 .fini          0x08001e60        0x8 C:/ST/STM32CubeIDE_1.19.0/STM32CubeIDE/plugins/com.st.stm32cube.ide.mcu.externaltools.gnu-tools-for-stm32.14.3.rel1.win32_1.0.100.202602081740/tools/bin/../lib/gcc/arm-none-eabi/14.3.1/thumb/v7-m/nofp/crtn.o
                0x08001e68                        . = ALIGN (0x4)
                0x08001e68                        _etext = .

.vfp11_veneer   0x08001e68        0x0
 .vfp11_veneer  0x08001e68        0x0 linker stubs

.v4_bx          0x08001e68        0x0
 .v4_bx         0x08001e68        0x0 linker stubs

.iplt           0x08001e68        0x0
 .iplt          0x08001e68        0x0 C:/ST/STM32CubeIDE_1.19.0/STM32CubeIDE/plugins/com.st.stm32cube.ide.mcu.externaltools.gnu-tools-for-stm32.14.3.rel1.win32_1.0.100.202602081740/tools/bin/../lib/gcc/arm-none-eabi/14.3.1/thumb/v7-m/nofp/crtbegin.o

.rodata         0x08001e68      0x648
                0x08001e68                        . = ALIGN (0x4)
 *(.rodata)
 .rodata        0x08001e68       0x17 ./Core/Src/main.o
 *(.rodata*)
 *fill*         0x08001e7f        0x1 
 .rodata.OLED_F8x16
                0x08001e80      0x5f0 ./Core/Src/OLED.o
                0x08001e80                OLED_F8x16
 .rodata.AHBPrescTable
                0x08002470       0x10 ./Core/Src/system_stm32f1xx.o
                0x08002470                AHBPrescTable
 .rodata.APBPrescTable
                0x08002480        0x8 ./Core/Src/system_stm32f1xx.o
                0x08002480                APBPrescTable
 .rodata.aPLLMULFactorTable.1
                0x08002488       0x10 ./Drivers/STM32F1xx_HAL_Driver/Src/stm32f1xx_hal_rcc.o
 .rodata.aPredivFactorTable.0
                0x08002498        0x2 ./Drivers/STM32F1xx_HAL_Driver/Src/stm32f1xx_hal_rcc.o
 *fill*         0x0800249a        0x2 
 .rodata.aPLLMULFactorTable.1
                0x0800249c       0x10 ./Drivers/STM32F1xx_HAL_Driver/Src/stm32f1xx_hal_rcc_ex.o
 .rodata.aPredivFactorTable.0
                0x080024ac        0x2 ./Drivers/STM32F1xx_HAL_Driver/Src/stm32f1xx_hal_rcc_ex.o
                0x080024b0                        . = ALIGN (0x4)
 *fill*         0x080024ae        0x2 

.ARM.extab      0x080024b0        0x0
                0x080024b0                        . = ALIGN (0x4)
 *(.ARM.extab* .gnu.linkonce.armextab.*)
                0x080024b0                        . = ALIGN (0x4)

.ARM            0x080024b0        0x0
                0x080024b0                        . = ALIGN (0x4)
                0x080024b0                        __exidx_start = .
 *(.ARM.exidx*)
                0x080024b0                        __exidx_end = .
                0x080024b0                        . = ALIGN (0x4)

.preinit_array  0x080024b0        0x0
                0x080024b0                        . = ALIGN (0x4)
                0x080024b0                        PROVIDE (__preinit_array_start = .)
 *(.preinit_array*)
                0x080024b0                        PROVIDE (__preinit_array_end = .)
                0x080024b0                        . = ALIGN (0x4)

.init_array     0x080024b0        0x4
                0x080024b0                        . = ALIGN (0x4)
                0x080024b0                        PROVIDE (__init_array_start = .)
 *(SORT_BY_NAME(.init_array.*))
 *(.init_array*)
 .init_array    0x080024b0        0x4 C:/ST/STM32CubeIDE_1.19.0/STM32CubeIDE/plugins/com.st.stm32cube.ide.mcu.externaltools.gnu-tools-for-stm32.14.3.rel1.win32_1.0.100.202602081740/tools/bin/../lib/gcc/arm-none-eabi/14.3.1/thumb/v7-m/nofp/crtbegin.o
                0x080024b4                        PROVIDE (__init_array_end = .)
                0x080024b4                        . = ALIGN (0x4)

.fini_array     0x080024b4        0x4
                0x080024b4                        . = ALIGN (0x4)
                [!provide]                        PROVIDE (__fini_array_start = .)
 *(SORT_BY_NAME(.fini_array.*))
 *(.fini_array*)
 .fini_array    0x080024b4        0x4 C:/ST/STM32CubeIDE_1.19.0/STM32CubeIDE/plugins/com.st.stm32cube.ide.mcu.externaltools.gnu-tools-for-stm32.14.3.rel1.win32_1.0.100.202602081740/tools/bin/../lib/gcc/arm-none-eabi/14.3.1/thumb/v7-m/nofp/crtbegin.o
                [!provide]                        PROVIDE (__fini_array_end = .)
                0x080024b8                        . = ALIGN (0x4)
                0x080024b8                        _sidata = LOADADDR (.data)

.rel.dyn        0x080024b8        0x0
 .rel.iplt      0x080024b8        0x0 C:/ST/STM32CubeIDE_1.19.0/STM32CubeIDE/plugins/com.st.stm32cube.ide.mcu.externaltools.gnu-tools-for-stm32.14.3.rel1.win32_1.0.100.202602081740/tools/bin/../lib/gcc/arm-none-eabi/14.3.1/thumb/v7-m/nofp/crtbegin.o

.data           0x20000000        0xc load address 0x080024b8
                0x20000000                        . = ALIGN (0x4)
                0x20000000                        _sdata = .
 *(.data)
 *(.data*)
 .data.SystemCoreClock
                0x20000000        0x4 ./Core/Src/system_stm32f1xx.o
                0x20000000                SystemCoreClock
 .data.uwTickPrio
                0x20000004        0x4 ./Drivers/STM32F1xx_HAL_Driver/Src/stm32f1xx_hal.o
                0x20000004                uwTickPrio
 .data.uwTickFreq
                0x20000008        0x1 ./Drivers/STM32F1xx_HAL_Driver/Src/stm32f1xx_hal.o
                0x20000008                uwTickFreq
 *(.RamFunc)
 *(.RamFunc*)
                0x2000000c                        . = ALIGN (0x4)
 *fill*         0x20000009        0x3 
                0x2000000c                        _edata = .

.igot.plt       0x2000000c        0x0 load address 0x080024c4
 .igot.plt      0x2000000c        0x0 C:/ST/STM32CubeIDE_1.19.0/STM32CubeIDE/plugins/com.st.stm32cube.ide.mcu.externaltools.gnu-tools-for-stm32.14.3.rel1.win32_1.0.100.202602081740/tools/bin/../lib/gcc/arm-none-eabi/14.3.1/thumb/v7-m/nofp/crtbegin.o
                0x2000000c                        . = ALIGN (0x4)

.bss            0x2000000c       0x38 load address 0x080024c4
                0x2000000c                        _sbss = .
                0x2000000c                        __bss_start__ = _sbss
 *(.bss)
 .bss           0x2000000c       0x1c C:/ST/STM32CubeIDE_1.19.0/STM32CubeIDE/plugins/com.st.stm32cube.ide.mcu.externaltools.gnu-tools-for-stm32.14.3.rel1.win32_1.0.100.202602081740/tools/bin/../lib/gcc/arm-none-eabi/14.3.1/thumb/v7-m/nofp/crtbegin.o
 *(.bss*)
 .bss.count     0x20000028        0x2 ./Core/Src/main.o
                0x20000028                count
 *fill*         0x2000002a        0x2 
 .bss.hrtc      0x2000002c       0x14 ./Core/Src/rtc.o
                0x2000002c                hrtc
 .bss.uwTick    0x20000040        0x4 ./Drivers/STM32F1xx_HAL_Driver/Src/stm32f1xx_hal.o
                0x20000040                uwTick
 *(COMMON)
                0x20000044                        . = ALIGN (0x4)
                0x20000044                        _ebss = .
                0x20000044                        __bss_end__ = _ebss

._user_heap_stack
                0x20000044      0x604 load address 0x080024c4
                0x20000048                        . = ALIGN (0x8)
 *fill*         0x20000044        0x4 
                [!provide]                        PROVIDE (end = .)
                0x20000048                        PROVIDE (_end = .)
                0x20000248                        . = (. + _Min_Heap_Size)
 *fill*         0x20000048      0x200 
                0x20000648                        . = (. + _Min_Stack_Size)
 *fill*         0x20000248      0x400 
                0x20000648                        . = ALIGN (0x8)

/DISCARD/
 libc.a(*)
 libm.a(*)
 libgcc.a(*)

.ARM.attributes
                0x00000000       0x29
 *(.ARM.attributes)
 .ARM.attributes
                0x00000000       0x1d C:/ST/STM32CubeIDE_1.19.0/STM32CubeIDE/plugins/com.st.stm32cube.ide.mcu.externaltools.gnu-tools-for-stm32.14.3.rel1.win32_1.0.100.202602081740/tools/bin/../lib/gcc/arm-none-eabi/14.3.1/thumb/v7-m/nofp/crti.o
 .ARM.attributes
                0x0000001d       0x2d C:/ST/STM32CubeIDE_1.19.0/STM32CubeIDE/plugins/com.st.stm32cube.ide.mcu.externaltools.gnu-tools-for-stm32.14.3.rel1.win32_1.0.100.202602081740/tools/bin/../lib/gcc/arm-none-eabi/14.3.1/thumb/v7-m/nofp/crtbegin.o
 .ARM.attributes
                0x0000004a       0x2d ./Core/Src/OLED.o
 .ARM.attributes
                0x00000077       0x2d ./Core/Src/gpio.o
 .ARM.attributes
                0x000000a4       0x2d ./Core/Src/main.o
 .ARM.attributes
                0x000000d1       0x2d ./Core/Src/rtc.o
 .ARM.attributes
                0x000000fe       0x2d ./Core/Src/stm32f1xx_hal_msp.o
 .ARM.attributes
                0x0000012b       0x2d ./Core/Src/stm32f1xx_it.o
 .ARM.attributes
                0x00000158       0x2d ./Core/Src/system_stm32f1xx.o
 .ARM.attributes
                0x00000185       0x21 ./Core/Startup/startup_stm32f103c8tx.o
 .ARM.attributes
                0x000001a6       0x2d ./Drivers/STM32F1xx_HAL_Driver/Src/stm32f1xx_hal.o
 .ARM.attributes
                0x000001d3       0x2d ./Drivers/STM32F1xx_HAL_Driver/Src/stm32f1xx_hal_cortex.o
 .ARM.attributes
                0x00000200       0x2d ./Drivers/STM32F1xx_HAL_Driver/Src/stm32f1xx_hal_gpio.o
 .ARM.attributes
                0x0000022d       0x2d ./Drivers/STM32F1xx_HAL_Driver/Src/stm32f1xx_hal_pwr.o
 .ARM.attributes
                0x0000025a       0x2d ./Drivers/STM32F1xx_HAL_Driver/Src/stm32f1xx_hal_rcc.o
 .ARM.attributes
                0x00000287       0x2d ./Drivers/STM32F1xx_HAL_Driver/Src/stm32f1xx_hal_rcc_ex.o
 .ARM.attributes
                0x000002b4       0x2d ./Drivers/STM32F1xx_HAL_Driver/Src/stm32f1xx_hal_rtc.o
 .ARM.attributes
                0x000002e1       0x2d C:/ST/STM32CubeIDE_1.19.0/STM32CubeIDE/plugins/com.st.stm32cube.ide.mcu.externaltools.gnu-tools-for-stm32.14.3.rel1.win32_1.0.100.202602081740/tools/bin/../lib/gcc/arm-none-eabi/14.3.1/../../../../arm-none-eabi/lib/thumb/v7-m/nofp\libc_nano.a(libc_a-memset.o)
 .ARM.attributes
                0x0000030e       0x2d C:/ST/STM32CubeIDE_1.19.0/STM32CubeIDE/plugins/com.st.stm32cube.ide.mcu.externaltools.gnu-tools-for-stm32.14.3.rel1.win32_1.0.100.202602081740/tools/bin/../lib/gcc/arm-none-eabi/14.3.1/../../../../arm-none-eabi/lib/thumb/v7-m/nofp\libc_nano.a(libc_a-init.o)
 .ARM.attributes
                0x0000033b       0x1d C:/ST/STM32CubeIDE_1.19.0/STM32CubeIDE/plugins/com.st.stm32cube.ide.mcu.externaltools.gnu-tools-for-stm32.14.3.rel1.win32_1.0.100.202602081740/tools/bin/../lib/gcc/arm-none-eabi/14.3.1/thumb/v7-m/nofp/crtn.o
OUTPUT(PWR_Stop.elf elf32-littlearm)
LOAD linker stubs
LOAD C:/ST/STM32CubeIDE_1.19.0/STM32CubeIDE/plugins/com.st.stm32cube.ide.mcu.externaltools.gnu-tools-for-stm32.14.3.rel1.win32_1.0.100.202602081740/tools/bin/../lib/gcc/arm-none-eabi/14.3.1/../../../../arm-none-eabi/lib/thumb/v7-m/nofp\libc.a
LOAD C:/ST/STM32CubeIDE_1.19.0/STM32CubeIDE/plugins/com.st.stm32cube.ide.mcu.externaltools.gnu-tools-for-stm32.14.3.rel1.win32_1.0.100.202602081740/tools/bin/../lib/gcc/arm-none-eabi/14.3.1/../../../../arm-none-eabi/lib/thumb/v7-m/nofp\libm.a
LOAD C:/ST/STM32CubeIDE_1.19.0/STM32CubeIDE/plugins/com.st.stm32cube.ide.mcu.externaltools.gnu-tools-for-stm32.14.3.rel1.win32_1.0.100.202602081740/tools/bin/../lib/gcc/arm-none-eabi/14.3.1/thumb/v7-m/nofp\libgcc.a

.debug_info     0x00000000     0x4e2c
 .debug_info    0x00000000      0x55b ./Core/Src/OLED.o
 .debug_info    0x0000055b      0x432 ./Core/Src/gpio.o
 .debug_info    0x0000098d      0x3c4 ./Core/Src/main.o
 .debug_info    0x00000d51      0x3ea ./Core/Src/rtc.o
 .debug_info    0x0000113b      0x1f1 ./Core/Src/stm32f1xx_hal_msp.o
 .debug_info    0x0000132c      0x17d ./Core/Src/stm32f1xx_it.o
 .debug_info    0x000014a9      0x3ed ./Core/Src/system_stm32f1xx.o
 .debug_info    0x00001896       0x30 ./Core/Startup/startup_stm32f103c8tx.o
 .debug_info    0x000018c6      0x704 ./Drivers/STM32F1xx_HAL_Driver/Src/stm32f1xx_hal.o
 .debug_info    0x00001fca      0xa87 ./Drivers/STM32F1xx_HAL_Driver/Src/stm32f1xx_hal_cortex.o
 .debug_info    0x00002a51      0x5ab ./Drivers/STM32F1xx_HAL_Driver/Src/stm32f1xx_hal_gpio.o
 .debug_info    0x00002ffc      0x628 ./Drivers/STM32F1xx_HAL_Driver/Src/stm32f1xx_hal_pwr.o
 .debug_info    0x00003624      0x7d5 ./Drivers/STM32F1xx_HAL_Driver/Src/stm32f1xx_hal_rcc.o
 .debug_info    0x00003df9      0x3c0 ./Drivers/STM32F1xx_HAL_Driver/Src/stm32f1xx_hal_rcc_ex.o
 .debug_info    0x000041b9      0xc73 ./Drivers/STM32F1xx_HAL_Driver/Src/stm32f1xx_hal_rtc.o

.debug_abbrev   0x00000000     0x190a
 .debug_abbrev  0x00000000      0x1d3 ./Core/Src/OLED.o
 .debug_abbrev  0x000001d3      0x161 ./Core/Src/gpio.o
 .debug_abbrev  0x00000334      0x1d5 ./Core/Src/main.o
 .debug_abbrev  0x00000509      0x1b8 ./Core/Src/rtc.o
 .debug_abbrev  0x000006c1       0xdb ./Core/Src/stm32f1xx_hal_msp.o
 .debug_abbrev  0x0000079c       0xdf ./Core/Src/stm32f1xx_it.o
 .debug_abbrev  0x0000087b      0x13d ./Core/Src/system_stm32f1xx.o
 .debug_abbrev  0x000009b8       0x24 ./Core/Startup/startup_stm32f103c8tx.o
 .debug_abbrev  0x000009dc      0x201 ./Drivers/STM32F1xx_HAL_Driver/Src/stm32f1xx_hal.o
 .debug_abbrev  0x00000bdd      0x2f8 ./Drivers/STM32F1xx_HAL_Driver/Src/stm32f1xx_hal_cortex.o
 .debug_abbrev  0x00000ed5      0x1ca ./Drivers/STM32F1xx_HAL_Driver/Src/stm32f1xx_hal_gpio.o
 .debug_abbrev  0x0000109f      0x1f6 ./Drivers/STM32F1xx_HAL_Driver/Src/stm32f1xx_hal_pwr.o
 .debug_abbrev  0x00001295      0x2b3 ./Drivers/STM32F1xx_HAL_Driver/Src/stm32f1xx_hal_rcc.o
 .debug_abbrev  0x00001548      0x188 ./Drivers/STM32F1xx_HAL_Driver/Src/stm32f1xx_hal_rcc_ex.o
 .debug_abbrev  0x000016d0      0x23a ./Drivers/STM32F1xx_HAL_Driver/Src/stm32f1xx_hal_rtc.o

.debug_aranges  0x00000000      0x690
 .debug_aranges
                0x00000000       0x98 ./Core/Src/OLED.o
 .debug_aranges
                0x00000098       0x20 ./Core/Src/gpio.o
 .debug_aranges
                0x000000b8       0x30 ./Core/Src/main.o
 .debug_aranges
                0x000000e8       0x30 ./Core/Src/rtc.o
 .debug_aranges
                0x00000118       0x20 ./Core/Src/stm32f1xx_hal_msp.o
 .debug_aranges
                0x00000138       0x70 ./Core/Src/stm32f1xx_it.o
 .debug_aranges
                0x000001a8       0x28 ./Core/Src/system_stm32f1xx.o
 .debug_aranges
                0x000001d0       0x28 ./Core/Startup/startup_stm32f103c8tx.o
 .debug_aranges
                0x000001f8       0xe0 ./Drivers/STM32F1xx_HAL_Driver/Src/stm32f1xx_hal.o
 .debug_aranges
                0x000002d8      0x100 ./Drivers/STM32F1xx_HAL_Driver/Src/stm32f1xx_hal_cortex.o
 .debug_aranges
                0x000003d8       0x58 ./Drivers/STM32F1xx_HAL_Driver/Src/stm32f1xx_hal_gpio.o
 .debug_aranges
                0x00000430       0xa8 ./Drivers/STM32F1xx_HAL_Driver/Src/stm32f1xx_hal_pwr.o
 .debug_aranges
                0x000004d8       0x90 ./Drivers/STM32F1xx_HAL_Driver/Src/stm32f1xx_hal_rcc.o
 .debug_aranges
                0x00000568       0x30 ./Drivers/STM32F1xx_HAL_Driver/Src/stm32f1xx_hal_rcc_ex.o
 .debug_aranges
                0x00000598       0xf8 ./Drivers/STM32F1xx_HAL_Driver/Src/stm32f1xx_hal_rtc.o

.debug_rnglists
                0x00000000      0x4bf
 .debug_rnglists
                0x00000000       0x71 ./Core/Src/OLED.o
 .debug_rnglists
                0x00000071       0x14 ./Core/Src/gpio.o
 .debug_rnglists
                0x00000085       0x21 ./Core/Src/main.o
 .debug_rnglists
                0x000000a6       0x1f ./Core/Src/rtc.o
 .debug_rnglists
                0x000000c5       0x13 ./Core/Src/stm32f1xx_hal_msp.o
 .debug_rnglists
                0x000000d8       0x4f ./Core/Src/stm32f1xx_it.o
 .debug_rnglists
                0x00000127       0x1a ./Core/Src/system_stm32f1xx.o
 .debug_rnglists
                0x00000141       0x19 ./Core/Startup/startup_stm32f103c8tx.o
 .debug_rnglists
                0x0000015a       0xa3 ./Drivers/STM32F1xx_HAL_Driver/Src/stm32f1xx_hal.o
 .debug_rnglists
                0x000001fd       0xbb ./Drivers/STM32F1xx_HAL_Driver/Src/stm32f1xx_hal_cortex.o
 .debug_rnglists
                0x000002b8       0x3f ./Drivers/STM32F1xx_HAL_Driver/Src/stm32f1xx_hal_gpio.o
 .debug_rnglists
                0x000002f7       0x7a ./Drivers/STM32F1xx_HAL_Driver/Src/stm32f1xx_hal_pwr.o
 .debug_rnglists
                0x00000371       0x6c ./Drivers/STM32F1xx_HAL_Driver/Src/stm32f1xx_hal_rcc.o
 .debug_rnglists
                0x000003dd       0x21 ./Drivers/STM32F1xx_HAL_Driver/Src/stm32f1xx_hal_rcc_ex.o
 .debug_rnglists
                0x000003fe       0xc1 ./Drivers/STM32F1xx_HAL_Driver/Src/stm32f1xx_hal_rtc.o

.debug_macro    0x00000000    0x1672b
 .debug_macro   0x00000000      0x1c6 ./Core/Src/OLED.o
 .debug_macro   0x000001c6      0xacc ./Core/Src/OLED.o
 .debug_macro   0x00000c92      0x215 ./Core/Src/OLED.o
 .debug_macro   0x00000ea7       0x2e ./Core/Src/OLED.o
 .debug_macro   0x00000ed5       0x22 ./Core/Src/OLED.o
 .debug_macro   0x00000ef7       0x22 ./Core/Src/OLED.o
 .debug_macro   0x00000f19       0x8e ./Core/Src/OLED.o
 .debug_macro   0x00000fa7       0x51 ./Core/Src/OLED.o
 .debug_macro   0x00000ff8      0x103 ./Core/Src/OLED.o
 .debug_macro   0x000010fb       0x6a ./Core/Src/OLED.o
 .debug_macro   0x00001165      0x1df ./Core/Src/OLED.o
 .debug_macro   0x00001344       0x1c ./Core/Src/OLED.o
 .debug_macro   0x00001360       0x22 ./Core/Src/OLED.o
 .debug_macro   0x00001382       0xbd ./Core/Src/OLED.o
 .debug_macro   0x0000143f      0xd23 ./Core/Src/OLED.o
 .debug_macro   0x00002162     0xe09e ./Core/Src/OLED.o
 .debug_macro   0x00010200       0x43 ./Core/Src/OLED.o
 .debug_macro   0x00010243     0x34a2 ./Core/Src/OLED.o
 .debug_macro   0x000136e5      0x190 ./Core/Src/OLED.o
 .debug_macro   0x00013875       0x5c ./Core/Src/OLED.o
 .debug_macro   0x000138d1      0x5bc ./Core/Src/OLED.o
 .debug_macro   0x00013e8d      0x289 ./Core/Src/OLED.o
 .debug_macro   0x00014116      0x1cb ./Core/Src/OLED.o
 .debug_macro   0x000142e1      0x114 ./Core/Src/OLED.o
 .debug_macro   0x000143f5      0x1b2 ./Core/Src/OLED.o
 .debug_macro   0x000145a7       0x27 ./Core/Src/OLED.o
 .debug_macro   0x000145ce      0x136 ./Core/Src/OLED.o
 .debug_macro   0x00014704      0x1bc ./Core/Src/OLED.o
 .debug_macro   0x000148c0       0x34 ./Core/Src/OLED.o
 .debug_macro   0x000148f4       0x3c ./Core/Src/OLED.o
 .debug_macro   0x00014930       0x57 ./Core/Src/OLED.o
 .debug_macro   0x00014987       0x87 ./Core/Src/OLED.o
 .debug_macro   0x00014a0e      0x240 ./Core/Src/OLED.o
 .debug_macro   0x00014c4e      0x140 ./Core/Src/OLED.o
 .debug_macro   0x00014d8e      0x1ef ./Core/Src/OLED.o
 .debug_macro   0x00014f7d       0xeb ./Core/Src/OLED.o
 .debug_macro   0x00015068       0x83 ./Core/Src/OLED.o
 .debug_macro   0x000150eb      0x1ac ./Core/Src/gpio.o
 .debug_macro   0x00015297      0x1c4 ./Core/Src/main.o
 .debug_macro   0x0001545b      0x1ac ./Core/Src/rtc.o
 .debug_macro   0x00015607      0x1a2 ./Core/Src/stm32f1xx_hal_msp.o
 .debug_macro   0x000157a9      0x1ac ./Core/Src/stm32f1xx_it.o
 .debug_macro   0x00015955      0x19e ./Core/Src/system_stm32f1xx.o
 .debug_macro   0x00015af3      0x1bc ./Drivers/STM32F1xx_HAL_Driver/Src/stm32f1xx_hal.o
 .debug_macro   0x00015caf      0x198 ./Drivers/STM32F1xx_HAL_Driver/Src/stm32f1xx_hal_cortex.o
 .debug_macro   0x00015e47      0x203 ./Drivers/STM32F1xx_HAL_Driver/Src/stm32f1xx_hal_gpio.o
 .debug_macro   0x0001604a      0x1f8 ./Drivers/STM32F1xx_HAL_Driver/Src/stm32f1xx_hal_pwr.o
 .debug_macro   0x00016242      0x1aa ./Drivers/STM32F1xx_HAL_Driver/Src/stm32f1xx_hal_rcc.o
 .debug_macro   0x000163ec      0x198 ./Drivers/STM32F1xx_HAL_Driver/Src/stm32f1xx_hal_rcc_ex.o
 .debug_macro   0x00016584      0x1a7 ./Drivers/STM32F1xx_HAL_Driver/Src/stm32f1xx_hal_rtc.o

.debug_line     0x00000000     0x883e
 .debug_line    0x00000000      0xa4f ./Core/Src/OLED.o
 .debug_line    0x00000a4f      0x707 ./Core/Src/gpio.o
 .debug_line    0x00001156      0x7a9 ./Core/Src/main.o
 .debug_line    0x000018ff      0x734 ./Core/Src/rtc.o
 .debug_line    0x00002033      0x6ed ./Core/Src/stm32f1xx_hal_msp.o
 .debug_line    0x00002720      0x7ce ./Core/Src/stm32f1xx_it.o
 .debug_line    0x00002eee      0x799 ./Core/Src/system_stm32f1xx.o
 .debug_line    0x00003687       0x76 ./Core/Startup/startup_stm32f103c8tx.o
 .debug_line    0x000036fd      0x99f ./Drivers/STM32F1xx_HAL_Driver/Src/stm32f1xx_hal.o
 .debug_line    0x0000409c      0xb66 ./Drivers/STM32F1xx_HAL_Driver/Src/stm32f1xx_hal_cortex.o
 .debug_line    0x00004c02      0x9f6 ./Drivers/STM32F1xx_HAL_Driver/Src/stm32f1xx_hal_gpio.o
 .debug_line    0x000055f8      0x940 ./Drivers/STM32F1xx_HAL_Driver/Src/stm32f1xx_hal_pwr.o
 .debug_line    0x00005f38      0xe55 ./Drivers/STM32F1xx_HAL_Driver/Src/stm32f1xx_hal_rcc.o
 .debug_line    0x00006d8d      0x906 ./Drivers/STM32F1xx_HAL_Driver/Src/stm32f1xx_hal_rcc_ex.o
 .debug_line    0x00007693     0x11ab ./Drivers/STM32F1xx_HAL_Driver/Src/stm32f1xx_hal_rtc.o

.debug_str      0x00000000    0x7dfde
 .debug_str     0x00000000    0x7dfde ./Core/Src/OLED.o
                              0x7c5af (size before relaxing)
 .debug_str     0x0007dfde    0x7c754 ./Core/Src/gpio.o
 .debug_str     0x0007dfde    0x7c644 ./Core/Src/main.o
 .debug_str     0x0007dfde    0x7c5bb ./Core/Src/rtc.o
 .debug_str     0x0007dfde    0x7c3d5 ./Core/Src/stm32f1xx_hal_msp.o
 .debug_str     0x0007dfde    0x7c452 ./Core/Src/stm32f1xx_it.o
 .debug_str     0x0007dfde    0x7c47a ./Core/Src/system_stm32f1xx.o
 .debug_str     0x0007dfde       0x5e ./Core/Startup/startup_stm32f103c8tx.o
 .debug_str     0x0007dfde    0x7cb33 ./Drivers/STM32F1xx_HAL_Driver/Src/stm32f1xx_hal.o
 .debug_str     0x0007dfde    0x7ca7f ./Drivers/STM32F1xx_HAL_Driver/Src/stm32f1xx_hal_cortex.o
 .debug_str     0x0007dfde    0x7c786 ./Drivers/STM32F1xx_HAL_Driver/Src/stm32f1xx_hal_gpio.o
 .debug_str     0x0007dfde    0x7c937 ./Drivers/STM32F1xx_HAL_Driver/Src/stm32f1xx_hal_pwr.o
 .debug_str     0x0007dfde    0x7c82f ./Drivers/STM32F1xx_HAL_Driver/Src/stm32f1xx_hal_rcc.o
 .debug_str     0x0007dfde    0x7c57f ./Drivers/STM32F1xx_HAL_Driver/Src/stm32f1xx_hal_rcc_ex.o
 .debug_str     0x0007dfde    0x7c90b ./Drivers/STM32F1xx_HAL_Driver/Src/stm32f1xx_hal_rtc.o

.comment        0x00000000       0x43
 .comment       0x00000000       0x43 ./Core/Src/OLED.o
                                 0x44 (size before relaxing)
 .comment       0x00000043       0x44 ./Core/Src/gpio.o
 .comment       0x00000043       0x44 ./Core/Src/main.o
 .comment       0x00000043       0x44 ./Core/Src/rtc.o
 .comment       0x00000043       0x44 ./Core/Src/stm32f1xx_hal_msp.o
 .comment       0x00000043       0x44 ./Core/Src/stm32f1xx_it.o
 .comment       0x00000043       0x44 ./Core/Src/system_stm32f1xx.o
 .comment       0x00000043       0x44 ./Drivers/STM32F1xx_HAL_Driver/Src/stm32f1xx_hal.o
 .comment       0x00000043       0x44 ./Drivers/STM32F1xx_HAL_Driver/Src/stm32f1xx_hal_cortex.o
 .comment       0x00000043       0x44 ./Drivers/STM32F1xx_HAL_Driver/Src/stm32f1xx_hal_gpio.o
 .comment       0x00000043       0x44 ./Drivers/STM32F1xx_HAL_Driver/Src/stm32f1xx_hal_pwr.o
 .comment       0x00000043       0x44 ./Drivers/STM32F1xx_HAL_Driver/Src/stm32f1xx_hal_rcc.o
 .comment       0x00000043       0x44 ./Drivers/STM32F1xx_HAL_Driver/Src/stm32f1xx_hal_rcc_ex.o
 .comment       0x00000043       0x44 ./Drivers/STM32F1xx_HAL_Driver/Src/stm32f1xx_hal_rtc.o

.debug_frame    0x00000000     0x1610
 .debug_frame   0x00000000      0x244 ./Core/Src/OLED.o
 .debug_frame   0x00000244       0x34 ./Core/Src/gpio.o
 .debug_frame   0x00000278       0x68 ./Core/Src/main.o
 .debug_frame   0x000002e0       0x74 ./Core/Src/rtc.o
 .debug_frame   0x00000354       0x34 ./Core/Src/stm32f1xx_hal_msp.o
 .debug_frame   0x00000388      0x138 ./Core/Src/stm32f1xx_it.o
 .debug_frame   0x000004c0       0x50 ./Core/Src/system_stm32f1xx.o
 .debug_frame   0x00000510      0x2e4 ./Drivers/STM32F1xx_HAL_Driver/Src/stm32f1xx_hal.o
 .debug_frame   0x000007f4      0x3f0 ./Drivers/STM32F1xx_HAL_Driver/Src/stm32f1xx_hal_cortex.o
 .debug_frame   0x00000be4      0x130 ./Drivers/STM32F1xx_HAL_Driver/Src/stm32f1xx_hal_gpio.o
 .debug_frame   0x00000d14      0x230 ./Drivers/STM32F1xx_HAL_Driver/Src/stm32f1xx_hal_pwr.o
 .debug_frame   0x00000f44      0x1f8 ./Drivers/STM32F1xx_HAL_Driver/Src/stm32f1xx_hal_rcc.o
 .debug_frame   0x0000113c       0x7c ./Drivers/STM32F1xx_HAL_Driver/Src/stm32f1xx_hal_rcc_ex.o
 .debug_frame   0x000011b8      0x40c ./Drivers/STM32F1xx_HAL_Driver/Src/stm32f1xx_hal_rtc.o
 .debug_frame   0x000015c4       0x20 C:/ST/STM32CubeIDE_1.19.0/STM32CubeIDE/plugins/com.st.stm32cube.ide.mcu.externaltools.gnu-tools-for-stm32.14.3.rel1.win32_1.0.100.202602081740/tools/bin/../lib/gcc/arm-none-eabi/14.3.1/../../../../arm-none-eabi/lib/thumb/v7-m/nofp\libc_nano.a(libc_a-memset.o)
 .debug_frame   0x000015e4       0x2c C:/ST/STM32CubeIDE_1.19.0/STM32CubeIDE/plugins/com.st.stm32cube.ide.mcu.externaltools.gnu-tools-for-stm32.14.3.rel1.win32_1.0.100.202602081740/tools/bin/../lib/gcc/arm-none-eabi/14.3.1/../../../../arm-none-eabi/lib/thumb/v7-m/nofp\libc_nano.a(libc_a-init.o)

.debug_line_str
                0x00000000       0x42
 .debug_line_str
                0x00000000       0x42 ./Core/Startup/startup_stm32f103c8tx.o
