Archive member included to satisfy reference by file (symbol)

C:/ST/STM32CubeIDE_1.19.0/STM32CubeIDE/plugins/com.st.stm32cube.ide.mcu.externaltools.gnu-tools-for-stm32.13.3.rel1.win32_1.0.100.202509120712/tools/bin/../lib/gcc/arm-none-eabi/13.3.1/../../../../arm-none-eabi/lib/thumb/v7-m/nofp\libc_nano.a(libc_a-exit.o)
                              C:/ST/STM32CubeIDE_1.19.0/STM32CubeIDE/plugins/com.st.stm32cube.ide.mcu.externaltools.gnu-tools-for-stm32.13.3.rel1.win32_1.0.100.202509120712/tools/bin/../lib/gcc/arm-none-eabi/13.3.1/../../../../arm-none-eabi/lib/thumb/v7-m/nofp/crt0.o (exit)
C:/ST/STM32CubeIDE_1.19.0/STM32CubeIDE/plugins/com.st.stm32cube.ide.mcu.externaltools.gnu-tools-for-stm32.13.3.rel1.win32_1.0.100.202509120712/tools/bin/../lib/gcc/arm-none-eabi/13.3.1/../../../../arm-none-eabi/lib/thumb/v7-m/nofp\libc_nano.a(libc_a-findfp.o)
                              C:/ST/STM32CubeIDE_1.19.0/STM32CubeIDE/plugins/com.st.stm32cube.ide.mcu.externaltools.gnu-tools-for-stm32.13.3.rel1.win32_1.0.100.202509120712/tools/bin/../lib/gcc/arm-none-eabi/13.3.1/../../../../arm-none-eabi/lib/thumb/v7-m/nofp\libc_nano.a(libc_a-exit.o) (__stdio_exit_handler)
C:/ST/STM32CubeIDE_1.19.0/STM32CubeIDE/plugins/com.st.stm32cube.ide.mcu.externaltools.gnu-tools-for-stm32.13.3.rel1.win32_1.0.100.202509120712/tools/bin/../lib/gcc/arm-none-eabi/13.3.1/../../../../arm-none-eabi/lib/thumb/v7-m/nofp\libc_nano.a(libc_a-fwalk.o)
                              C:/ST/STM32CubeIDE_1.19.0/STM32CubeIDE/plugins/com.st.stm32cube.ide.mcu.externaltools.gnu-tools-for-stm32.13.3.rel1.win32_1.0.100.202509120712/tools/bin/../lib/gcc/arm-none-eabi/13.3.1/../../../../arm-none-eabi/lib/thumb/v7-m/nofp\libc_nano.a(libc_a-findfp.o) (_fwalk_sglue)
C:/ST/STM32CubeIDE_1.19.0/STM32CubeIDE/plugins/com.st.stm32cube.ide.mcu.externaltools.gnu-tools-for-stm32.13.3.rel1.win32_1.0.100.202509120712/tools/bin/../lib/gcc/arm-none-eabi/13.3.1/../../../../arm-none-eabi/lib/thumb/v7-m/nofp\libc_nano.a(libc_a-stdio.o)
                              C:/ST/STM32CubeIDE_1.19.0/STM32CubeIDE/plugins/com.st.stm32cube.ide.mcu.externaltools.gnu-tools-for-stm32.13.3.rel1.win32_1.0.100.202509120712/tools/bin/../lib/gcc/arm-none-eabi/13.3.1/../../../../arm-none-eabi/lib/thumb/v7-m/nofp\libc_nano.a(libc_a-findfp.o) (__sread)
C:/ST/STM32CubeIDE_1.19.0/STM32CubeIDE/plugins/com.st.stm32cube.ide.mcu.externaltools.gnu-tools-for-stm32.13.3.rel1.win32_1.0.100.202509120712/tools/bin/../lib/gcc/arm-none-eabi/13.3.1/../../../../arm-none-eabi/lib/thumb/v7-m/nofp\libc_nano.a(libc_a-memset.o)
                              C:/ST/STM32CubeIDE_1.19.0/STM32CubeIDE/plugins/com.st.stm32cube.ide.mcu.externaltools.gnu-tools-for-stm32.13.3.rel1.win32_1.0.100.202509120712/tools/bin/../lib/gcc/arm-none-eabi/13.3.1/../../../../arm-none-eabi/lib/thumb/v7-m/nofp/crt0.o (memset)
C:/ST/STM32CubeIDE_1.19.0/STM32CubeIDE/plugins/com.st.stm32cube.ide.mcu.externaltools.gnu-tools-for-stm32.13.3.rel1.win32_1.0.100.202509120712/tools/bin/../lib/gcc/arm-none-eabi/13.3.1/../../../../arm-none-eabi/lib/thumb/v7-m/nofp\libc_nano.a(libc_a-closer.o)
                              C:/ST/STM32CubeIDE_1.19.0/STM32CubeIDE/plugins/com.st.stm32cube.ide.mcu.externaltools.gnu-tools-for-stm32.13.3.rel1.win32_1.0.100.202509120712/tools/bin/../lib/gcc/arm-none-eabi/13.3.1/../../../../arm-none-eabi/lib/thumb/v7-m/nofp\libc_nano.a(libc_a-stdio.o) (_close_r)
C:/ST/STM32CubeIDE_1.19.0/STM32CubeIDE/plugins/com.st.stm32cube.ide.mcu.externaltools.gnu-tools-for-stm32.13.3.rel1.win32_1.0.100.202509120712/tools/bin/../lib/gcc/arm-none-eabi/13.3.1/../../../../arm-none-eabi/lib/thumb/v7-m/nofp\libc_nano.a(libc_a-reent.o)
                              C:/ST/STM32CubeIDE_1.19.0/STM32CubeIDE/plugins/com.st.stm32cube.ide.mcu.externaltools.gnu-tools-for-stm32.13.3.rel1.win32_1.0.100.202509120712/tools/bin/../lib/gcc/arm-none-eabi/13.3.1/../../../../arm-none-eabi/lib/thumb/v7-m/nofp\libc_nano.a(libc_a-closer.o) (errno)
C:/ST/STM32CubeIDE_1.19.0/STM32CubeIDE/plugins/com.st.stm32cube.ide.mcu.externaltools.gnu-tools-for-stm32.13.3.rel1.win32_1.0.100.202509120712/tools/bin/../lib/gcc/arm-none-eabi/13.3.1/../../../../arm-none-eabi/lib/thumb/v7-m/nofp\libc_nano.a(libc_a-impure.o)
                              C:/ST/STM32CubeIDE_1.19.0/STM32CubeIDE/plugins/com.st.stm32cube.ide.mcu.externaltools.gnu-tools-for-stm32.13.3.rel1.win32_1.0.100.202509120712/tools/bin/../lib/gcc/arm-none-eabi/13.3.1/../../../../arm-none-eabi/lib/thumb/v7-m/nofp\libc_nano.a(libc_a-reent.o) (_impure_ptr)
C:/ST/STM32CubeIDE_1.19.0/STM32CubeIDE/plugins/com.st.stm32cube.ide.mcu.externaltools.gnu-tools-for-stm32.13.3.rel1.win32_1.0.100.202509120712/tools/bin/../lib/gcc/arm-none-eabi/13.3.1/../../../../arm-none-eabi/lib/thumb/v7-m/nofp\libc_nano.a(libc_a-lseekr.o)
[...]
Memory Configuration

Name             Origin             Length             Attributes
RAM              0x20000000         0x00005000         xrw
FLASH            0x08000000         0x00010000         xr
*default*        0x00000000         0xffffffff

Linker script and memory map

LOAD C:/ST/STM32CubeIDE_1.19.0/STM32CubeIDE/plugins/com.st.stm32cube.ide.mcu.externaltools.gnu-tools-for-stm32.13.3.rel1.win32_1.0.100.202509120712/tools/bin/../lib/gcc/arm-none-eabi/13.3.1/thumb/v7-m/nofp/crti.o
LOAD C:/ST/STM32CubeIDE_1.19.0/STM32CubeIDE/plugins/com.st.stm32cube.ide.mcu.externaltools.gnu-tools-for-stm32.13.3.rel1.win32_1.0.100.202509120712/tools/bin/../lib/gcc/arm-none-eabi/13.3.1/thumb/v7-m/nofp/crtbegin.o
LOAD C:/ST/STM32CubeIDE_1.19.0/STM32CubeIDE/plugins/com.st.stm32cube.ide.mcu.externaltools.gnu-tools-for-stm32.13.3.rel1.win32_1.0.100.202509120712/tools/bin/../lib/gcc/arm-none-eabi/13.3.1/../../../../arm-none-eabi/lib/thumb/v7-m/nofp/crt0.o
LOAD ./Core/Src/OLED.o
LOAD ./Core/Src/gpio.o
LOAD ./Core/Src/main.o
LOAD ./Core/Src/rtc.o
LOAD ./Core/Src/stm32f1xx_hal_msp.o
LOAD ./Core/Src/stm32f1xx_it.o
LOAD ./Core/Src/syscalls.o
LOAD ./Core/Src/sysmem.o
LOAD ./Core/Src/system_stm32f1xx.o
LOAD ./Core/Src/usart.o
LOAD ./Core/Startup/startup_stm32f103c8tx.o
LOAD ./Drivers/STM32F1xx_HAL_Driver/Src/stm32f1xx_hal.o
LOAD ./Drivers/STM32F1xx_HAL_Driver/Src/stm32f1xx_hal_cortex.o
LOAD ./Drivers/STM32F1xx_HAL_Driver/Src/stm32f1xx_hal_dma.o
LOAD ./Drivers/STM32F1xx_HAL_Driver/Src/stm32f1xx_hal_exti.o
LOAD ./Drivers/STM32F1xx_HAL_Driver/Src/stm32f1xx_hal_flash.o
LOAD ./Drivers/STM32F1xx_HAL_Driver/Src/stm32f1xx_hal_flash_ex.o
LOAD ./Drivers/STM32F1xx_HAL_Driver/Src/stm32f1xx_hal_gpio.o
LOAD ./Drivers/STM32F1xx_HAL_Driver/Src/stm32f1xx_hal_gpio_ex.o
LOAD ./Drivers/STM32F1xx_HAL_Driver/Src/stm32f1xx_hal_pwr.o
LOAD ./Drivers/STM32F1xx_HAL_Driver/Src/stm32f1xx_hal_rcc.o
LOAD ./Drivers/STM32F1xx_HAL_Driver/Src/stm32f1xx_hal_rcc_ex.o
LOAD ./Drivers/STM32F1xx_HAL_Driver/Src/stm32f1xx_hal_rtc.o
LOAD ./Drivers/STM32F1xx_HAL_Driver/Src/stm32f1xx_hal_rtc_ex.o
LOAD ./Drivers/STM32F1xx_HAL_Driver/Src/stm32f1xx_hal_uart.o
START GROUP
LOAD C:/ST/STM32CubeIDE_1.19.0/STM32CubeIDE/plugins/com.st.stm32cube.ide.mcu.externaltools.gnu-tools-for-stm32.13.3.rel1.win32_1.0.100.202509120712/tools/bin/../lib/gcc/arm-none-eabi/13.3.1/../../../../arm-none-eabi/lib/thumb/v7-m/nofp\libc_nano.a
LOAD C:/ST/STM32CubeIDE_1.19.0/STM32CubeIDE/plugins/com.st.stm32cube.ide.mcu.externaltools.gnu-tools-for-stm32.13.3.rel1.win32_1.0.100.202509120712/tools/bin/../lib/gcc/arm-none-eabi/13.3.1/../../../../arm-none-eabi/lib/thumb/v7-m/nofp\libm.a
END GROUP
START GROUP
LOAD C:/ST/STM32CubeIDE_1.19.0/STM32CubeIDE/plugins/com.st.stm32cube.ide.mcu.externaltools.gnu-tools-for-stm32.13.3.rel1.win32_1.0.100.202509120712/tools/bin/../lib/gcc/arm-none-eabi/13.3.1/thumb/v7-m/nofp\libgcc.a
LOAD C:/ST/STM32CubeIDE_1.19.0/STM32CubeIDE/plugins/com.st.stm32cube.ide.mcu.externaltools.gnu-tools-for-stm32.13.3.rel1.win32_1.0.100.202509120712/tools/bin/../lib/gcc/arm-none-eabi/13.3.1/../../../../arm-none-eabi/lib/thumb/v7-m/nofp\libc_nano.a
END GROUP
START GROUP
LOAD C:/ST/STM32CubeIDE_1.19.0/STM32CubeIDE/plugins/com.st.stm32cube.ide.mcu.externaltools.gnu-tools-for-stm32.13.3.rel1.win32_1.0.100.202509120712/tools/bin/../lib/gcc/arm-none-eabi/13.3.1/thumb/v7-m/nofp\libgcc.a
LOAD C:/ST/STM32CubeIDE_1.19.0/STM32CubeIDE/plugins/com.st.stm32cube.ide.mcu.externaltools.gnu-tools-for-stm32.13.3.rel1.win32_1.0.100.202509120712/tools/bin/../lib/gcc/arm-none-eabi/13.3.1/../../../../arm-none-eabi/lib/thumb/v7-m/nofp\libc_nano.a
LOAD C:/ST/STM32CubeIDE_1.19.0/STM32CubeIDE/plugins/com.st.stm32cube.ide.mcu.externaltools.gnu-tools-for-stm32.13.3.rel1.win32_1.0.100.202509120712/tools/bin/../lib/gcc/arm-none-eabi/13.3.1/../../../../arm-none-eabi/lib/thumb/v7-m/nofp\libnosys.a
END GROUP
START GROUP
LOAD C:/ST/STM32CubeIDE_1.19.0/STM32CubeIDE/plugins/com.st.stm32cube.ide.mcu.externaltools.gnu-tools-for-stm32.13.3.rel1.win32_1.0.100.202509120712/tools/bin/../lib/gcc/arm-none-eabi/13.3.1/thumb/v7-m/nofp\libgcc.a
LOAD C:/ST/STM32CubeIDE_1.19.0/STM32CubeIDE/plugins/com.st.stm32cube.ide.mcu.externaltools.gnu-tools-for-stm32.13.3.rel1.win32_1.0.100.202509120712/tools/bin/../lib/gcc/arm-none-eabi/13.3.1/../../../../arm-none-eabi/lib/thumb/v7-m/nofp\libc_nano.a
LOAD C:/ST/STM32CubeIDE_1.19.0/STM32CubeIDE/plugins/com.st.stm32cube.ide.mcu.externaltools.gnu-tools-for-stm32.13.3.rel1.win32_1.0.100.202509120712/tools/bin/../lib/gcc/arm-none-eabi/13.3.1/../../../../arm-none-eabi/lib/thumb/v7-m/nofp\libnosys.a
END GROUP
LOAD C:/ST/STM32CubeIDE_1.19.0/STM32CubeIDE/plugins/com.st.stm32cube.ide.mcu.externaltools.gnu-tools-for-stm32.13.3.rel1.win32_1.0.100.202509120712/tools/bin/../lib/gcc/arm-none-eabi/13.3.1/thumb/v7-m/nofp/crtend.o
LOAD C:/ST/STM32CubeIDE_1.19.0/STM32CubeIDE/plugins/com.st.stm32cube.ide.mcu.externaltools.gnu-tools-for-stm32.13.3.rel1.win32_1.0.100.202509120712/tools/bin/../lib/gcc/arm-none-eabi/13.3.1/thumb/v7-m/nofp/crtn.o
                0x20005000                        _estack = (ORIGIN (RAM) + LENGTH (RAM))
                0x00000200                        _Min_Heap_Size = 0x200
                0x00000400                        _Min_Stack_Size = 0x400

.isr_vector     0x08000000      0x10c
                0x08000000                        . = ALIGN (0x4)
 *(.isr_vector)
 .isr_vector    0x08000000      0x10c ./Core/Startup/startup_stm32f103c8tx.o
                0x08000000                g_pfnVectors
                0x0800010c                        . = ALIGN (0x4)

.text           0x0800010c     0x2a10
                0x0800010c                        . = ALIGN (0x4)
 *(.text)
 .text          0x0800010c       0x40 C:/ST/STM32CubeIDE_1.19.0/STM32CubeIDE/plugins/com.st.stm32cube.ide.mcu.externaltools.gnu-tools-for-stm32.13.3.rel1.win32_1.0.100.202509120712/tools/bin/../lib/gcc/arm-none-eabi/13.3.1/thumb/v7-m/nofp/crtbegin.o
 *(.text*)
 .text.OLED_I2C_Init
                0x0800014c       0x28 ./Core/Src/OLED.o
                0x0800014c                OLED_I2C_Init
 .text.OLED_I2C_Start
                0x08000174       0x3c ./Core/Src/OLED.o
                0x08000174                OLED_I2C_Start
 .text.OLED_I2C_Stop
                0x080001b0       0x30 ./Core/Src/OLED.o
                0x080001b0                OLED_I2C_Stop
 .text.OLED_I2C_SendByte
                0x080001e0       0x7c ./Core/Src/OLED.o
                0x080001e0                OLED_I2C_SendByte
 .text.OLED_WriteCommand
                0x0800025c       0x2e ./Core/Src/OLED.o
                0x0800025c                OLED_WriteCommand
 .text.OLED_WriteData
                0x0800028a       0x2e ./Core/Src/OLED.o
                0x0800028a                OLED_WriteData
 .text.OLED_SetCursor
                0x080002b8       0x46 ./Core/Src/OLED.o
                0x080002b8                OLED_SetCursor
 .text.OLED_Clear
                0x080002fe       0x46 ./Core/Src/OLED.o
                0x080002fe                OLED_Clear
 .text.OLED_ShowChar
                0x08000344       0xb0 ./Core/Src/OLED.o
                0x08000344                OLED_ShowChar
 .text.OLED_ShowString
                0x080003f4       0x4a ./Core/Src/OLED.o
                0x080003f4                OLED_ShowString
 .text.OLED_Pow
                0x0800043e       0x30 ./Core/Src/OLED.o
                0x0800043e                OLED_Pow
 *fill*         0x0800046e        0x2 
 .text.OLED_ShowNum
                0x08000470       0x7c ./Core/Src/OLED.o
                0x08000470                OLED_ShowNum
 .text.OLED_Init
                0x080004ec       0xc8 ./Core/Src/OLED.o
                0x080004ec                OLED_Init
 .text.MX_GPIO_Init
                0x080005b4       0x98 ./Core/Src/gpio.o
                0x080005b4                MX_GPIO_Init
 .text.HAL_UART_RxCpltCallback
                0x0800064c       0x40 ./Core/Src/main.o
                0x0800064c                HAL_UART_RxCpltCallback
 .text.main     0x0800068c       0x80 ./Core/Src/main.o
                0x0800068c                main
 .text.SystemClock_Config
                0x0800070c       0xba ./Core/Src/main.o
                0x0800070c                SystemClock_Config
 .text.Error_Handler
                0x080007c6        0xc ./Core/Src/main.o
                0x080007c6                Error_Handler
 *fill*         0x080007d2        0x2 
 .text.MX_RTC_Init
                0x080007d4       0x38 ./Core/Src/rtc.o
                0x080007d4                MX_RTC_Init
 .text.HAL_RTC_MspInit
                0x0800080c       0x48 ./Core/Src/rtc.o
                0x0800080c                HAL_RTC_MspInit
 .text.HAL_MspInit
                0x08000854       0x64 ./Core/Src/stm32f1xx_hal_msp.o
                0x08000854                HAL_MspInit
 .text.NMI_Handler
                0x080008b8        0x8 ./Core/Src/stm32f1xx_it.o
                0x080008b8                NMI_Handler
 .text.HardFault_Handler
                0x080008c0        0x8 ./Core/Src/stm32f1xx_it.o
                0x080008c0                HardFault_Handler
 .text.MemManage_Handler
                0x080008c8        0x8 ./Core/Src/stm32f1xx_it.o
                0x080008c8                MemManage_Handler
 .text.BusFault_Handler
                0x080008d0        0x8 ./Core/Src/stm32f1xx_it.o
                0x080008d0                BusFault_Handler
 .text.UsageFault_Handler
                0x080008d8        0x8 ./Core/Src/stm32f1xx_it.o
                0x080008d8                UsageFault_Handler
 .text.SVC_Handler
                0x080008e0        0xc ./Core/Src/stm32f1xx_it.o
                0x080008e0                SVC_Handler
 .text.DebugMon_Handler
                0x080008ec        0xc ./Core/Src/stm32f1xx_it.o
                0x080008ec                DebugMon_Handler
 .text.PendSV_Handler
                0x080008f8        0xc ./Core/Src/stm32f1xx_it.o
                0x080008f8                PendSV_Handler
 .text.SysTick_Handler
                0x08000904        0xc ./Core/Src/stm32f1xx_it.o
                0x08000904                SysTick_Handler
 .text.USART1_IRQHandler
                0x08000910       0x14 ./Core/Src/stm32f1xx_it.o
                0x08000910                USART1_IRQHandler
 .text.SystemInit
                0x08000924       0x68 ./Core/Src/system_stm32f1xx.o
                0x08000924                SystemInit
 .text.MX_USART1_UART_Init
                0x0800098c       0x54 ./Core/Src/usart.o
                0x0800098c                MX_USART1_UART_Init
 .text.HAL_UART_MspInit
                0x080009e0       0xa8 ./Core/Src/usart.o
                0x080009e0                HAL_UART_MspInit
 .text.Reset_Handler
                0x08000a88       0x48 ./Core/Startup/startup_stm32f103c8tx.o
                0x08000a88                Reset_Handler
 .text.Default_Handler
                0x08000ad0        0x2 ./Core/Startup/startup_stm32f103c8tx.o
                0x08000ad0                RTC_Alarm_IRQHandler
                0x08000ad0                EXTI2_IRQHandler
                0x08000ad0                TIM1_CC_IRQHandler
                0x08000ad0                PVD_IRQHandler
                0x08000ad0                EXTI3_IRQHandler
                0x08000ad0                EXTI0_IRQHandler
                0x08000ad0                I2C2_EV_IRQHandler
                0x08000ad0                ADC1_2_IRQHandler
                0x08000ad0                SPI1_IRQHandler
                0x08000ad0                TAMPER_IRQHandler
                0x08000ad0                DMA1_Channel4_IRQHandler
                0x08000ad0                USART3_IRQHandler
                0x08000ad0                RTC_IRQHandler
                0x08000ad0                DMA1_Channel7_IRQHandler
                0x08000ad0                CAN1_RX1_IRQHandler
                0x08000ad0                TIM4_IRQHandler
                0x08000ad0                I2C1_EV_IRQHandler
                0x08000ad0                DMA1_Channel6_IRQHandler
                0x08000ad0                TIM3_IRQHandler
                0x08000ad0                RCC_IRQHandler
                0x08000ad0                TIM1_TRG_COM_IRQHandler
                0x08000ad0                DMA1_Channel1_IRQHandler
                0x08000ad0                Default_Handler
                0x08000ad0                EXTI15_10_IRQHandler
                0x08000ad0                EXTI9_5_IRQHandler
                0x08000ad0                SPI2_IRQHandler
                0x08000ad0                DMA1_Channel5_IRQHandler
                0x08000ad0                EXTI4_IRQHandler
                0x08000ad0                USB_LP_CAN1_RX0_IRQHandler
                0x08000ad0                USB_HP_CAN1_TX_IRQHandler
                0x08000ad0                DMA1_Channel3_IRQHandler
                0x08000ad0                TIM1_UP_IRQHandler
                0x08000ad0                WWDG_IRQHandler
                0x08000ad0                TIM2_IRQHandler
                0x08000ad0                TIM1_BRK_IRQHandler
                0x08000ad0                EXTI1_IRQHandler
                0x08000ad0                USART2_IRQHandler
                0x08000ad0                I2C2_ER_IRQHandler
                0x08000ad0                DMA1_Channel2_IRQHandler
                0x08000ad0                CAN1_SCE_IRQHandler
                0x08000ad0                FLASH_IRQHandler
                0x08000ad0                I2C1_ER_IRQHandler
                0x08000ad0                USBWakeUp_IRQHandler
 *fill*         0x08000ad2        0x2 
 .text.HAL_Init
                0x08000ad4       0x2c ./Drivers/STM32F1xx_HAL_Driver/Src/stm32f1xx_hal.o
                0x08000ad4                HAL_Init
 .text.HAL_InitTick
                0x08000b00       0x60 ./Drivers/STM32F1xx_HAL_Driver/Src/stm32f1xx_hal.o
                0x08000b00                HAL_InitTick
 .text.HAL_IncTick
                0x08000b60       0x24 ./Drivers/STM32F1xx_HAL_Driver/Src/stm32f1xx_hal.o
                0x08000b60                HAL_IncTick
 .text.HAL_GetTick
                0x08000b84       0x14 ./Drivers/STM32F1xx_HAL_Driver/Src/stm32f1xx_hal.o
                0x08000b84                HAL_GetTick
 .text.HAL_Delay
                0x08000b98       0x48 ./Drivers/STM32F1xx_HAL_Driver/Src/stm32f1xx_hal.o
                0x08000b98                HAL_Delay
 .text.HAL_SuspendTick
                0x08000be0       0x1c ./Drivers/STM32F1xx_HAL_Driver/Src/stm32f1xx_hal.o
                0x08000be0                HAL_SuspendTick
 .text.HAL_ResumeTick
                0x08000bfc       0x1c ./Drivers/STM32F1xx_HAL_Driver/Src/stm32f1xx_hal.o
                0x08000bfc                HAL_ResumeTick
 .text.__NVIC_SetPriorityGrouping
                0x08000c18       0x48 ./Drivers/STM32F1xx_HAL_Driver/Src/stm32f1xx_hal_cortex.o
 .text.__NVIC_GetPriorityGrouping
                0x08000c60       0x1c ./Drivers/STM32F1xx_HAL_Driver/Src/stm32f1xx_hal_cortex.o
 .text.__NVIC_EnableIRQ
                0x08000c7c       0x38 ./Drivers/STM32F1xx_HAL_Driver/Src/stm32f1xx_hal_cortex.o
 .text.__NVIC_SetPriority
                0x08000cb4       0x54 ./Drivers/STM32F1xx_HAL_Driver/Src/stm32f1xx_hal_cortex.o
 .text.NVIC_EncodePriority
                0x08000d08       0x64 ./Drivers/STM32F1xx_HAL_Driver/Src/stm32f1xx_hal_cortex.o
 .text.SysTick_Config
                0x08000d6c       0x44 ./Drivers/STM32F1xx_HAL_Driver/Src/stm32f1xx_hal_cortex.o
 .text.HAL_NVIC_SetPriorityGrouping
                0x08000db0       0x16 ./Drivers/STM32F1xx_HAL_Driver/Src/stm32f1xx_hal_cortex.o
                0x08000db0                HAL_NVIC_SetPriorityGrouping
 .text.HAL_NVIC_SetPriority
                0x08000dc6       0x38 ./Drivers/STM32F1xx_HAL_Driver/Src/stm32f1xx_hal_cortex.o
                0x08000dc6                HAL_NVIC_SetPriority
 .text.HAL_NVIC_EnableIRQ
                0x08000dfe       0x1c ./Drivers/STM32F1xx_HAL_Driver/Src/stm32f1xx_hal_cortex.o
                0x08000dfe                HAL_NVIC_EnableIRQ
 .text.HAL_SYSTICK_Config
                0x08000e1a       0x18 ./Drivers/STM32F1xx_HAL_Driver/Src/stm32f1xx_hal_cortex.o
                0x08000e1a                HAL_SYSTICK_Config
 .text.HAL_DMA_Abort
                0x08000e32       0x76 ./Drivers/STM32F1xx_HAL_Driver/Src/stm32f1xx_hal_dma.o
                0x08000e32                HAL_DMA_Abort
 .text.HAL_DMA_Abort_IT
                0x08000ea8       0xf0 ./Drivers/STM32F1xx_HAL_Driver/Src/stm32f1xx_hal_dma.o
                0x08000ea8                HAL_DMA_Abort_IT
 .text.HAL_GPIO_Init
                0x08000f98      0x308 ./Drivers/STM32F1xx_HAL_Driver/Src/stm32f1xx_hal_gpio.o
                0x08000f98                HAL_GPIO_Init
 .text.HAL_GPIO_WritePin
                0x080012a0       0x30 ./Drivers/STM32F1xx_HAL_Driver/Src/stm32f1xx_hal_gpio.o
                0x080012a0                HAL_GPIO_WritePin
 .text.HAL_PWR_EnableBkUpAccess
                0x080012d0       0x18 ./Drivers/STM32F1xx_HAL_Driver/Src/stm32f1xx_hal_pwr.o
                0x080012d0                HAL_PWR_EnableBkUpAccess
 .text.HAL_PWR_EnterSLEEPMode
                0x080012e8       0x38 ./Drivers/STM32F1xx_HAL_Driver/Src/stm32f1xx_hal_pwr.o
                0x080012e8                HAL_PWR_EnterSLEEPMode
 .text.HAL_RCC_OscConfig
                0x08001320      0x504 ./Drivers/STM32F1xx_HAL_Driver/Src/stm32f1xx_hal_rcc.o
                0x08001320                HAL_RCC_OscConfig
 .text.HAL_RCC_ClockConfig
                0x08001824      0x1d4 ./Drivers/STM32F1xx_HAL_Driver/Src/stm32f1xx_hal_rcc.o
                0x08001824                HAL_RCC_ClockConfig
 .text.HAL_RCC_GetSysClockFreq
                0x080019f8       0xa8 ./Drivers/STM32F1xx_HAL_Driver/Src/stm32f1xx_hal_rcc.o
                0x080019f8                HAL_RCC_GetSysClockFreq
 .text.HAL_RCC_GetHCLKFreq
                0x08001aa0       0x14 ./Drivers/STM32F1xx_HAL_Driver/Src/stm32f1xx_hal_rcc.o
                0x08001aa0                HAL_RCC_GetHCLKFreq
 .text.HAL_RCC_GetPCLK1Freq
                0x08001ab4       0x28 ./Drivers/STM32F1xx_HAL_Driver/Src/stm32f1xx_hal_rcc.o
                0x08001ab4                HAL_RCC_GetPCLK1Freq
 .text.HAL_RCC_GetPCLK2Freq
                0x08001adc       0x28 ./Drivers/STM32F1xx_HAL_Driver/Src/stm32f1xx_hal_rcc.o
                0x08001adc                HAL_RCC_GetPCLK2Freq
 .text.RCC_Delay
                0x08001b04       0x3c ./Drivers/STM32F1xx_HAL_Driver/Src/stm32f1xx_hal_rcc.o
 .text.HAL_RCCEx_PeriphCLKConfig
                0x08001b40      0x16c ./Drivers/STM32F1xx_HAL_Driver/Src/stm32f1xx_hal_rcc_ex.o
                0x08001b40                HAL_RCCEx_PeriphCLKConfig
 .text.HAL_RCCEx_GetPeriphCLKFreq
                0x08001cac      0x16c ./Drivers/STM32F1xx_HAL_Driver/Src/stm32f1xx_hal_rcc_ex.o
                0x08001cac                HAL_RCCEx_GetPeriphCLKFreq
 .text.HAL_RTC_Init
                0x08001e18      0x118 ./Drivers/STM32F1xx_HAL_Driver/Src/stm32f1xx_hal_rtc.o
                0x08001e18                HAL_RTC_Init
 .text.HAL_RTC_WaitForSynchro
                0x08001f30       0x5a ./Drivers/STM32F1xx_HAL_Driver/Src/stm32f1xx_hal_rtc.o
                0x08001f30                HAL_RTC_WaitForSynchro
 .text.RTC_EnterInitMode
                0x08001f8a       0x50 ./Drivers/STM32F1xx_HAL_Driver/Src/stm32f1xx_hal_rtc.o
 .text.RTC_ExitInitMode
                0x08001fda       0x50 ./Drivers/STM32F1xx_HAL_Driver/Src/stm32f1xx_hal_rtc.o
 .text.HAL_UART_Init
                0x0800202a       0xa0 ./Drivers/STM32F1xx_HAL_Driver/Src/stm32f1xx_hal_uart.o
                0x0800202a                HAL_UART_Init
 .text.HAL_UART_Transmit
                0x080020ca      0x116 ./Drivers/STM32F1xx_HAL_Driver/Src/stm32f1xx_hal_uart.o
                0x080020ca                HAL_UART_Transmit
 .text.HAL_UART_Receive_IT
                0x080021e0       0x4a ./Drivers/STM32F1xx_HAL_Driver/Src/stm32f1xx_hal_uart.o
                0x080021e0                HAL_UART_Receive_IT
 *fill*         0x0800222a        0x2 
 .text.HAL_UART_IRQHandler
                0x0800222c      0x360 ./Drivers/STM32F1xx_HAL_Driver/Src/stm32f1xx_hal_uart.o
                0x0800222c                HAL_UART_IRQHandler
 .text.HAL_UART_TxCpltCallback
                0x0800258c       0x12 ./Drivers/STM32F1xx_HAL_Driver/Src/stm32f1xx_hal_uart.o
                0x0800258c                HAL_UART_TxCpltCallback
 .text.HAL_UART_ErrorCallback
                0x0800259e       0x12 ./Drivers/STM32F1xx_HAL_Driver/Src/stm32f1xx_hal_uart.o
                0x0800259e                HAL_UART_ErrorCallback
 .text.HAL_UARTEx_RxEventCallback
                0x080025b0       0x16 ./Drivers/STM32F1xx_HAL_Driver/Src/stm32f1xx_hal_uart.o
                0x080025b0                HAL_UARTEx_RxEventCallback
 .text.UART_WaitOnFlagUntilTimeout
                0x080025c6       0xb2 ./Drivers/STM32F1xx_HAL_Driver/Src/stm32f1xx_hal_uart.o
 .text.UART_Start_Receive_IT
                0x08002678       0x72 ./Drivers/STM32F1xx_HAL_Driver/Src/stm32f1xx_hal_uart.o
                0x08002678                UART_Start_Receive_IT
 .text.UART_EndRxTransfer
                0x080026ea       0x58 ./Drivers/STM32F1xx_HAL_Driver/Src/stm32f1xx_hal_uart.o
 .text.UART_DMAAbortOnError
                0x08002742       0x28 ./Drivers/STM32F1xx_HAL_Driver/Src/stm32f1xx_hal_uart.o
 .text.UART_Transmit_IT
                0x0800276a       0x9e ./Drivers/STM32F1xx_HAL_Driver/Src/stm32f1xx_hal_uart.o
 .text.UART_EndTransmit_IT
                0x08002808       0x30 ./Drivers/STM32F1xx_HAL_Driver/Src/stm32f1xx_hal_uart.o
 .text.UART_Receive_IT
                0x08002838      0x158 ./Drivers/STM32F1xx_HAL_Driver/Src/stm32f1xx_hal_uart.o
 .text.UART_SetConfig
                0x08002990      0x11c ./Drivers/STM32F1xx_HAL_Driver/Src/stm32f1xx_hal_uart.o
 .text.memset   0x08002aac       0x10 C:/ST/STM32CubeIDE_1.19.0/STM32CubeIDE/plugins/com.st.stm32cube.ide.mcu.externaltools.gnu-tools-for-stm32.13.3.rel1.win32_1.0.100.202509120712/tools/bin/../lib/gcc/arm-none-eabi/13.3.1/../../../../arm-none-eabi/lib/thumb/v7-m/nofp\libc_nano.a(libc_a-memset.o)
                0x08002aac                memset
 .text.__libc_init_array
                0x08002abc       0x48 C:/ST/STM32CubeIDE_1.19.0/STM32CubeIDE/plugins/com.st.stm32cube.ide.mcu.externaltools.gnu-tools-for-stm32.13.3.rel1.win32_1.0.100.202509120712/tools/bin/../lib/gcc/arm-none-eabi/13.3.1/../../../../arm-none-eabi/lib/thumb/v7-m/nofp\libc_nano.a(libc_a-init.o)
                0x08002abc                __libc_init_array
 *(.glue_7)
 .glue_7        0x08002b04        0x0 linker stubs
 *(.glue_7t)
 .glue_7t       0x08002b04        0x0 linker stubs
 *(.eh_frame)
 .eh_frame      0x08002b04        0x0 C:/ST/STM32CubeIDE_1.19.0/STM32CubeIDE/plugins/com.st.stm32cube.ide.mcu.externaltools.gnu-tools-for-stm32.13.3.rel1.win32_1.0.100.202509120712/tools/bin/../lib/gcc/arm-none-eabi/13.3.1/thumb/v7-m/nofp/crtbegin.o
 *(.init)
 .init          0x08002b04        0x4 C:/ST/STM32CubeIDE_1.19.0/STM32CubeIDE/plugins/com.st.stm32cube.ide.mcu.externaltools.gnu-tools-for-stm32.13.3.rel1.win32_1.0.100.202509120712/tools/bin/../lib/gcc/arm-none-eabi/13.3.1/thumb/v7-m/nofp/crti.o
                0x08002b04                _init
 .init          0x08002b08        0x8 C:/ST/STM32CubeIDE_1.19.0/STM32CubeIDE/plugins/com.st.stm32cube.ide.mcu.externaltools.gnu-tools-for-stm32.13.3.rel1.win32_1.0.100.202509120712/tools/bin/../lib/gcc/arm-none-eabi/13.3.1/thumb/v7-m/nofp/crtn.o
 *(.fini)
 .fini          0x08002b10        0x4 C:/ST/STM32CubeIDE_1.19.0/STM32CubeIDE/plugins/com.st.stm32cube.ide.mcu.externaltools.gnu-tools-for-stm32.13.3.rel1.win32_1.0.100.202509120712/tools/bin/../lib/gcc/arm-none-eabi/13.3.1/thumb/v7-m/nofp/crti.o
                0x08002b10                _fini
 .fini          0x08002b14        0x8 C:/ST/STM32CubeIDE_1.19.0/STM32CubeIDE/plugins/com.st.stm32cube.ide.mcu.externaltools.gnu-tools-for-stm32.13.3.rel1.win32_1.0.100.202509120712/tools/bin/../lib/gcc/arm-none-eabi/13.3.1/thumb/v7-m/nofp/crtn.o
                0x08002b1c                        . = ALIGN (0x4)
                0x08002b1c                        _etext = .

.vfp11_veneer   0x08002b1c        0x0
 .vfp11_veneer  0x08002b1c        0x0 linker stubs

.v4_bx          0x08002b1c        0x0
 .v4_bx         0x08002b1c        0x0 linker stubs

.iplt           0x08002b1c        0x0
 .iplt          0x08002b1c        0x0 C:/ST/STM32CubeIDE_1.19.0/STM32CubeIDE/plugins/com.st.stm32cube.ide.mcu.externaltools.gnu-tools-for-stm32.13.3.rel1.win32_1.0.100.202509120712/tools/bin/../lib/gcc/arm-none-eabi/13.3.1/thumb/v7-m/nofp/crtbegin.o

.rodata         0x08002b1c      0x640
                0x08002b1c                        . = ALIGN (0x4)
 *(.rodata)
 .rodata        0x08002b1c        0xf ./Core/Src/main.o
 *(.rodata*)
 *fill*         0x08002b2b        0x1 
 .rodata.OLED_F8x16
                0x08002b2c      0x5f0 ./Core/Src/OLED.o
                0x08002b2c                OLED_F8x16
 .rodata.AHBPrescTable
                0x0800311c       0x10 ./Core/Src/system_stm32f1xx.o
                0x0800311c                AHBPrescTable
 .rodata.APBPrescTable
                0x0800312c        0x8 ./Core/Src/system_stm32f1xx.o
                0x0800312c                APBPrescTable
 .rodata.aPLLMULFactorTable.1
                0x08003134       0x10 ./Drivers/STM32F1xx_HAL_Driver/Src/stm32f1xx_hal_rcc.o
 .rodata.aPredivFactorTable.0
                0x08003144        0x2 ./Drivers/STM32F1xx_HAL_Driver/Src/stm32f1xx_hal_rcc.o
 *fill*         0x08003146        0x2 
 .rodata.aPLLMULFactorTable.1
                0x08003148       0x10 ./Drivers/STM32F1xx_HAL_Driver/Src/stm32f1xx_hal_rcc_ex.o
 .rodata.aPredivFactorTable.0
                0x08003158        0x2 ./Drivers/STM32F1xx_HAL_Driver/Src/stm32f1xx_hal_rcc_ex.o
                0x0800315c                        . = ALIGN (0x4)
 *fill*         0x0800315a        0x2 

.ARM.extab      0x0800315c        0x0
                0x0800315c                        . = ALIGN (0x4)
 *(.ARM.extab* .gnu.linkonce.armextab.*)
                0x0800315c                        . = ALIGN (0x4)

.ARM            0x0800315c        0x0
                0x0800315c                        . = ALIGN (0x4)
                0x0800315c                        __exidx_start = .
 *(.ARM.exidx*)
                0x0800315c                        __exidx_end = .
                0x0800315c                        . = ALIGN (0x4)

.preinit_array  0x0800315c        0x0
                0x0800315c                        . = ALIGN (0x4)
                0x0800315c                        PROVIDE (__preinit_array_start = .)
 *(.preinit_array*)
                0x0800315c                        PROVIDE (__preinit_array_end = .)
                0x0800315c                        . = ALIGN (0x4)

.init_array     0x0800315c        0x4
                0x0800315c                        . = ALIGN (0x4)
                0x0800315c                        PROVIDE (__init_array_start = .)
 *(SORT_BY_NAME(.init_array.*))
 *(.init_array*)
 .init_array    0x0800315c        0x4 C:/ST/STM32CubeIDE_1.19.0/STM32CubeIDE/plugins/com.st.stm32cube.ide.mcu.externaltools.gnu-tools-for-stm32.13.3.rel1.win32_1.0.100.202509120712/tools/bin/../lib/gcc/arm-none-eabi/13.3.1/thumb/v7-m/nofp/crtbegin.o
                0x08003160                        PROVIDE (__init_array_end = .)
                0x08003160                        . = ALIGN (0x4)

.fini_array     0x08003160        0x4
                0x08003160                        . = ALIGN (0x4)
                [!provide]                        PROVIDE (__fini_array_start = .)
 *(SORT_BY_NAME(.fini_array.*))
 *(.fini_array*)
 .fini_array    0x08003160        0x4 C:/ST/STM32CubeIDE_1.19.0/STM32CubeIDE/plugins/com.st.stm32cube.ide.mcu.externaltools.gnu-tools-for-stm32.13.3.rel1.win32_1.0.100.202509120712/tools/bin/../lib/gcc/arm-none-eabi/13.3.1/thumb/v7-m/nofp/crtbegin.o
                [!provide]                        PROVIDE (__fini_array_end = .)
                0x08003164                        . = ALIGN (0x4)
                0x08003164                        _sidata = LOADADDR (.data)

.rel.dyn        0x08003164        0x0
 .rel.iplt      0x08003164        0x0 C:/ST/STM32CubeIDE_1.19.0/STM32CubeIDE/plugins/com.st.stm32cube.ide.mcu.externaltools.gnu-tools-for-stm32.13.3.rel1.win32_1.0.100.202509120712/tools/bin/../lib/gcc/arm-none-eabi/13.3.1/thumb/v7-m/nofp/crtbegin.o

.data           0x20000000        0xc load address 0x08003164
                0x20000000                        . = ALIGN (0x4)
                0x20000000                        _sdata = .
 *(.data)
 *(.data*)
 .data.SystemCoreClock
                0x20000000        0x4 ./Core/Src/system_stm32f1xx.o
                0x20000000                SystemCoreClock
 .data.uwTickPrio
                0x20000004        0x4 ./Drivers/STM32F1xx_HAL_Driver/Src/stm32f1xx_hal.o
                0x20000004                uwTickPrio
 .data.uwTickFreq
                0x20000008        0x1 ./Drivers/STM32F1xx_HAL_Driver/Src/stm32f1xx_hal.o
                0x20000008                uwTickFreq
 *(.RamFunc)
 *(.RamFunc*)
                0x2000000c                        . = ALIGN (0x4)
 *fill*         0x20000009        0x3 
                0x2000000c                        _edata = .

.igot.plt       0x2000000c        0x0 load address 0x08003170
 .igot.plt      0x2000000c        0x0 C:/ST/STM32CubeIDE_1.19.0/STM32CubeIDE/plugins/com.st.stm32cube.ide.mcu.externaltools.gnu-tools-for-stm32.13.3.rel1.win32_1.0.100.202509120712/tools/bin/../lib/gcc/arm-none-eabi/13.3.1/thumb/v7-m/nofp/crtbegin.o
                0x2000000c                        . = ALIGN (0x4)

.bss            0x2000000c       0x80 load address 0x08003170
                0x2000000c                        _sbss = .
                0x2000000c                        __bss_start__ = _sbss
 *(.bss)
 .bss           0x2000000c       0x1c C:/ST/STM32CubeIDE_1.19.0/STM32CubeIDE/plugins/com.st.stm32cube.ide.mcu.externaltools.gnu-tools-for-stm32.13.3.rel1.win32_1.0.100.202509120712/tools/bin/../lib/gcc/arm-none-eabi/13.3.1/thumb/v7-m/nofp/crtbegin.o
 *(.bss*)
 .bss.RXData    0x20000028        0x1 ./Core/Src/main.o
                0x20000028                RXData
 *fill*         0x20000029        0x3 
 .bss.hrtc      0x2000002c       0x14 ./Core/Src/rtc.o
                0x2000002c                hrtc
 .bss.huart1    0x20000040       0x48 ./Core/Src/usart.o
                0x20000040                huart1
 .bss.uwTick    0x20000088        0x4 ./Drivers/STM32F1xx_HAL_Driver/Src/stm32f1xx_hal.o
                0x20000088                uwTick
 *(COMMON)
                0x2000008c                        . = ALIGN (0x4)
                0x2000008c                        _ebss = .
                0x2000008c                        __bss_end__ = _ebss

._user_heap_stack
                0x2000008c      0x604 load address 0x08003170
                0x20000090                        . = ALIGN (0x8)
 *fill*         0x2000008c        0x4 
                [!provide]                        PROVIDE (end = .)
                0x20000090                        PROVIDE (_end = .)
                0x20000290                        . = (. + _Min_Heap_Size)
 *fill*         0x20000090      0x200 
                0x20000690                        . = (. + _Min_Stack_Size)
 *fill*         0x20000290      0x400 
                0x20000690                        . = ALIGN (0x8)

/DISCARD/
 libc.a(*)
 libm.a(*)
 libgcc.a(*)

.ARM.attributes
                0x00000000       0x29
 *(.ARM.attributes)
 .ARM.attributes
                0x00000000       0x1d C:/ST/STM32CubeIDE_1.19.0/STM32CubeIDE/plugins/com.st.stm32cube.ide.mcu.externaltools.gnu-tools-for-stm32.13.3.rel1.win32_1.0.100.202509120712/tools/bin/../lib/gcc/arm-none-eabi/13.3.1/thumb/v7-m/nofp/crti.o
 .ARM.attributes
                0x0000001d       0x2d C:/ST/STM32CubeIDE_1.19.0/STM32CubeIDE/plugins/com.st.stm32cube.ide.mcu.externaltools.gnu-tools-for-stm32.13.3.rel1.win32_1.0.100.202509120712/tools/bin/../lib/gcc/arm-none-eabi/13.3.1/thumb/v7-m/nofp/crtbegin.o
 .ARM.attributes
                0x0000004a       0x2d ./Core/Src/OLED.o
 .ARM.attributes
                0x00000077       0x2d ./Core/Src/gpio.o
 .ARM.attributes
                0x000000a4       0x2d ./Core/Src/main.o
 .ARM.attributes
                0x000000d1       0x2d ./Core/Src/rtc.o
 .ARM.attributes
                0x000000fe       0x2d ./Core/Src/stm32f1xx_hal_msp.o
 .ARM.attributes
                0x0000012b       0x2d ./Core/Src/stm32f1xx_it.o
 .ARM.attributes
                0x00000158       0x2d ./Core/Src/system_stm32f1xx.o
 .ARM.attributes
                0x00000185       0x2d ./Core/Src/usart.o
 .ARM.attributes
                0x000001b2       0x21 ./Core/Startup/startup_stm32f103c8tx.o
 .ARM.attributes
                0x000001d3       0x2d ./Drivers/STM32F1xx_HAL_Driver/Src/stm32f1xx_hal.o
 .ARM.attributes
                0x00000200       0x2d ./Drivers/STM32F1xx_HAL_Driver/Src/stm32f1xx_hal_cortex.o
 .ARM.attributes
                0x0000022d       0x2d ./Drivers/STM32F1xx_HAL_Driver/Src/stm32f1xx_hal_dma.o
 .ARM.attributes
                0x0000025a       0x2d ./Drivers/STM32F1xx_HAL_Driver/Src/stm32f1xx_hal_gpio.o
 .ARM.attributes
                0x00000287       0x2d ./Drivers/STM32F1xx_HAL_Driver/Src/stm32f1xx_hal_pwr.o
 .ARM.attributes
                0x000002b4       0x2d ./Drivers/STM32F1xx_HAL_Driver/Src/stm32f1xx_hal_rcc.o
 .ARM.attributes
                0x000002e1       0x2d ./Drivers/STM32F1xx_HAL_Driver/Src/stm32f1xx_hal_rcc_ex.o
 .ARM.attributes
                0x0000030e       0x2d ./Drivers/STM32F1xx_HAL_Driver/Src/stm32f1xx_hal_rtc.o
 .ARM.attributes
                0x0000033b       0x2d ./Drivers/STM32F1xx_HAL_Driver/Src/stm32f1xx_hal_uart.o
 .ARM.attributes
                0x00000368       0x2d C:/ST/STM32CubeIDE_1.19.0/STM32CubeIDE/plugins/com.st.stm32cube.ide.mcu.externaltools.gnu-tools-for-stm32.13.3.rel1.win32_1.0.100.202509120712/tools/bin/../lib/gcc/arm-none-eabi/13.3.1/../../../../arm-none-eabi/lib/thumb/v7-m/nofp\libc_nano.a(libc_a-memset.o)
 .ARM.attributes
                0x00000395       0x2d C:/ST/STM32CubeIDE_1.19.0/STM32CubeIDE/plugins/com.st.stm32cube.ide.mcu.externaltools.gnu-tools-for-stm32.13.3.rel1.win32_1.0.100.202509120712/tools/bin/../lib/gcc/arm-none-eabi/13.3.1/../../../../arm-none-eabi/lib/thumb/v7-m/nofp\libc_nano.a(libc_a-init.o)
 .ARM.attributes
                0x000003c2       0x1d C:/ST/STM32CubeIDE_1.19.0/STM32CubeIDE/plugins/com.st.stm32cube.ide.mcu.externaltools.gnu-tools-for-stm32.13.3.rel1.win32_1.0.100.202509120712/tools/bin/../lib/gcc/arm-none-eabi/13.3.1/thumb/v7-m/nofp/crtn.o
OUTPUT(PWR_Sleep.elf elf32-littlearm)
LOAD linker stubs
LOAD C:/ST/STM32CubeIDE_1.19.0/STM32CubeIDE/plugins/com.st.stm32cube.ide.mcu.externaltools.gnu-tools-for-stm32.13.3.rel1.win32_1.0.100.202509120712/tools/bin/../lib/gcc/arm-none-eabi/13.3.1/../../../../arm-none-eabi/lib/thumb/v7-m/nofp\libc.a
LOAD C:/ST/STM32CubeIDE_1.19.0/STM32CubeIDE/plugins/com.st.stm32cube.ide.mcu.externaltools.gnu-tools-for-stm32.13.3.rel1.win32_1.0.100.202509120712/tools/bin/../lib/gcc/arm-none-eabi/13.3.1/../../../../arm-none-eabi/lib/thumb/v7-m/nofp\libm.a
LOAD C:/ST/STM32CubeIDE_1.19.0/STM32CubeIDE/plugins/com.st.stm32cube.ide.mcu.externaltools.gnu-tools-for-stm32.13.3.rel1.win32_1.0.100.202509120712/tools/bin/../lib/gcc/arm-none-eabi/13.3.1/thumb/v7-m/nofp\libgcc.a

.debug_info     0x00000000     0x7b46
 .debug_info    0x00000000      0x55b ./Core/Src/OLED.o
 .debug_info    0x0000055b      0x2b7 ./Core/Src/gpio.o
 .debug_info    0x00000812      0x8cb ./Core/Src/main.o
 .debug_info    0x000010dd      0x3ea ./Core/Src/rtc.o
 .debug_info    0x000014c7      0x1f1 ./Core/Src/stm32f1xx_hal_msp.o
 .debug_info    0x000016b8      0x5eb ./Core/Src/stm32f1xx_it.o
 .debug_info    0x00001ca3      0x3ed ./Core/Src/system_stm32f1xx.o
 .debug_info    0x00002090      0x92a ./Core/Src/usart.o
 .debug_info    0x000029ba       0x30 ./Core/Startup/startup_stm32f103c8tx.o
 .debug_info    0x000029ea      0x704 ./Drivers/STM32F1xx_HAL_Driver/Src/stm32f1xx_hal.o
 .debug_info    0x000030ee      0xa87 ./Drivers/STM32F1xx_HAL_Driver/Src/stm32f1xx_hal_cortex.o
 .debug_info    0x00003b75      0x6d2 ./Drivers/STM32F1xx_HAL_Driver/Src/stm32f1xx_hal_dma.o
 .debug_info    0x00004247      0x5ab ./Drivers/STM32F1xx_HAL_Driver/Src/stm32f1xx_hal_gpio.o
 .debug_info    0x000047f2      0x628 ./Drivers/STM32F1xx_HAL_Driver/Src/stm32f1xx_hal_pwr.o
 .debug_info    0x00004e1a      0x7d5 ./Drivers/STM32F1xx_HAL_Driver/Src/stm32f1xx_hal_rcc.o
 .debug_info    0x000055ef      0x3c0 ./Drivers/STM32F1xx_HAL_Driver/Src/stm32f1xx_hal_rcc_ex.o
 .debug_info    0x000059af      0xc73 ./Drivers/STM32F1xx_HAL_Driver/Src/stm32f1xx_hal_rtc.o
 .debug_info    0x00006622     0x1524 ./Drivers/STM32F1xx_HAL_Driver/Src/stm32f1xx_hal_uart.o

.debug_abbrev   0x00000000     0x209f
 .debug_abbrev  0x00000000      0x1d3 ./Core/Src/OLED.o
 .debug_abbrev  0x000001d3      0x13f ./Core/Src/gpio.o
 .debug_abbrev  0x00000312      0x252 ./Core/Src/main.o
 .debug_abbrev  0x00000564      0x1b8 ./Core/Src/rtc.o
 .debug_abbrev  0x0000071c       0xdb ./Core/Src/stm32f1xx_hal_msp.o
 .debug_abbrev  0x000007f7      0x176 ./Core/Src/stm32f1xx_it.o
 .debug_abbrev  0x0000096d      0x13d ./Core/Src/system_stm32f1xx.o
 .debug_abbrev  0x00000aaa      0x205 ./Core/Src/usart.o
 .debug_abbrev  0x00000caf       0x24 ./Core/Startup/startup_stm32f103c8tx.o
 .debug_abbrev  0x00000cd3      0x201 ./Drivers/STM32F1xx_HAL_Driver/Src/stm32f1xx_hal.o
 .debug_abbrev  0x00000ed4      0x2f8 ./Drivers/STM32F1xx_HAL_Driver/Src/stm32f1xx_hal_cortex.o
 .debug_abbrev  0x000011cc      0x20b ./Drivers/STM32F1xx_HAL_Driver/Src/stm32f1xx_hal_dma.o
 .debug_abbrev  0x000013d7      0x1ca ./Drivers/STM32F1xx_HAL_Driver/Src/stm32f1xx_hal_gpio.o
 .debug_abbrev  0x000015a1      0x1f6 ./Drivers/STM32F1xx_HAL_Driver/Src/stm32f1xx_hal_pwr.o
 .debug_abbrev  0x00001797      0x2b3 ./Drivers/STM32F1xx_HAL_Driver/Src/stm32f1xx_hal_rcc.o
 .debug_abbrev  0x00001a4a      0x188 ./Drivers/STM32F1xx_HAL_Driver/Src/stm32f1xx_hal_rcc_ex.o
 .debug_abbrev  0x00001bd2      0x23a ./Drivers/STM32F1xx_HAL_Driver/Src/stm32f1xx_hal_rtc.o
 .debug_abbrev  0x00001e0c      0x293 ./Drivers/STM32F1xx_HAL_Driver/Src/stm32f1xx_hal_uart.o

.debug_aranges  0x00000000      0x948
 .debug_aranges
                0x00000000       0x98 ./Core/Src/OLED.o
 .debug_aranges
                0x00000098       0x20 ./Core/Src/gpio.o
 .debug_aranges
                0x000000b8       0x38 ./Core/Src/main.o
 .debug_aranges
                0x000000f0       0x30 ./Core/Src/rtc.o
 .debug_aranges
                0x00000120       0x20 ./Core/Src/stm32f1xx_hal_msp.o
 .debug_aranges
                0x00000140       0x68 ./Core/Src/stm32f1xx_it.o
 .debug_aranges
                0x000001a8       0x28 ./Core/Src/system_stm32f1xx.o
 .debug_aranges
                0x000001d0       0x30 ./Core/Src/usart.o
 .debug_aranges
                0x00000200       0x28 ./Core/Startup/startup_stm32f103c8tx.o
 .debug_aranges
                0x00000228       0xe0 ./Drivers/STM32F1xx_HAL_Driver/Src/stm32f1xx_hal.o
 .debug_aranges
                0x00000308      0x100 ./Drivers/STM32F1xx_HAL_Driver/Src/stm32f1xx_hal_cortex.o
 .debug_aranges
                0x00000408       0x80 ./Drivers/STM32F1xx_HAL_Driver/Src/stm32f1xx_hal_dma.o
 .debug_aranges
                0x00000488       0x58 ./Drivers/STM32F1xx_HAL_Driver/Src/stm32f1xx_hal_gpio.o
 .debug_aranges
                0x000004e0       0xa8 ./Drivers/STM32F1xx_HAL_Driver/Src/stm32f1xx_hal_pwr.o
 .debug_aranges
                0x00000588       0x90 ./Drivers/STM32F1xx_HAL_Driver/Src/stm32f1xx_hal_rcc.o
 .debug_aranges
                0x00000618       0x30 ./Drivers/STM32F1xx_HAL_Driver/Src/stm32f1xx_hal_rcc_ex.o
 .debug_aranges
                0x00000648       0xf8 ./Drivers/STM32F1xx_HAL_Driver/Src/stm32f1xx_hal_rtc.o
 .debug_aranges
                0x00000740      0x208 ./Drivers/STM32F1xx_HAL_Driver/Src/stm32f1xx_hal_uart.o

.debug_rnglists
                0x00000000      0x6fc
 .debug_rnglists
                0x00000000       0x71 ./Core/Src/OLED.o
 .debug_rnglists
                0x00000071       0x14 ./Core/Src/gpio.o
 .debug_rnglists
                0x00000085       0x27 ./Core/Src/main.o
 .debug_rnglists
                0x000000ac       0x1f ./Core/Src/rtc.o
 .debug_rnglists
                0x000000cb       0x13 ./Core/Src/stm32f1xx_hal_msp.o
 .debug_rnglists
                0x000000de       0x49 ./Core/Src/stm32f1xx_it.o
 .debug_rnglists
                0x00000127       0x1a ./Core/Src/system_stm32f1xx.o
 .debug_rnglists
                0x00000141       0x20 ./Core/Src/usart.o
 .debug_rnglists
                0x00000161       0x19 ./Core/Startup/startup_stm32f103c8tx.o
 .debug_rnglists
                0x0000017a       0xa3 ./Drivers/STM32F1xx_HAL_Driver/Src/stm32f1xx_hal.o
 .debug_rnglists
                0x0000021d       0xbb ./Drivers/STM32F1xx_HAL_Driver/Src/stm32f1xx_hal_cortex.o
 .debug_rnglists
                0x000002d8       0x64 ./Drivers/STM32F1xx_HAL_Driver/Src/stm32f1xx_hal_dma.o
 .debug_rnglists
                0x0000033c       0x3f ./Drivers/STM32F1xx_HAL_Driver/Src/stm32f1xx_hal_gpio.o
 .debug_rnglists
                0x0000037b       0x7a ./Drivers/STM32F1xx_HAL_Driver/Src/stm32f1xx_hal_pwr.o
 .debug_rnglists
                0x000003f5       0x6c ./Drivers/STM32F1xx_HAL_Driver/Src/stm32f1xx_hal_rcc.o
 .debug_rnglists
                0x00000461       0x21 ./Drivers/STM32F1xx_HAL_Driver/Src/stm32f1xx_hal_rcc_ex.o
 .debug_rnglists
                0x00000482       0xc1 ./Drivers/STM32F1xx_HAL_Driver/Src/stm32f1xx_hal_rtc.o
 .debug_rnglists
                0x00000543      0x1b9 ./Drivers/STM32F1xx_HAL_Driver/Src/stm32f1xx_hal_uart.o

.debug_macro    0x00000000    0x16f50
 .debug_macro   0x00000000      0x1d0 ./Core/Src/OLED.o
 .debug_macro   0x000001d0      0xacc ./Core/Src/OLED.o
 .debug_macro   0x00000c9c      0x21b ./Core/Src/OLED.o
 .debug_macro   0x00000eb7       0x2e ./Core/Src/OLED.o
 .debug_macro   0x00000ee5       0x22 ./Core/Src/OLED.o
 .debug_macro   0x00000f07       0x22 ./Core/Src/OLED.o
 .debug_macro   0x00000f29       0x8e ./Core/Src/OLED.o
 .debug_macro   0x00000fb7       0x51 ./Core/Src/OLED.o
 .debug_macro   0x00001008      0x103 ./Core/Src/OLED.o
 .debug_macro   0x0000110b       0x6a ./Core/Src/OLED.o
 .debug_macro   0x00001175      0x1df ./Core/Src/OLED.o
 .debug_macro   0x00001354       0x1c ./Core/Src/OLED.o
 .debug_macro   0x00001370       0x22 ./Core/Src/OLED.o
 .debug_macro   0x00001392       0xbd ./Core/Src/OLED.o
 .debug_macro   0x0000144f      0xd23 ./Core/Src/OLED.o
 .debug_macro   0x00002172     0xe09e ./Core/Src/OLED.o
 .debug_macro   0x00010210       0x43 ./Core/Src/OLED.o
 .debug_macro   0x00010253     0x34a2 ./Core/Src/OLED.o
 .debug_macro   0x000136f5      0x190 ./Core/Src/OLED.o
 .debug_macro   0x00013885       0x5c ./Core/Src/OLED.o
 .debug_macro   0x000138e1      0x5bc ./Core/Src/OLED.o
 .debug_macro   0x00013e9d      0x289 ./Core/Src/OLED.o
 .debug_macro   0x00014126      0x1cb ./Core/Src/OLED.o
 .debug_macro   0x000142f1      0x114 ./Core/Src/OLED.o
 .debug_macro   0x00014405      0x1b2 ./Core/Src/OLED.o
 .debug_macro   0x000145b7       0x27 ./Core/Src/OLED.o
 .debug_macro   0x000145de      0x136 ./Core/Src/OLED.o
 .debug_macro   0x00014714      0x1bc ./Core/Src/OLED.o
 .debug_macro   0x000148d0       0x34 ./Core/Src/OLED.o
 .debug_macro   0x00014904       0x3c ./Core/Src/OLED.o
 .debug_macro   0x00014940       0x57 ./Core/Src/OLED.o
 .debug_macro   0x00014997       0x87 ./Core/Src/OLED.o
 .debug_macro   0x00014a1e      0x240 ./Core/Src/OLED.o
 .debug_macro   0x00014c5e      0x140 ./Core/Src/OLED.o
 .debug_macro   0x00014d9e      0x1ef ./Core/Src/OLED.o
 .debug_macro   0x00014f8d       0xeb ./Core/Src/OLED.o
 .debug_macro   0x00015078      0x28e ./Core/Src/OLED.o
 .debug_macro   0x00015306       0x83 ./Core/Src/OLED.o
 .debug_macro   0x00015389      0x1b6 ./Core/Src/gpio.o
 .debug_macro   0x0001553f      0x1d8 ./Core/Src/main.o
 .debug_macro   0x00015717      0x1b6 ./Core/Src/rtc.o
 .debug_macro   0x000158cd      0x1ac ./Core/Src/stm32f1xx_hal_msp.o
 .debug_macro   0x00015a79      0x1b6 ./Core/Src/stm32f1xx_it.o
 .debug_macro   0x00015c2f      0x1a8 ./Core/Src/system_stm32f1xx.o
 .debug_macro   0x00015dd7      0x1b6 ./Core/Src/usart.o
 .debug_macro   0x00015f8d      0x1c6 ./Drivers/STM32F1xx_HAL_Driver/Src/stm32f1xx_hal.o
 .debug_macro   0x00016153      0x1a2 ./Drivers/STM32F1xx_HAL_Driver/Src/stm32f1xx_hal_cortex.o
 .debug_macro   0x000162f5      0x1a2 ./Drivers/STM32F1xx_HAL_Driver/Src/stm32f1xx_hal_dma.o
 .debug_macro   0x00016497      0x20d ./Drivers/STM32F1xx_HAL_Driver/Src/stm32f1xx_hal_gpio.o
 .debug_macro   0x000166a4      0x202 ./Drivers/STM32F1xx_HAL_Driver/Src/stm32f1xx_hal_pwr.o
 .debug_macro   0x000168a6      0x1b4 ./Drivers/STM32F1xx_HAL_Driver/Src/stm32f1xx_hal_rcc.o
 .debug_macro   0x00016a5a      0x1a2 ./Drivers/STM32F1xx_HAL_Driver/Src/stm32f1xx_hal_rcc_ex.o
 .debug_macro   0x00016bfc      0x1b1 ./Drivers/STM32F1xx_HAL_Driver/Src/stm32f1xx_hal_rtc.o
 .debug_macro   0x00016dad      0x1a3 ./Drivers/STM32F1xx_HAL_Driver/Src/stm32f1xx_hal_uart.o

.debug_line     0x00000000     0xb7d9
 .debug_line    0x00000000      0xa67 ./Core/Src/OLED.o
 .debug_line    0x00000a67      0x713 ./Core/Src/gpio.o
 .debug_line    0x0000117a      0x7e2 ./Core/Src/main.o
 .debug_line    0x0000195c      0x74c ./Core/Src/rtc.o
 .debug_line    0x000020a8      0x705 ./Core/Src/stm32f1xx_hal_msp.o
 .debug_line    0x000027ad      0x7cb ./Core/Src/stm32f1xx_it.o
 .debug_line    0x00002f78      0x7b1 ./Core/Src/system_stm32f1xx.o
 .debug_line    0x00003729      0x77b ./Core/Src/usart.o
 .debug_line    0x00003ea4       0x76 ./Core/Startup/startup_stm32f103c8tx.o
 .debug_line    0x00003f1a      0x9b4 ./Drivers/STM32F1xx_HAL_Driver/Src/stm32f1xx_hal.o
 .debug_line    0x000048ce      0xb7e ./Drivers/STM32F1xx_HAL_Driver/Src/stm32f1xx_hal_cortex.o
 .debug_line    0x0000544c      0xdbe ./Drivers/STM32F1xx_HAL_Driver/Src/stm32f1xx_hal_dma.o
 .debug_line    0x0000620a      0xa11 ./Drivers/STM32F1xx_HAL_Driver/Src/stm32f1xx_hal_gpio.o
 .debug_line    0x00006c1b      0x958 ./Drivers/STM32F1xx_HAL_Driver/Src/stm32f1xx_hal_pwr.o
 .debug_line    0x00007573      0xe6d ./Drivers/STM32F1xx_HAL_Driver/Src/stm32f1xx_hal_rcc.o
 .debug_line    0x000083e0      0x91e ./Drivers/STM32F1xx_HAL_Driver/Src/stm32f1xx_hal_rcc_ex.o
 .debug_line    0x00008cfe     0x11c3 ./Drivers/STM32F1xx_HAL_Driver/Src/stm32f1xx_hal_rtc.o
 .debug_line    0x00009ec1     0x1918 ./Drivers/STM32F1xx_HAL_Driver/Src/stm32f1xx_hal_uart.o

.debug_str      0x00000000    0x80845
 .debug_str     0x00000000    0x80845 ./Core/Src/OLED.o
                              0x7e21a (size before relaxing)
 .debug_str     0x00080845        0x0 ./Core/Src/gpio.o
                              0x7e0b8 (size before relaxing)
 .debug_str     0x00080845        0x0 ./Core/Src/main.o
                              0x7e6f8 (size before relaxing)
 .debug_str     0x00080845        0x0 ./Core/Src/rtc.o
                              0x7e226 (size before relaxing)
 .debug_str     0x00080845        0x0 ./Core/Src/stm32f1xx_hal_msp.o
                              0x7e040 (size before relaxing)
 .debug_str     0x00080845        0x0 ./Core/Src/stm32f1xx_it.o
                              0x7e490 (size before relaxing)
 .debug_str     0x00080845        0x0 ./Core/Src/system_stm32f1xx.o
                              0x7e0e5 (size before relaxing)
 .debug_str     0x00080845        0x0 ./Core/Src/usart.o
                              0x7e81b (size before relaxing)
 .debug_str     0x00080845        0x0 ./Core/Startup/startup_stm32f103c8tx.o
                                 0x81 (size before relaxing)
 .debug_str     0x00080845        0x0 ./Drivers/STM32F1xx_HAL_Driver/Src/stm32f1xx_hal.o
                              0x7e79e (size before relaxing)
 .debug_str     0x00080845        0x0 ./Drivers/STM32F1xx_HAL_Driver/Src/stm32f1xx_hal_cortex.o
                              0x7e6ea (size before relaxing)
 .debug_str     0x00080845        0x0 ./Drivers/STM32F1xx_HAL_Driver/Src/stm32f1xx_hal_dma.o
                              0x7e414 (size before relaxing)
 .debug_str     0x00080845        0x0 ./Drivers/STM32F1xx_HAL_Driver/Src/stm32f1xx_hal_gpio.o
                              0x7e3f1 (size before relaxing)
 .debug_str     0x00080845        0x0 ./Drivers/STM32F1xx_HAL_Driver/Src/stm32f1xx_hal_pwr.o
                              0x7e5a2 (size before relaxing)
 .debug_str     0x00080845        0x0 ./Drivers/STM32F1xx_HAL_Driver/Src/stm32f1xx_hal_rcc.o
                              0x7e49a (size before relaxing)
 .debug_str     0x00080845        0x0 ./Drivers/STM32F1xx_HAL_Driver/Src/stm32f1xx_hal_rcc_ex.o
                              0x7e1ea (size before relaxing)
 .debug_str     0x00080845        0x0 ./Drivers/STM32F1xx_HAL_Driver/Src/stm32f1xx_hal_rtc.o
                              0x7e576 (size before relaxing)
 .debug_str     0x00080845        0x0 ./Drivers/STM32F1xx_HAL_Driver/Src/stm32f1xx_hal_uart.o
                              0x7eae7 (size before relaxing)

.comment        0x00000000       0x43
 .comment       0x00000000       0x43 ./Core/Src/OLED.o
                                 0x44 (size before relaxing)
 .comment       0x00000043        0x0 ./Core/Src/gpio.o
                                 0x44 (size before relaxing)
 .comment       0x00000043        0x0 ./Core/Src/main.o
                                 0x44 (size before relaxing)
 .comment       0x00000043        0x0 ./Core/Src/rtc.o
                                 0x44 (size before relaxing)
 .comment       0x00000043        0x0 ./Core/Src/stm32f1xx_hal_msp.o
                                 0x44 (size before relaxing)
 .comment       0x00000043        0x0 ./Core/Src/stm32f1xx_it.o
                                 0x44 (size before relaxing)
 .comment       0x00000043        0x0 ./Core/Src/system_stm32f1xx.o
                                 0x44 (size before relaxing)
 .comment       0x00000043        0x0 ./Core/Src/usart.o
                                 0x44 (size before relaxing)
 .comment       0x00000043        0x0 ./Drivers/STM32F1xx_HAL_Driver/Src/stm32f1xx_hal.o
                                 0x44 (size before relaxing)
 .comment       0x00000043        0x0 ./Drivers/STM32F1xx_HAL_Driver/Src/stm32f1xx_hal_cortex.o
                                 0x44 (size before relaxing)
 .comment       0x00000043        0x0 ./Drivers/STM32F1xx_HAL_Driver/Src/stm32f1xx_hal_dma.o
                                 0x44 (size before relaxing)
 .comment       0x00000043        0x0 ./Drivers/STM32F1xx_HAL_Driver/Src/stm32f1xx_hal_gpio.o
                                 0x44 (size before relaxing)
 .comment       0x00000043        0x0 ./Drivers/STM32F1xx_HAL_Driver/Src/stm32f1xx_hal_pwr.o
                                 0x44 (size before relaxing)
 .comment       0x00000043        0x0 ./Drivers/STM32F1xx_HAL_Driver/Src/stm32f1xx_hal_rcc.o
                                 0x44 (size before relaxing)
 .comment       0x00000043        0x0 ./Drivers/STM32F1xx_HAL_Driver/Src/stm32f1xx_hal_rcc_ex.o
                                 0x44 (size before relaxing)
 .comment       0x00000043        0x0 ./Drivers/STM32F1xx_HAL_Driver/Src/stm32f1xx_hal_rtc.o
                                 0x44 (size before relaxing)
 .comment       0x00000043        0x0 ./Drivers/STM32F1xx_HAL_Driver/Src/stm32f1xx_hal_uart.o
                                 0x44 (size before relaxing)

.debug_frame    0x00000000     0x2318
 .debug_frame   0x00000000      0x248 ./Core/Src/OLED.o
 .debug_frame   0x00000248       0x34 ./Core/Src/gpio.o
 .debug_frame   0x0000027c       0x8c ./Core/Src/main.o
 .debug_frame   0x00000308       0x78 ./Core/Src/rtc.o
 .debug_frame   0x00000380       0x38 ./Core/Src/stm32f1xx_hal_msp.o
 .debug_frame   0x000003b8      0x120 ./Core/Src/stm32f1xx_it.o
 .debug_frame   0x000004d8       0x58 ./Core/Src/system_stm32f1xx.o
 .debug_frame   0x00000530       0x74 ./Core/Src/usart.o
 .debug_frame   0x000005a4      0x334 ./Drivers/STM32F1xx_HAL_Driver/Src/stm32f1xx_hal.o
 .debug_frame   0x000008d8      0x428 ./Drivers/STM32F1xx_HAL_Driver/Src/stm32f1xx_hal_cortex.o
 .debug_frame   0x00000d00      0x208 ./Drivers/STM32F1xx_HAL_Driver/Src/stm32f1xx_hal_dma.o
 .debug_frame   0x00000f08      0x14c ./Drivers/STM32F1xx_HAL_Driver/Src/stm32f1xx_hal_gpio.o
 .debug_frame   0x00001054      0x270 ./Drivers/STM32F1xx_HAL_Driver/Src/stm32f1xx_hal_pwr.o
 .debug_frame   0x000012c4      0x218 ./Drivers/STM32F1xx_HAL_Driver/Src/stm32f1xx_hal_rcc.o
 .debug_frame   0x000014dc       0x80 ./Drivers/STM32F1xx_HAL_Driver/Src/stm32f1xx_hal_rcc_ex.o
 .debug_frame   0x0000155c      0x434 ./Drivers/STM32F1xx_HAL_Driver/Src/stm32f1xx_hal_rtc.o
 .debug_frame   0x00001990      0x93c ./Drivers/STM32F1xx_HAL_Driver/Src/stm32f1xx_hal_uart.o
 .debug_frame   0x000022cc       0x20 C:/ST/STM32CubeIDE_1.19.0/STM32CubeIDE/plugins/com.st.stm32cube.ide.mcu.externaltools.gnu-tools-for-stm32.13.3.rel1.win32_1.0.100.202509120712/tools/bin/../lib/gcc/arm-none-eabi/13.3.1/../../../../arm-none-eabi/lib/thumb/v7-m/nofp\libc_nano.a(libc_a-memset.o)
 .debug_frame   0x000022ec       0x2c C:/ST/STM32CubeIDE_1.19.0/STM32CubeIDE/plugins/com.st.stm32cube.ide.mcu.externaltools.gnu-tools-for-stm32.13.3.rel1.win32_1.0.100.202509120712/tools/bin/../lib/gcc/arm-none-eabi/13.3.1/../../../../arm-none-eabi/lib/thumb/v7-m/nofp\libc_nano.a(libc_a-init.o)

.debug_line_str
                0x00000000       0x65
 .debug_line_str
                0x00000000       0x65 ./Core/Startup/startup_stm32f103c8tx.o
