../Core/Src/OLED.c:10:6:OLED_I2C_Init	8	static
../Core/Src/OLED.c:22:6:OLED_I2C_Start	8	static
../Core/Src/OLED.c:35:6:OLED_I2C_Stop	8	static
../Core/Src/OLED.c:47:6:OLED_I2C_SendByte	24	static
../Core/Src/OLED.c:65:6:OLED_WriteCommand	16	static
../Core/Src/OLED.c:79:6:OLED_WriteData	16	static
../Core/Src/OLED.c:94:6:OLED_SetCursor	16	static
../Core/Src/OLED.c:106:6:OLED_Clear	16	static
../Core/Src/OLED.c:126:6:OLED_ShowChar	24	static
../Core/Src/OLED.c:148:6:OLED_ShowString	24	static
../Core/Src/OLED.c:161:10:OLED_Pow	24	static
../Core/Src/OLED.c:179:6:OLED_ShowNum	32	static
../Core/Src/OLED.c:196:6:OLED_ShowSignedNum	32	static
../Core/Src/OLED.c:224:6:OLED_ShowHexNum	24	static
../Core/Src/OLED.c:249:6:OLED_ShowBinNum	32	static
../Core/Src/OLED.c:263:6:OLED_Init	16	static
