../Core/Src/OLED.c:98:6:OLED_W_SCL	24	static
../Core/Src/OLED.c:112:6:OLED_W_SDA	24	static
../Core/Src/OLED.c:125:6:OLED_GPIO_Init	16	static
../Core/Src/OLED.c:149:6:OLED_I2C_Start	8	static
../Core/Src/OLED.c:162:6:OLED_I2C_Stop	8	static
../Core/Src/OLED.c:174:6:OLED_I2C_SendByte	24	static
../Core/Src/OLED.c:197:6:OLED_WriteCommand	16	static
../Core/Src/OLED.c:212:6:OLED_WriteData	24	static
../Core/Src/OLED.c:238:6:OLED_Init	8	static
../Core/Src/OLED.c:292:6:OLED_SetCursor	16	static
../Core/Src/OLED.c:319:10:OLED_Pow	24	static
../Core/Src/OLED.c:336:9:OLED_pnpoly	32	static
../Core/Src/OLED.c:360:9:OLED_IsInAngle	32	static
../Core/Src/OLED.c:397:6:OLED_Update	16	static
../Core/Src/OLED.c:424:6:OLED_UpdateArea	32	static
../Core/Src/OLED.c:458:6:OLED_Clear	16	static
../Core/Src/OLED.c:479:6:OLED_ClearArea	24	static
../Core/Src/OLED.c:501:6:OLED_Reverse	16	static
../Core/Src/OLED.c:522:6:OLED_ReverseArea	24	static
../Core/Src/OLED.c:549:6:OLED_ShowChar	32	static
../Core/Src/OLED.c:578:6:OLED_ShowString	48	static
../Core/Src/OLED.c:701:6:OLED_ShowNum	40	static
../Core/Src/OLED.c:725:6:OLED_ShowSignedNum	40	static
../Core/Src/OLED.c:762:6:OLED_ShowHexNum	32	static
../Core/Src/OLED.c:797:6:OLED_ShowBinNum	40	static
../Core/Src/OLED.c:822:6:OLED_ShowFloatNum	56	static
../Core/Src/OLED.c:863:6:OLED_ShowImage	32	static
../Core/Src/OLED.c:921:6:OLED_Printf	284	static
../Core/Src/OLED.c:938:6:OLED_DrawPoint	16	static
../Core/Src/OLED.c:953:9:OLED_GetPoint	16	static
../Core/Src/OLED.c:976:6:OLED_DrawLine	56	static
../Core/Src/OLED.c:1090:6:OLED_DrawRectangle	32	static
../Core/Src/OLED.c:1137:6:OLED_DrawTriangle	64	static
../Core/Src/OLED.c:1192:6:OLED_DrawCircle	32	static
../Core/Src/OLED.c:1276:6:OLED_DrawEllipse	56	static
../Core/Src/OLED.c:1389:6:OLED_DrawArc	32	static
