../u8g2/mui.c:87:9:mui_get_fds_char	16	static
../u8g2/mui.c:98:15:mui_fds_get_cmd_size_without_text	24	static
../u8g2/mui.c:128:15:mui_fds_parse_text	32	static
../u8g2/mui.c:182:9:mui_fds_first_token	16	static
../u8g2/mui.c:194:9:mui_fds_next_token	24	static
../u8g2/mui.c:232:9:mui_fds_get_nth_token	16	static
../u8g2/mui.c:251:9:mui_fds_get_token_cnt	24	static
../u8g2/mui.c:276:15:mui_fds_get_cmd_size	24	static
../u8g2/mui.c:293:6:mui_Init	24	static
../u8g2/mui.c:304:12:mui_find_uif	24	static
../u8g2/mui.c:330:16:mui_prepare_current_field	24	static
../u8g2/mui.c:422:13:mui_inner_loop_over_form	24	static
../u8g2/mui.c:449:13:mui_loop_over_form	16	static
../u8g2/mui.c:464:15:mui_find_form	24	static
../u8g2/mui.c:491:16:mui_task_draw	16	static
../u8g2/mui.c:498:16:mui_task_form_start	16	static
../u8g2/mui.c:504:16:mui_task_form_end	16	static
../u8g2/mui.c:511:16:mui_uif_is_cursor_selectable	16	static
../u8g2/mui.c:520:16:mui_task_find_prev_cursor_uif	16	static
../u8g2/mui.c:535:16:mui_task_find_first_cursor_uif	16	static
../u8g2/mui.c:549:16:mui_task_find_last_cursor_uif	16	static
../u8g2/mui.c:560:16:mui_task_find_next_cursor_uif	16	static
../u8g2/mui.c:579:16:mui_task_get_current_cursor_focus_position	16	static
../u8g2/mui.c:605:16:mui_task_find_execute_on_select_field	16	static
../u8g2/mui.c:619:16:mui_send_cursor_msg	16	static
../u8g2/mui.c:642:9:mui_GetCurrentCursorFocusPosition	16	static
../u8g2/mui.c:652:6:mui_Draw	16	static
../u8g2/mui.c:657:13:mui_next_field	16	static
../u8g2/mui.c:681:9:mui_GetSelectableFieldTextOption	40	static
../u8g2/mui.c:703:9:mui_GetSelectableFieldOptionCnt	32	static
../u8g2/mui.c:728:16:mui_send_cursor_enter_msg	16	static
../u8g2/mui.c:738:6:mui_EnterForm	24	static
../u8g2/mui.c:781:6:mui_LeaveForm	16	static
../u8g2/mui.c:799:9:mui_GotoForm	24	static
../u8g2/mui.c:812:6:mui_SaveFormWithCursorPosition	32	static
../u8g2/mui.c:837:6:mui_SaveForm	16	static
../u8g2/mui.c:848:9:mui_RestoreForm	24	static
../u8g2/mui.c:865:6:mui_SaveCursorPosition	24	static
../u8g2/mui.c:902:9:mui_GotoFormAutoCursorPosition	24	static
../u8g2/mui.c:916:5:mui_GetCurrentFormId	16	static
../u8g2/mui.c:929:6:mui_NextField	16	static
../u8g2/mui.c:946:6:mui_PrevField	16	static
../u8g2/mui.c:966:6:mui_SendSelect	16	static
../u8g2/mui.c:979:6:mui_SendSelectWithExecuteOnSelectFieldSearch	24	static
../u8g2/mui.c:998:6:mui_SendValueIncrement	16	static
../u8g2/mui.c:1003:6:mui_SendValueDecrement	16	static
